
> ecom@1.0.0 test
> npm run test:frontend & npm run test:backend --coverage authHelper.test.js


> ecom@1.0.0 test:frontend
> node --experimental-vm-modules node_modules/jest/bin/jest.js --config jest.frontend.config.js


> ecom@1.0.0 test:backend
> node --experimental-vm-modules node_modules/jest/bin/jest.js --config jest.backend.config.js authHelper.test.js

  console.log
    Error: data and salt arguments required
        at Object.hash (/Users/jaryl/cs4218-2420-ecom-project-team24/node_modules/bcrypt/bcrypt.js:137:17)
        at /Users/jaryl/cs4218-2420-ecom-project-team24/node_modules/bcrypt/promises.js:29:12
        at new Promise (<anonymous>)
        at Object.<anonymous>.module.exports.promise (/Users/jaryl/cs4218-2420-ecom-project-team24/node_modules/bcrypt/promises.js:20:12)
        at Object.hash (/Users/jaryl/cs4218-2420-ecom-project-team24/node_modules/bcrypt/bcrypt.js:133:25)
        at hash (/Users/jaryl/cs4218-2420-ecom-project-team24/helpers/authHelper.js:6:45)
        at Object.<anonymous> (/Users/jaryl/cs4218-2420-ecom-project-team24/helpers/authHelper.test.js:33:30)
        at Promise.then.completed (/Users/jaryl/cs4218-2420-ecom-project-team24/node_modules/jest-circus/build/utils.js:298:28)
        at new Promise (<anonymous>)
        at callAsyncCircusFn (/Users/jaryl/cs4218-2420-ecom-project-team24/node_modules/jest-circus/build/utils.js:231:10)
        at _callCircusTest (/Users/jaryl/cs4218-2420-ecom-project-team24/node_modules/jest-circus/build/run.js:316:40)
        at _runTest (/Users/jaryl/cs4218-2420-ecom-project-team24/node_modules/jest-circus/build/run.js:252:3)
        at _runTestsForDescribeBlock (/Users/jaryl/cs4218-2420-ecom-project-team24/node_modules/jest-circus/build/run.js:126:9)
        at _runTestsForDescribeBlock (/Users/jaryl/cs4218-2420-ecom-project-team24/node_modules/jest-circus/build/run.js:121:9)
        at run (/Users/jaryl/cs4218-2420-ecom-project-team24/node_modules/jest-circus/build/run.js:71:3)
        at runAndTransformResultsToJestFormat (/Users/jaryl/cs4218-2420-ecom-project-team24/node_modules/jest-circus/build/legacy-code-todo-rewrite/jestAdapterInit.js:122:21)
        at jestAdapter (/Users/jaryl/cs4218-2420-ecom-project-team24/node_modules/jest-circus/build/legacy-code-todo-rewrite/jestAdapter.js:79:19)
        at runTestInternal (/Users/jaryl/cs4218-2420-ecom-project-team24/node_modules/jest-runner/build/runTest.js:367:16)
        at runTest (/Users/jaryl/cs4218-2420-ecom-project-team24/node_modules/jest-runner/build/runTest.js:444:34)

      at log (helpers/authHelper.js:10:17)

PASS backend helpers/authHelper.test.js
  Password Hashing and Comparison
    ✓ hashPassword should return a hashed password (60 ms)
    ✓ comparePassword should return true for correct password (102 ms)
    ✓ comparePassword should return false for incorrect password (99 ms)
    ✓ hashPassword should throw an error when given no password (14 ms)

PASS frontend client/src/pages/admin/AdminDashboard.test.js
-----------------------------|---------|----------|---------|---------|-------------------
File                         | % Stmts | % Branch | % Funcs | % Lines | Uncovered Line #s 
-----------------------------|---------|----------|---------|---------|-------------------
All files                    |    0.85 |        0 |     0.8 |    0.87 |                   
 controllers                 |       0 |        0 |       0 |       0 |                   
  authController.js          |       0 |        0 |       0 |       0 | 7-251             
  authController.test.js     |       0 |      100 |       0 |       0 | 17-759            
  categoryController.js      |       0 |        0 |       0 |       0 | 3-109             
  categoryController.test.js |       0 |      100 |       0 |       0 | 12-240            
  productController.js       |       0 |        0 |       0 |       0 | 10-375            
  productController.test.js  |       0 |        0 |       0 |       0 | 25-874            
 helpers                     |     100 |      100 |     100 |     100 |                   
  authHelper.js              |     100 |      100 |     100 |     100 |                   
 middlewares                 |       0 |        0 |       0 |       0 |                   
  authMiddleware.js          |       0 |        0 |       0 |       0 | 5-32              
  authMiddleware.test.js     |       0 |      100 |       0 |       0 | 5-86              
-----------------------------|---------|----------|---------|---------|-------------------
Jest: "global" coverage threshold for lines (100%) not met: 0.87%
Jest: "global" coverage threshold for functions (100%) not met: 0.8%
Test Suites: 1 passed, 1 total
Tests:       4 passed, 4 total
Snapshots:   0 total
Time:        1.806 s
Ran all test suites matching /authHelper.test.js/i.
PASS frontend client/src/pages/CartPage.test.js
  ● Console

    console.log
      Error: Failed to fetch token
          at Object.<anonymous> (/Users/jaryl/cs4218-2420-ecom-project-team24/client/src/pages/CartPage.test.js:224:37)
          at Promise.then.completed (/Users/jaryl/cs4218-2420-ecom-project-team24/node_modules/jest-circus/build/utils.js:298:28)
          at new Promise (<anonymous>)
          at callAsyncCircusFn (/Users/jaryl/cs4218-2420-ecom-project-team24/node_modules/jest-circus/build/utils.js:231:10)
          at _callCircusTest (/Users/jaryl/cs4218-2420-ecom-project-team24/node_modules/jest-circus/build/run.js:316:40)
          at processTicksAndRejections (node:internal/process/task_queues:95:5)
          at _runTest (/Users/jaryl/cs4218-2420-ecom-project-team24/node_modules/jest-circus/build/run.js:252:3)
          at _runTestsForDescribeBlock (/Users/jaryl/cs4218-2420-ecom-project-team24/node_modules/jest-circus/build/run.js:126:9)
          at _runTestsForDescribeBlock (/Users/jaryl/cs4218-2420-ecom-project-team24/node_modules/jest-circus/build/run.js:121:9)
          at run (/Users/jaryl/cs4218-2420-ecom-project-team24/node_modules/jest-circus/build/run.js:71:3)
          at runAndTransformResultsToJestFormat (/Users/jaryl/cs4218-2420-ecom-project-team24/node_modules/jest-circus/build/legacy-code-todo-rewrite/jestAdapterInit.js:122:21)
          at jestAdapter (/Users/jaryl/cs4218-2420-ecom-project-team24/node_modules/jest-circus/build/legacy-code-todo-rewrite/jestAdapter.js:79:19)
          at runTestInternal (/Users/jaryl/cs4218-2420-ecom-project-team24/node_modules/jest-runner/build/runTest.js:367:16)
          at runTest (/Users/jaryl/cs4218-2420-ecom-project-team24/node_modules/jest-runner/build/runTest.js:444:34)
          at Object.worker (/Users/jaryl/cs4218-2420-ecom-project-team24/node_modules/jest-runner/build/testWorker.js:106:12)

      at log (client/src/pages/CartPage.js:54:15)

    console.log
      Error: Payment failed
          at Object.<anonymous> (/Users/jaryl/cs4218-2420-ecom-project-team24/client/src/pages/CartPage.test.js:255:38)
          at Promise.then.completed (/Users/jaryl/cs4218-2420-ecom-project-team24/node_modules/jest-circus/build/utils.js:298:28)
          at new Promise (<anonymous>)
          at callAsyncCircusFn (/Users/jaryl/cs4218-2420-ecom-project-team24/node_modules/jest-circus/build/utils.js:231:10)
          at _callCircusTest (/Users/jaryl/cs4218-2420-ecom-project-team24/node_modules/jest-circus/build/run.js:316:40)
          at processTicksAndRejections (node:internal/process/task_queues:95:5)
          at _runTest (/Users/jaryl/cs4218-2420-ecom-project-team24/node_modules/jest-circus/build/run.js:252:3)
          at _runTestsForDescribeBlock (/Users/jaryl/cs4218-2420-ecom-project-team24/node_modules/jest-circus/build/run.js:126:9)
          at _runTestsForDescribeBlock (/Users/jaryl/cs4218-2420-ecom-project-team24/node_modules/jest-circus/build/run.js:121:9)
          at run (/Users/jaryl/cs4218-2420-ecom-project-team24/node_modules/jest-circus/build/run.js:71:3)
          at runAndTransformResultsToJestFormat (/Users/jaryl/cs4218-2420-ecom-project-team24/node_modules/jest-circus/build/legacy-code-todo-rewrite/jestAdapterInit.js:122:21)
          at jestAdapter (/Users/jaryl/cs4218-2420-ecom-project-team24/node_modules/jest-circus/build/legacy-code-todo-rewrite/jestAdapter.js:79:19)
          at runTestInternal (/Users/jaryl/cs4218-2420-ecom-project-team24/node_modules/jest-runner/build/runTest.js:367:16)
          at runTest (/Users/jaryl/cs4218-2420-ecom-project-team24/node_modules/jest-runner/build/runTest.js:444:34)
          at Object.worker (/Users/jaryl/cs4218-2420-ecom-project-team24/node_modules/jest-runner/build/testWorker.js:106:12)

      at log (client/src/pages/CartPage.js:76:15)

    console.error
      Warning: An update to CartPage inside a test was not wrapped in act(...).
      
      When testing, code that causes React state updates should be wrapped into act(...):
      
      act(() => {
        /* fire events that update state */
      });
      /* assert on the output */
      
      This ensures that you're testing the behavior the user would see in the browser. Learn more at https://reactjs.org/link/wrap-tests-with-act
          at CartPage (/Users/jaryl/cs4218-2420-ecom-project-team24/client/src/pages/CartPage.js:15:49)

      75 |     } catch (error) {
      76 |       console.log(error);
    > 77 |       setLoading(false);
         |       ^
      78 |     }
      79 |   };
      80 |   

      at printWarning (client/node_modules/react-dom/cjs/react-dom.development.js:86:30)
      at error (client/node_modules/react-dom/cjs/react-dom.development.js:60:7)
      at warnIfUpdatesNotWrappedWithActDEV (client/node_modules/react-dom/cjs/react-dom.development.js:27589:9)
      at scheduleUpdateOnFiber (client/node_modules/react-dom/cjs/react-dom.development.js:25508:5)
      at dispatchSetState (client/node_modules/react-dom/cjs/react-dom.development.js:17527:7)
      at setLoading (client/src/pages/CartPage.js:77:7)

PASS frontend client/src/pages/Categories.test.js
PASS frontend client/src/pages/CategoryProduct.test.js
  ● Console

    console.error
      Warning: An update to CategoryProduct inside a test was not wrapped in act(...).
      
      When testing, code that causes React state updates should be wrapped into act(...):
      
      act(() => {
        /* fire events that update state */
      });
      /* assert on the output */
      
      This ensures that you're testing the behavior the user would see in the browser. Learn more at https://reactjs.org/link/wrap-tests-with-act
          at CategoryProduct (/Users/jaryl/cs4218-2420-ecom-project-team24/client/src/pages/CategoryProduct.js:9:43)
          at basenameProp (/Users/jaryl/cs4218-2420-ecom-project-team24/client/node_modules/react-router/lib/components.tsx:413:13)
          at basename (/Users/jaryl/cs4218-2420-ecom-project-team24/client/node_modules/react-router-dom/index.tsx:757:3)

      18 |         `/api/v1/product/product-category/${params.slug}`
      19 |       );
    > 20 |       setProducts(data?.products);
         |       ^
      21 |       setCategory(data?.category);
      22 |     } catch (error) {
      23 |       console.log(error);

      at printWarning (client/node_modules/react-dom/cjs/react-dom.development.js:86:30)
      at error (client/node_modules/react-dom/cjs/react-dom.development.js:60:7)
      at warnIfUpdatesNotWrappedWithActDEV (client/node_modules/react-dom/cjs/react-dom.development.js:27589:9)
      at scheduleUpdateOnFiber (client/node_modules/react-dom/cjs/react-dom.development.js:25508:5)
      at dispatchSetState (client/node_modules/react-dom/cjs/react-dom.development.js:17527:7)
      at setProducts (client/src/pages/CategoryProduct.js:20:7)

    console.error
      Warning: An update to CategoryProduct inside a test was not wrapped in act(...).
      
      When testing, code that causes React state updates should be wrapped into act(...):
      
      act(() => {
        /* fire events that update state */
      });
      /* assert on the output */
      
      This ensures that you're testing the behavior the user would see in the browser. Learn more at https://reactjs.org/link/wrap-tests-with-act
          at CategoryProduct (/Users/jaryl/cs4218-2420-ecom-project-team24/client/src/pages/CategoryProduct.js:9:43)
          at basenameProp (/Users/jaryl/cs4218-2420-ecom-project-team24/client/node_modules/react-router/lib/components.tsx:413:13)
          at basename (/Users/jaryl/cs4218-2420-ecom-project-team24/client/node_modules/react-router-dom/index.tsx:757:3)

      19 |       );
      20 |       setProducts(data?.products);
    > 21 |       setCategory(data?.category);
         |       ^
      22 |     } catch (error) {
      23 |       console.log(error);
      24 |     }

      at printWarning (client/node_modules/react-dom/cjs/react-dom.development.js:86:30)
      at error (client/node_modules/react-dom/cjs/react-dom.development.js:60:7)
      at warnIfUpdatesNotWrappedWithActDEV (client/node_modules/react-dom/cjs/react-dom.development.js:27589:9)
      at scheduleUpdateOnFiber (client/node_modules/react-dom/cjs/react-dom.development.js:25508:5)
      at dispatchSetState (client/node_modules/react-dom/cjs/react-dom.development.js:17527:7)
      at setCategory (client/src/pages/CategoryProduct.js:21:7)

    console.log
      Error: API Error
          at Object.<anonymous> (/Users/jaryl/cs4218-2420-ecom-project-team24/client/src/pages/CategoryProduct.test.js:136:23)
          at Promise.then.completed (/Users/jaryl/cs4218-2420-ecom-project-team24/node_modules/jest-circus/build/utils.js:298:28)
          at new Promise (<anonymous>)
          at callAsyncCircusFn (/Users/jaryl/cs4218-2420-ecom-project-team24/node_modules/jest-circus/build/utils.js:231:10)
          at _callCircusTest (/Users/jaryl/cs4218-2420-ecom-project-team24/node_modules/jest-circus/build/run.js:316:40)
          at _runTest (/Users/jaryl/cs4218-2420-ecom-project-team24/node_modules/jest-circus/build/run.js:252:3)
          at _runTestsForDescribeBlock (/Users/jaryl/cs4218-2420-ecom-project-team24/node_modules/jest-circus/build/run.js:126:9)
          at _runTestsForDescribeBlock (/Users/jaryl/cs4218-2420-ecom-project-team24/node_modules/jest-circus/build/run.js:121:9)
          at run (/Users/jaryl/cs4218-2420-ecom-project-team24/node_modules/jest-circus/build/run.js:71:3)
          at runAndTransformResultsToJestFormat (/Users/jaryl/cs4218-2420-ecom-project-team24/node_modules/jest-circus/build/legacy-code-todo-rewrite/jestAdapterInit.js:122:21)
          at jestAdapter (/Users/jaryl/cs4218-2420-ecom-project-team24/node_modules/jest-circus/build/legacy-code-todo-rewrite/jestAdapter.js:79:19)
          at runTestInternal (/Users/jaryl/cs4218-2420-ecom-project-team24/node_modules/jest-runner/build/runTest.js:367:16)
          at runTest (/Users/jaryl/cs4218-2420-ecom-project-team24/node_modules/jest-runner/build/runTest.js:444:34)
          at Object.worker (/Users/jaryl/cs4218-2420-ecom-project-team24/node_modules/jest-runner/build/testWorker.js:106:12)

      at console.<anonymous> (node_modules/jest-mock/build/index.js:794:25)

PASS frontend client/src/hooks/useCategory.test.js
  ● Console

    console.log
      TypeError: Cannot destructure property 'data' of '(intermediate value)' as it is undefined.
          at data (/Users/jaryl/cs4218-2420-ecom-project-team24/client/src/hooks/useCategory.js:10:15)
          at processTicksAndRejections (node:internal/process/task_queues:95:5)

      at log (client/src/hooks/useCategory.js:13:15)

PASS frontend client/src/components/Form/CategoryForm.test.js
  ● Console

    console.error
      Error: Not implemented: HTMLFormElement.prototype.requestSubmit
          at module.exports (/Users/jaryl/cs4218-2420-ecom-project-team24/node_modules/jsdom/lib/jsdom/browser/not-implemented.js:9:17)
          at HTMLFormElementImpl.requestSubmit (/Users/jaryl/cs4218-2420-ecom-project-team24/node_modules/jsdom/lib/jsdom/living/nodes/HTMLFormElement-impl.js:113:5)
          at HTMLFormElementImpl._doRequestSubmit (/Users/jaryl/cs4218-2420-ecom-project-team24/node_modules/jsdom/lib/jsdom/living/nodes/HTMLFormElement-impl.js:79:10)
          at HTMLButtonElementImpl._activationBehavior (/Users/jaryl/cs4218-2420-ecom-project-team24/node_modules/jsdom/lib/jsdom/living/nodes/HTMLButtonElement-impl.js:23:14)
          at HTMLButtonElementImpl._dispatch (/Users/jaryl/cs4218-2420-ecom-project-team24/node_modules/jsdom/lib/jsdom/living/events/EventTarget-impl.js:252:26)
          at HTMLButtonElementImpl.dispatchEvent (/Users/jaryl/cs4218-2420-ecom-project-team24/node_modules/jsdom/lib/jsdom/living/events/EventTarget-impl.js:104:17)
          at HTMLButtonElement.dispatchEvent (/Users/jaryl/cs4218-2420-ecom-project-team24/node_modules/jsdom/lib/jsdom/living/generated/EventTarget.js:241:34)
          at /Users/jaryl/cs4218-2420-ecom-project-team24/client/node_modules/@testing-library/react/node_modules/@testing-library/dom/dist/events.js:19:20
          at /Users/jaryl/cs4218-2420-ecom-project-team24/client/node_modules/@testing-library/react/dist/pure.js:79:16
          at /Users/jaryl/cs4218-2420-ecom-project-team24/client/node_modules/@testing-library/react/dist/act-compat.js:64:24
          at act (/Users/jaryl/cs4218-2420-ecom-project-team24/client/node_modules/react/cjs/react.development.js:2512:16)
          at /Users/jaryl/cs4218-2420-ecom-project-team24/client/node_modules/@testing-library/react/dist/act-compat.js:63:25
          at Object.eventWrapper (/Users/jaryl/cs4218-2420-ecom-project-team24/client/node_modules/@testing-library/react/dist/pure.js:78:28)
          at fireEvent (/Users/jaryl/cs4218-2420-ecom-project-team24/client/node_modules/@testing-library/react/node_modules/@testing-library/dom/dist/events.js:12:35)
          at Function.fireEvent.<computed> [as click] (/Users/jaryl/cs4218-2420-ecom-project-team24/client/node_modules/@testing-library/react/node_modules/@testing-library/dom/dist/events.js:110:36)
          at Function.fireEvent.<computed> [as click] (/Users/jaryl/cs4218-2420-ecom-project-team24/client/node_modules/@testing-library/react/dist/fire-event.js:18:52)
          at Object.click (/Users/jaryl/cs4218-2420-ecom-project-team24/client/src/components/Form/CategoryForm.test.js:59:15)
          at Promise.then.completed (/Users/jaryl/cs4218-2420-ecom-project-team24/node_modules/jest-circus/build/utils.js:298:28)
          at new Promise (<anonymous>)
          at callAsyncCircusFn (/Users/jaryl/cs4218-2420-ecom-project-team24/node_modules/jest-circus/build/utils.js:231:10)
          at _callCircusTest (/Users/jaryl/cs4218-2420-ecom-project-team24/node_modules/jest-circus/build/run.js:316:40)
          at processTicksAndRejections (node:internal/process/task_queues:95:5)
          at _runTest (/Users/jaryl/cs4218-2420-ecom-project-team24/node_modules/jest-circus/build/run.js:252:3)
          at _runTestsForDescribeBlock (/Users/jaryl/cs4218-2420-ecom-project-team24/node_modules/jest-circus/build/run.js:126:9)
          at _runTestsForDescribeBlock (/Users/jaryl/cs4218-2420-ecom-project-team24/node_modules/jest-circus/build/run.js:121:9)
          at run (/Users/jaryl/cs4218-2420-ecom-project-team24/node_modules/jest-circus/build/run.js:71:3)
          at runAndTransformResultsToJestFormat (/Users/jaryl/cs4218-2420-ecom-project-team24/node_modules/jest-circus/build/legacy-code-todo-rewrite/jestAdapterInit.js:122:21)
          at jestAdapter (/Users/jaryl/cs4218-2420-ecom-project-team24/node_modules/jest-circus/build/legacy-code-todo-rewrite/jestAdapter.js:79:19)
          at runTestInternal (/Users/jaryl/cs4218-2420-ecom-project-team24/node_modules/jest-runner/build/runTest.js:367:16)
          at runTest (/Users/jaryl/cs4218-2420-ecom-project-team24/node_modules/jest-runner/build/runTest.js:444:34)
          at Object.worker (/Users/jaryl/cs4218-2420-ecom-project-team24/node_modules/jest-runner/build/testWorker.js:106:12) {
        type: 'not implemented'
      }

      57 |
      58 |     const submitButton = screen.getByRole("button", { name: /submit/i });
    > 59 |     fireEvent.click(submitButton);
         |               ^
      60 |
      61 |     expect(handleSubmit).toHaveBeenCalledTimes(1);
      62 |   });

      at VirtualConsole.<anonymous> (node_modules/jest-environment-jsdom/build/index.js:63:23)
      at module.exports (node_modules/jsdom/lib/jsdom/browser/not-implemented.js:12:26)
      at HTMLFormElementImpl.requestSubmit (node_modules/jsdom/lib/jsdom/living/nodes/HTMLFormElement-impl.js:113:5)
      at HTMLFormElementImpl._doRequestSubmit (node_modules/jsdom/lib/jsdom/living/nodes/HTMLFormElement-impl.js:79:10)
      at HTMLButtonElementImpl._activationBehavior (node_modules/jsdom/lib/jsdom/living/nodes/HTMLButtonElement-impl.js:23:14)
      at HTMLButtonElementImpl._dispatch (node_modules/jsdom/lib/jsdom/living/events/EventTarget-impl.js:252:26)
      at HTMLButtonElementImpl.dispatchEvent (node_modules/jsdom/lib/jsdom/living/events/EventTarget-impl.js:104:17)
      at HTMLButtonElement.dispatchEvent (node_modules/jsdom/lib/jsdom/living/generated/EventTarget.js:241:34)
      at client/node_modules/@testing-library/react/node_modules/@testing-library/dom/dist/events.js:19:20
      at client/node_modules/@testing-library/react/dist/pure.js:79:16
      at client/node_modules/@testing-library/react/dist/act-compat.js:64:24
      at act (client/node_modules/react/cjs/react.development.js:2512:16)
      at client/node_modules/@testing-library/react/dist/act-compat.js:63:25
      at Object.eventWrapper (client/node_modules/@testing-library/react/dist/pure.js:78:28)
      at fireEvent (client/node_modules/@testing-library/react/node_modules/@testing-library/dom/dist/events.js:12:35)
      at Function.fireEvent.<computed> [as click] (client/node_modules/@testing-library/react/node_modules/@testing-library/dom/dist/events.js:110:36)
      at Function.fireEvent.<computed> [as click] (client/node_modules/@testing-library/react/dist/fire-event.js:18:52)
      at Object.click (client/src/components/Form/CategoryForm.test.js:59:15)

PASS frontend client/src/pages/About.test.js
PASS frontend client/src/pages/Policy.test.js
PASS frontend client/src/pages/Search.test.js
  ● Console

    console.error
      Warning: Each child in a list should have a unique "key" prop.
      
      Check the render method of `Search`. See https://reactjs.org/link/warning-keys for more information.
          at div
          at Search
          at routeContext (/Users/jaryl/cs4218-2420-ecom-project-team24/client/node_modules/react-router/lib/hooks.tsx:640:26)
          at children (/Users/jaryl/cs4218-2420-ecom-project-team24/client/node_modules/react-router/lib/components.tsx:504:3)
          at basenameProp (/Users/jaryl/cs4218-2420-ecom-project-team24/client/node_modules/react-router/lib/components.tsx:413:13)
          at basename (/Users/jaryl/cs4218-2420-ecom-project-team24/client/node_modules/react-router/lib/components.tsx:219:3)

      14 |               : `Found ${values?.results.length}`}
      15 |           </h6>
    > 16 |           <div className="d-flex flex-wrap mt-4">
         |           ^
      17 |             {values?.results.map((p) => (
      18 |               <div className="card m-2" style={{ width: "18rem" }}>
      19 |                 <img

      at printWarning (client/node_modules/react/cjs/react.development.js:209:30)
      at error (client/node_modules/react/cjs/react.development.js:183:7)
      at validateExplicitKey (client/node_modules/react/cjs/react.development.js:2191:5)
      at validateChildKeys (client/node_modules/react/cjs/react.development.js:2217:9)
      at Object.createElementWithValidation [as createElement] (client/node_modules/react/cjs/react.development.js:2372:7)
      at createElement (client/src/pages/Search.js:16:11)
      at renderWithHooks (client/node_modules/react-dom/cjs/react-dom.development.js:16305:18)
      at mountIndeterminateComponent (client/node_modules/react-dom/cjs/react-dom.development.js:20074:13)
      at beginWork (client/node_modules/react-dom/cjs/react-dom.development.js:21587:16)
      at beginWork$1 (client/node_modules/react-dom/cjs/react-dom.development.js:27426:14)
      at performUnitOfWork (client/node_modules/react-dom/cjs/react-dom.development.js:26560:12)
      at workLoopSync (client/node_modules/react-dom/cjs/react-dom.development.js:26466:5)
      at renderRootSync (client/node_modules/react-dom/cjs/react-dom.development.js:26434:7)
      at performConcurrentWorkOnRoot (client/node_modules/react-dom/cjs/react-dom.development.js:25738:74)
      at flushActQueue (client/node_modules/react/cjs/react.development.js:2667:24)
      at act (client/node_modules/react/cjs/react.development.js:2582:11)
      at client/node_modules/@testing-library/react/dist/act-compat.js:63:25
      at renderRoot (client/node_modules/@testing-library/react/dist/pure.js:159:26)
      at render (client/node_modules/@testing-library/react/dist/pure.js:246:10)
      at renderSearchPage (client/src/pages/Search.test.js:55:11)
      at Object.renderSearchPage (client/src/pages/Search.test.js:84:9)

    console.error
      Warning: Invalid DOM property `class`. Did you mean `className`?
          at button
          at div
          at div
          at div
          at div
          at div
          at main
          at div
          at children (/Users/jaryl/cs4218-2420-ecom-project-team24/client/src/components/Layout.js:8:19)
          at Search
          at routeContext (/Users/jaryl/cs4218-2420-ecom-project-team24/client/node_modules/react-router/lib/hooks.tsx:640:26)
          at children (/Users/jaryl/cs4218-2420-ecom-project-team24/client/node_modules/react-router/lib/components.tsx:504:3)
          at basenameProp (/Users/jaryl/cs4218-2420-ecom-project-team24/client/node_modules/react-router/lib/components.tsx:413:13)
          at basename (/Users/jaryl/cs4218-2420-ecom-project-team24/client/node_modules/react-router/lib/components.tsx:219:3)

      53 |
      54 | const renderSearchPage = () => {
    > 55 |     render(
         |           ^
      56 |         <MemoryRouter initialEntries={["/search"]}>
      57 |             <Routes>
      58 |                 <Route path="/search" element={<Search />} />

      at printWarning (client/node_modules/react-dom/cjs/react-dom.development.js:86:30)
      at error (client/node_modules/react-dom/cjs/react-dom.development.js:60:7)
      at validateProperty$1 (client/node_modules/react-dom/cjs/react-dom.development.js:3749:9)
      at warnUnknownProperties (client/node_modules/react-dom/cjs/react-dom.development.js:3803:21)
      at validateProperties$2 (client/node_modules/react-dom/cjs/react-dom.development.js:3827:3)
      at validatePropertiesInDevelopment (client/node_modules/react-dom/cjs/react-dom.development.js:9541:5)
      at setInitialProperties (client/node_modules/react-dom/cjs/react-dom.development.js:9830:5)
      at finalizeInitialChildren (client/node_modules/react-dom/cjs/react-dom.development.js:10950:3)
      at completeWork (client/node_modules/react-dom/cjs/react-dom.development.js:22193:17)
      at completeUnitOfWork (client/node_modules/react-dom/cjs/react-dom.development.js:26593:16)
      at performUnitOfWork (client/node_modules/react-dom/cjs/react-dom.development.js:26568:5)
      at workLoopSync (client/node_modules/react-dom/cjs/react-dom.development.js:26466:5)
      at renderRootSync (client/node_modules/react-dom/cjs/react-dom.development.js:26434:7)
      at performConcurrentWorkOnRoot (client/node_modules/react-dom/cjs/react-dom.development.js:25738:74)
      at flushActQueue (client/node_modules/react/cjs/react.development.js:2667:24)
      at act (client/node_modules/react/cjs/react.development.js:2582:11)
      at client/node_modules/@testing-library/react/dist/act-compat.js:63:25
      at renderRoot (client/node_modules/@testing-library/react/dist/pure.js:159:26)
      at render (client/node_modules/@testing-library/react/dist/pure.js:246:10)
      at renderSearchPage (client/src/pages/Search.test.js:55:11)
      at Object.renderSearchPage (client/src/pages/Search.test.js:84:9)

PASS frontend client/src/pages/Pagenotfound.test.js
PASS frontend client/src/pages/Auth/Register.test.js
  ● Console

    console.log
      { message: 'User already exists' }

      at log (client/src/pages/Auth/Register.js:37:15)

PASS frontend client/src/pages/Auth/Login.test.js
  ● Console

    console.log
      { message: 'Invalid credentials' }

      at log (client/src/pages/Auth/Login.js:47:15)

PASS frontend client/src/pages/ProductDetails.test.js
  ● Console

    console.error
      Warning: Invalid DOM property `class`. Did you mean `className`?
          at button
          at div
          at div
          at main
          at div
          at children (/Users/jaryl/cs4218-2420-ecom-project-team24/client/src/components/Layout.js:8:19)
          at ProductDetails (/Users/jaryl/cs4218-2420-ecom-project-team24/client/src/pages/ProductDetails.js:10:41)
          at routeContext (/Users/jaryl/cs4218-2420-ecom-project-team24/client/node_modules/react-router/lib/hooks.tsx:640:26)
          at children (/Users/jaryl/cs4218-2420-ecom-project-team24/client/node_modules/react-router/lib/components.tsx:504:3)
          at basenameProp (/Users/jaryl/cs4218-2420-ecom-project-team24/client/node_modules/react-router/lib/components.tsx:413:13)
          at basename (/Users/jaryl/cs4218-2420-ecom-project-team24/client/node_modules/react-router/lib/components.tsx:219:3)

      72 |
      73 | const renderProductDetailsPage = () => {
    > 74 |     render(
         |           ^
      75 |         <MemoryRouter initialEntries={["/product/product-0"]}>
      76 |             <Routes>
      77 |                 <Route path="/product/product-0" element={<ProductDetails />} />

      at printWarning (client/node_modules/react-dom/cjs/react-dom.development.js:86:30)
      at error (client/node_modules/react-dom/cjs/react-dom.development.js:60:7)
      at validateProperty$1 (client/node_modules/react-dom/cjs/react-dom.development.js:3749:9)
      at warnUnknownProperties (client/node_modules/react-dom/cjs/react-dom.development.js:3803:21)
      at validateProperties$2 (client/node_modules/react-dom/cjs/react-dom.development.js:3827:3)
      at validatePropertiesInDevelopment (client/node_modules/react-dom/cjs/react-dom.development.js:9541:5)
      at setInitialProperties (client/node_modules/react-dom/cjs/react-dom.development.js:9830:5)
      at finalizeInitialChildren (client/node_modules/react-dom/cjs/react-dom.development.js:10950:3)
      at completeWork (client/node_modules/react-dom/cjs/react-dom.development.js:22193:17)
      at completeUnitOfWork (client/node_modules/react-dom/cjs/react-dom.development.js:26593:16)
      at performUnitOfWork (client/node_modules/react-dom/cjs/react-dom.development.js:26568:5)
      at workLoopSync (client/node_modules/react-dom/cjs/react-dom.development.js:26466:5)
      at renderRootSync (client/node_modules/react-dom/cjs/react-dom.development.js:26434:7)
      at performConcurrentWorkOnRoot (client/node_modules/react-dom/cjs/react-dom.development.js:25738:74)
      at flushActQueue (client/node_modules/react/cjs/react.development.js:2667:24)
      at act (client/node_modules/react/cjs/react.development.js:2582:11)
      at client/node_modules/@testing-library/react/dist/act-compat.js:63:25
      at renderRoot (client/node_modules/@testing-library/react/dist/pure.js:159:26)
      at render (client/node_modules/@testing-library/react/dist/pure.js:246:10)
      at renderProductDetailsPage (client/src/pages/ProductDetails.test.js:74:11)
      at Object.renderProductDetailsPage (client/src/pages/ProductDetails.test.js:123:9)

    console.error
      Warning: An update to ProductDetails inside a test was not wrapped in act(...).
      
      When testing, code that causes React state updates should be wrapped into act(...):
      
      act(() => {
        /* fire events that update state */
      });
      /* assert on the output */
      
      This ensures that you're testing the behavior the user would see in the browser. Learn more at https://reactjs.org/link/wrap-tests-with-act
          at ProductDetails (/Users/jaryl/cs4218-2420-ecom-project-team24/client/src/pages/ProductDetails.js:10:41)
          at routeContext (/Users/jaryl/cs4218-2420-ecom-project-team24/client/node_modules/react-router/lib/hooks.tsx:640:26)
          at children (/Users/jaryl/cs4218-2420-ecom-project-team24/client/node_modules/react-router/lib/components.tsx:504:3)
          at basenameProp (/Users/jaryl/cs4218-2420-ecom-project-team24/client/node_modules/react-router/lib/components.tsx:413:13)
          at basename (/Users/jaryl/cs4218-2420-ecom-project-team24/client/node_modules/react-router/lib/components.tsx:219:3)

      33 |         `/api/v1/product/related-product/${pid}/${cid}`
      34 |       );
    > 35 |       setRelatedProducts(data?.products);
         |       ^
      36 |     } catch (error) {
      37 |       console.log(error);
      38 |     }

      at printWarning (client/node_modules/react-dom/cjs/react-dom.development.js:86:30)
      at error (client/node_modules/react-dom/cjs/react-dom.development.js:60:7)
      at warnIfUpdatesNotWrappedWithActDEV (client/node_modules/react-dom/cjs/react-dom.development.js:27589:9)
      at scheduleUpdateOnFiber (client/node_modules/react-dom/cjs/react-dom.development.js:25508:5)
      at dispatchSetState (client/node_modules/react-dom/cjs/react-dom.development.js:17527:7)
      at setRelatedProducts (client/src/pages/ProductDetails.js:35:7)

    console.error
      Warning: An update to ProductDetails inside a test was not wrapped in act(...).
      
      When testing, code that causes React state updates should be wrapped into act(...):
      
      act(() => {
        /* fire events that update state */
      });
      /* assert on the output */
      
      This ensures that you're testing the behavior the user would see in the browser. Learn more at https://reactjs.org/link/wrap-tests-with-act
          at ProductDetails (/Users/jaryl/cs4218-2420-ecom-project-team24/client/src/pages/ProductDetails.js:10:41)
          at routeContext (/Users/jaryl/cs4218-2420-ecom-project-team24/client/node_modules/react-router/lib/hooks.tsx:640:26)
          at children (/Users/jaryl/cs4218-2420-ecom-project-team24/client/node_modules/react-router/lib/components.tsx:504:3)
          at basenameProp (/Users/jaryl/cs4218-2420-ecom-project-team24/client/node_modules/react-router/lib/components.tsx:413:13)
          at basename (/Users/jaryl/cs4218-2420-ecom-project-team24/client/node_modules/react-router/lib/components.tsx:219:3)

      33 |         `/api/v1/product/related-product/${pid}/${cid}`
      34 |       );
    > 35 |       setRelatedProducts(data?.products);
         |       ^
      36 |     } catch (error) {
      37 |       console.log(error);
      38 |     }

      at printWarning (client/node_modules/react-dom/cjs/react-dom.development.js:86:30)
      at error (client/node_modules/react-dom/cjs/react-dom.development.js:60:7)
      at warnIfUpdatesNotWrappedWithActDEV (client/node_modules/react-dom/cjs/react-dom.development.js:27589:9)
      at scheduleUpdateOnFiber (client/node_modules/react-dom/cjs/react-dom.development.js:25508:5)
      at dispatchSetState (client/node_modules/react-dom/cjs/react-dom.development.js:17527:7)
      at setRelatedProducts (client/src/pages/ProductDetails.js:35:7)

PASS frontend client/src/pages/admin/AdminOrders.test.js
  ● Console

    console.error
      Warning: Each child in a list should have a unique "key" prop.
      
      Check the render method of `AdminOrders`. See https://reactjs.org/link/warning-keys for more information.
          at div
          at AdminOrders (/Users/jaryl/cs4218-2420-ecom-project-team24/client/src/pages/admin/AdminOrders.js:12:39)
          at basenameProp (/Users/jaryl/cs4218-2420-ecom-project-team24/client/node_modules/react-router/lib/components.tsx:413:13)
          at basename (/Users/jaryl/cs4218-2420-ecom-project-team24/client/node_modules/react-router/lib/components.tsx:219:3)

      49 |           <AdminMenu />
      50 |         </div>
    > 51 |         <div className="col-md-9">
         |         ^
      52 |           <h1 className="text-center">All Orders</h1>
      53 |           {orders?.map((o, i) => {
      54 |             return (

      at printWarning (client/node_modules/react/cjs/react.development.js:209:30)
      at error (client/node_modules/react/cjs/react.development.js:183:7)
      at validateExplicitKey (client/node_modules/react/cjs/react.development.js:2191:5)
      at validateChildKeys (client/node_modules/react/cjs/react.development.js:2217:9)
      at Object.createElementWithValidation [as createElement] (client/node_modules/react/cjs/react.development.js:2372:7)
      at createElement (client/src/pages/admin/AdminOrders.js:51:9)
      at renderWithHooks (client/node_modules/react-dom/cjs/react-dom.development.js:16305:18)
      at updateFunctionComponent (client/node_modules/react-dom/cjs/react-dom.development.js:19588:20)
      at beginWork (client/node_modules/react-dom/cjs/react-dom.development.js:21601:16)
      at beginWork$1 (client/node_modules/react-dom/cjs/react-dom.development.js:27426:14)
      at performUnitOfWork (client/node_modules/react-dom/cjs/react-dom.development.js:26560:12)
      at workLoopSync (client/node_modules/react-dom/cjs/react-dom.development.js:26466:5)
      at renderRootSync (client/node_modules/react-dom/cjs/react-dom.development.js:26434:7)
      at performConcurrentWorkOnRoot (client/node_modules/react-dom/cjs/react-dom.development.js:25738:74)
      at workLoop (client/node_modules/scheduler/cjs/scheduler.development.js:266:34)
      at flushWork (client/node_modules/scheduler/cjs/scheduler.development.js:239:14)
      at performWorkUntilDeadline (client/node_modules/scheduler/cjs/scheduler.development.js:533:21)
      at Timeout.task [as _onTimeout] (node_modules/jsdom/lib/jsdom/browser/Window.js:520:19)

    console.log
      Error: Network Error
          at Object.<anonymous> (/Users/jaryl/cs4218-2420-ecom-project-team24/client/src/pages/admin/AdminOrders.test.js:115:33)
          at Promise.then.completed (/Users/jaryl/cs4218-2420-ecom-project-team24/node_modules/jest-circus/build/utils.js:298:28)
          at new Promise (<anonymous>)
          at callAsyncCircusFn (/Users/jaryl/cs4218-2420-ecom-project-team24/node_modules/jest-circus/build/utils.js:231:10)
          at _callCircusTest (/Users/jaryl/cs4218-2420-ecom-project-team24/node_modules/jest-circus/build/run.js:316:40)
          at _runTest (/Users/jaryl/cs4218-2420-ecom-project-team24/node_modules/jest-circus/build/run.js:252:3)
          at _runTestsForDescribeBlock (/Users/jaryl/cs4218-2420-ecom-project-team24/node_modules/jest-circus/build/run.js:126:9)
          at _runTestsForDescribeBlock (/Users/jaryl/cs4218-2420-ecom-project-team24/node_modules/jest-circus/build/run.js:121:9)
          at run (/Users/jaryl/cs4218-2420-ecom-project-team24/node_modules/jest-circus/build/run.js:71:3)
          at runAndTransformResultsToJestFormat (/Users/jaryl/cs4218-2420-ecom-project-team24/node_modules/jest-circus/build/legacy-code-todo-rewrite/jestAdapterInit.js:122:21)
          at jestAdapter (/Users/jaryl/cs4218-2420-ecom-project-team24/node_modules/jest-circus/build/legacy-code-todo-rewrite/jestAdapter.js:79:19)
          at runTestInternal (/Users/jaryl/cs4218-2420-ecom-project-team24/node_modules/jest-runner/build/runTest.js:367:16)
          at runTest (/Users/jaryl/cs4218-2420-ecom-project-team24/node_modules/jest-runner/build/runTest.js:444:34)
          at Object.worker (/Users/jaryl/cs4218-2420-ecom-project-team24/node_modules/jest-runner/build/testWorker.js:106:12)

      at log (client/src/pages/admin/AdminOrders.js:27:15)

    console.error
      Warning: An update to AdminOrders inside a test was not wrapped in act(...).
      
      When testing, code that causes React state updates should be wrapped into act(...):
      
      act(() => {
        /* fire events that update state */
      });
      /* assert on the output */
      
      This ensures that you're testing the behavior the user would see in the browser. Learn more at https://reactjs.org/link/wrap-tests-with-act
          at AdminOrders (/Users/jaryl/cs4218-2420-ecom-project-team24/client/src/pages/admin/AdminOrders.js:12:39)
          at basenameProp (/Users/jaryl/cs4218-2420-ecom-project-team24/client/node_modules/react-router/lib/components.tsx:413:13)
          at basename (/Users/jaryl/cs4218-2420-ecom-project-team24/client/node_modules/react-router/lib/components.tsx:219:3)

      23 |     try {
      24 |       const { data } = await axios.get("/api/v1/auth/all-orders");
    > 25 |       setOrders(data);
         |       ^
      26 |     } catch (error) {
      27 |       console.log(error);
      28 |     }

      at printWarning (client/node_modules/react-dom/cjs/react-dom.development.js:86:30)
      at error (client/node_modules/react-dom/cjs/react-dom.development.js:60:7)
      at warnIfUpdatesNotWrappedWithActDEV (client/node_modules/react-dom/cjs/react-dom.development.js:27589:9)
      at scheduleUpdateOnFiber (client/node_modules/react-dom/cjs/react-dom.development.js:25508:5)
      at dispatchSetState (client/node_modules/react-dom/cjs/react-dom.development.js:17527:7)
      at setOrders (client/src/pages/admin/AdminOrders.js:25:7)

PASS frontend client/src/pages/admin/CreateProduct.test.js
  ● Console

    console.log
      Error: Network Error
          at Object.<anonymous> (/Users/jaryl/cs4218-2420-ecom-project-team24/client/src/pages/admin/CreateProduct.test.js:219:37)
          at Promise.then.completed (/Users/jaryl/cs4218-2420-ecom-project-team24/node_modules/jest-circus/build/utils.js:298:28)
          at new Promise (<anonymous>)
          at callAsyncCircusFn (/Users/jaryl/cs4218-2420-ecom-project-team24/node_modules/jest-circus/build/utils.js:231:10)
          at _callCircusTest (/Users/jaryl/cs4218-2420-ecom-project-team24/node_modules/jest-circus/build/run.js:316:40)
          at _runTest (/Users/jaryl/cs4218-2420-ecom-project-team24/node_modules/jest-circus/build/run.js:252:3)
          at _runTestsForDescribeBlock (/Users/jaryl/cs4218-2420-ecom-project-team24/node_modules/jest-circus/build/run.js:126:9)
          at _runTestsForDescribeBlock (/Users/jaryl/cs4218-2420-ecom-project-team24/node_modules/jest-circus/build/run.js:121:9)
          at run (/Users/jaryl/cs4218-2420-ecom-project-team24/node_modules/jest-circus/build/run.js:71:3)
          at runAndTransformResultsToJestFormat (/Users/jaryl/cs4218-2420-ecom-project-team24/node_modules/jest-circus/build/legacy-code-todo-rewrite/jestAdapterInit.js:122:21)
          at jestAdapter (/Users/jaryl/cs4218-2420-ecom-project-team24/node_modules/jest-circus/build/legacy-code-todo-rewrite/jestAdapter.js:79:19)
          at runTestInternal (/Users/jaryl/cs4218-2420-ecom-project-team24/node_modules/jest-runner/build/runTest.js:367:16)
          at runTest (/Users/jaryl/cs4218-2420-ecom-project-team24/node_modules/jest-runner/build/runTest.js:444:34)
          at Object.worker (/Users/jaryl/cs4218-2420-ecom-project-team24/node_modules/jest-runner/build/testWorker.js:106:12)

      at log (client/src/pages/admin/CreateProduct.js:29:15)

    console.log
      TypeError: Cannot destructure property 'data' of '((cov_whqpwa5ol(...).s[30]++) , (intermediate value))' as it is undefined.
          at data (/Users/jaryl/cs4218-2420-ecom-project-team24/client/src/pages/admin/CreateProduct.js:49:15)

      at log (client/src/pages/admin/CreateProduct.js:60:15)

    console.log
      TypeError: Cannot destructure property 'data' of '((cov_whqpwa5ol(...).s[13]++) , (intermediate value))' as it is undefined.
          at data (/Users/jaryl/cs4218-2420-ecom-project-team24/client/src/pages/admin/CreateProduct.js:24:15)

      at log (client/src/pages/admin/CreateProduct.js:29:15)

PASS frontend client/src/pages/admin/CreateCategory.test.js
  ● Console

    console.log
      TypeError: Cannot destructure property 'data' of '((cov_2qom4mopyn(...).s[18]++) , (intermediate value))' as it is undefined.
          at data (/Users/jaryl/cs4218-2420-ecom-project-team24/client/src/pages/admin/CreateCategory.js:36:15)
          at processTicksAndRejections (node:internal/process/task_queues:95:5)

      at log (client/src/pages/admin/CreateCategory.js:46:15)

    console.log
      Fetched categories: { success: true, category: [ { _id: '1', name: 'Gaming' } ] }

      at log (client/src/pages/admin/CreateCategory.js:38:15)

    console.error
      Warning: Each child in a list should have a unique "key" prop.
      
      Check the render method of `CreateCategory`. See https://reactjs.org/link/warning-keys for more information.
          at CreateCategory (/Users/jaryl/cs4218-2420-ecom-project-team24/client/src/pages/admin/CreateCategory.js:9:47)
          at basenameProp (/Users/jaryl/cs4218-2420-ecom-project-team24/client/node_modules/react-router/lib/components.tsx:413:13)
          at basename (/Users/jaryl/cs4218-2420-ecom-project-team24/client/node_modules/react-router/lib/components.tsx:219:3)

      115 |                   </tr>
      116 |                 </thead>
    > 117 |                 <tbody>
          |                 ^
      118 |                   {categories?.map((c) => (
      119 |                     <>
      120 |                       <tr>

      at printWarning (client/node_modules/react/cjs/react.development.js:209:30)
      at error (client/node_modules/react/cjs/react.development.js:183:7)
      at validateExplicitKey (client/node_modules/react/cjs/react.development.js:2191:5)
      at validateChildKeys (client/node_modules/react/cjs/react.development.js:2217:9)
      at Object.createElementWithValidation [as createElement] (client/node_modules/react/cjs/react.development.js:2372:7)
      at createElement (client/src/pages/admin/CreateCategory.js:117:17)
      at renderWithHooks (client/node_modules/react-dom/cjs/react-dom.development.js:16305:18)
      at updateFunctionComponent (client/node_modules/react-dom/cjs/react-dom.development.js:19588:20)
      at beginWork (client/node_modules/react-dom/cjs/react-dom.development.js:21601:16)
      at beginWork$1 (client/node_modules/react-dom/cjs/react-dom.development.js:27426:14)
      at performUnitOfWork (client/node_modules/react-dom/cjs/react-dom.development.js:26560:12)
      at workLoopSync (client/node_modules/react-dom/cjs/react-dom.development.js:26466:5)
      at renderRootSync (client/node_modules/react-dom/cjs/react-dom.development.js:26434:7)
      at performConcurrentWorkOnRoot (client/node_modules/react-dom/cjs/react-dom.development.js:25738:74)
      at workLoop (client/node_modules/scheduler/cjs/scheduler.development.js:266:34)
      at flushWork (client/node_modules/scheduler/cjs/scheduler.development.js:239:14)
      at performWorkUntilDeadline (client/node_modules/scheduler/cjs/scheduler.development.js:533:21)
      at Timeout.task [as _onTimeout] (node_modules/jsdom/lib/jsdom/browser/Window.js:520:19)

    console.log
      TypeError: Cannot destructure property 'data' of '((cov_2qom4mopyn(...).s[18]++) , (intermediate value))' as it is undefined.
          at data (/Users/jaryl/cs4218-2420-ecom-project-team24/client/src/pages/admin/CreateCategory.js:36:15)

      at log (client/src/pages/admin/CreateCategory.js:46:15)

    console.log
      Fetched categories: { success: true, category: [] }

      at log (client/src/pages/admin/CreateCategory.js:38:15)

    console.log
      TypeError: Cannot destructure property 'data' of '((cov_2qom4mopyn(...).s[18]++) , (intermediate value))' as it is undefined.
          at data (/Users/jaryl/cs4218-2420-ecom-project-team24/client/src/pages/admin/CreateCategory.js:36:15)

      at log (client/src/pages/admin/CreateCategory.js:46:15)

    console.log
      TypeError: Cannot destructure property 'data' of '((cov_2qom4mopyn(...).s[18]++) , (intermediate value))' as it is undefined.
          at data (/Users/jaryl/cs4218-2420-ecom-project-team24/client/src/pages/admin/CreateCategory.js:36:15)

      at log (client/src/pages/admin/CreateCategory.js:46:15)

    console.log
      { message: 'Failed to create category' }

      at log (client/src/pages/admin/CreateCategory.js:28:15)

    console.log
      Fetched categories: { success: true, category: [ { _id: '1', name: 'Gaming' } ] }

      at log (client/src/pages/admin/CreateCategory.js:38:15)

    console.log
      TypeError: Cannot destructure property 'data' of '((cov_2qom4mopyn(...).s[18]++) , (intermediate value))' as it is undefined.
          at data (/Users/jaryl/cs4218-2420-ecom-project-team24/client/src/pages/admin/CreateCategory.js:36:15)
          at runNextTicks (node:internal/process/task_queues:60:5)
          at processTimers (node:internal/timers:511:9)

      at log (client/src/pages/admin/CreateCategory.js:46:15)

    console.log
      Fetched categories: { success: true, category: [ { _id: '1', name: 'Gaming' } ] }

      at log (client/src/pages/admin/CreateCategory.js:38:15)

    console.log
      Fetched categories: { success: true, category: [ { _id: '123', name: 'Gaming' } ] }

      at log (client/src/pages/admin/CreateCategory.js:38:15)

    console.log
      Fetched categories: { success: true, category: [ { _id: '123', name: 'Gaming' } ] }

      at log (client/src/pages/admin/CreateCategory.js:38:15)

    console.log
      TypeError: Cannot destructure property 'data' of '((cov_2qom4mopyn(...).s[18]++) , (intermediate value))' as it is undefined.
          at data (/Users/jaryl/cs4218-2420-ecom-project-team24/client/src/pages/admin/CreateCategory.js:36:15)

      at log (client/src/pages/admin/CreateCategory.js:46:15)

    console.log
      Fetched categories: { success: true, category: [ { _id: '123', name: 'Gaming' } ] }

      at log (client/src/pages/admin/CreateCategory.js:38:15)

    console.log
      Fetched categories: { success: true, category: [ { _id: '1', name: 'Gaming' } ] }

      at log (client/src/pages/admin/CreateCategory.js:38:15)

    console.log
      Fetched categories: { success: true, category: [ { _id: '1', name: 'Gaming' } ] }

      at log (client/src/pages/admin/CreateCategory.js:38:15)

    console.log
      Fetched categories: {
        success: true,
        category: [ { _id: '1', name: 'Gaming' }, { _id: '2', name: 'Electronics' } ]
      }

      at log (client/src/pages/admin/CreateCategory.js:38:15)

    console.log
      Fetched categories: { success: false, category: [] }

      at log (client/src/pages/admin/CreateCategory.js:38:15)

PASS frontend client/src/pages/HomePage.test.js
  ● Console

    console.error
      Warning: Encountered two children with the same key, `4`. Keys should be unique so that components maintain their identity across updates. Non-unique keys may cause children to be duplicated and/or omitted — the behavior is unsupported and could change in a future version.
          at div
          at /Users/jaryl/cs4218-2420-ecom-project-team24/client/node_modules/antd/lib/radio/group.js:24:13
          at div
          at div
          at div
          at main
          at div
          at children (/Users/jaryl/cs4218-2420-ecom-project-team24/client/src/components/Layout.js:8:19)
          at HomePage (/Users/jaryl/cs4218-2420-ecom-project-team24/client/src/pages/HomePage.js:15:43)
          at routeContext (/Users/jaryl/cs4218-2420-ecom-project-team24/client/node_modules/react-router/lib/hooks.tsx:640:26)
          at children (/Users/jaryl/cs4218-2420-ecom-project-team24/client/node_modules/react-router/lib/components.tsx:504:3)
          at basenameProp (/Users/jaryl/cs4218-2420-ecom-project-team24/client/node_modules/react-router/lib/components.tsx:413:13)
          at basename (/Users/jaryl/cs4218-2420-ecom-project-team24/client/node_modules/react-router/lib/components.tsx:219:3)

       98 |
       99 | const renderHomePage = () => {
    > 100 |     render(
          |           ^
      101 |         <MemoryRouter initialEntries={["/"]}>
      102 |             <Routes>
      103 |                 <Route path="/" element={<HomePage />} />

      at printWarning (client/node_modules/react-dom/cjs/react-dom.development.js:86:30)
      at error (client/node_modules/react-dom/cjs/react-dom.development.js:60:7)
      at warnOnInvalidKey (client/node_modules/react-dom/cjs/react-dom.development.js:15293:11)
      at reconcileChildrenArray (client/node_modules/react-dom/cjs/react-dom.development.js:15330:21)
      at reconcileChildFibers (client/node_modules/react-dom/cjs/react-dom.development.js:15821:16)
      at reconcileChildren (client/node_modules/react-dom/cjs/react-dom.development.js:19167:28)
      at updateContextProvider (client/node_modules/react-dom/cjs/react-dom.development.js:21154:3)
      at beginWork (client/node_modules/react-dom/cjs/react-dom.development.js:21649:14)
      at beginWork$1 (client/node_modules/react-dom/cjs/react-dom.development.js:27426:14)
      at performUnitOfWork (client/node_modules/react-dom/cjs/react-dom.development.js:26560:12)
      at workLoopSync (client/node_modules/react-dom/cjs/react-dom.development.js:26466:5)
      at renderRootSync (client/node_modules/react-dom/cjs/react-dom.development.js:26434:7)
      at performConcurrentWorkOnRoot (client/node_modules/react-dom/cjs/react-dom.development.js:25738:74)
      at flushActQueue (client/node_modules/react/cjs/react.development.js:2667:24)
      at act (client/node_modules/react/cjs/react.development.js:2582:11)
      at client/node_modules/@testing-library/react/dist/act-compat.js:63:25
      at renderRoot (client/node_modules/@testing-library/react/dist/pure.js:159:26)
      at render (client/node_modules/@testing-library/react/dist/pure.js:246:10)
      at renderHomePage (client/src/pages/HomePage.test.js:100:11)
      at Object.renderHomePage (client/src/pages/HomePage.test.js:125:9)

    console.error
      Warning: Encountered two children with the same key, `4`. Keys should be unique so that components maintain their identity across updates. Non-unique keys may cause children to be duplicated and/or omitted — the behavior is unsupported and could change in a future version.
          at div
          at /Users/jaryl/cs4218-2420-ecom-project-team24/client/node_modules/antd/lib/radio/group.js:24:13
          at div
          at div
          at div
          at main
          at div
          at children (/Users/jaryl/cs4218-2420-ecom-project-team24/client/src/components/Layout.js:8:19)
          at HomePage (/Users/jaryl/cs4218-2420-ecom-project-team24/client/src/pages/HomePage.js:15:43)
          at routeContext (/Users/jaryl/cs4218-2420-ecom-project-team24/client/node_modules/react-router/lib/hooks.tsx:640:26)
          at children (/Users/jaryl/cs4218-2420-ecom-project-team24/client/node_modules/react-router/lib/components.tsx:504:3)
          at basenameProp (/Users/jaryl/cs4218-2420-ecom-project-team24/client/node_modules/react-router/lib/components.tsx:413:13)
          at basename (/Users/jaryl/cs4218-2420-ecom-project-team24/client/node_modules/react-router/lib/components.tsx:219:3)

       98 |
       99 | const renderHomePage = () => {
    > 100 |     render(
          |           ^
      101 |         <MemoryRouter initialEntries={["/"]}>
      102 |             <Routes>
      103 |                 <Route path="/" element={<HomePage />} />

      at printWarning (client/node_modules/react-dom/cjs/react-dom.development.js:86:30)
      at error (client/node_modules/react-dom/cjs/react-dom.development.js:60:7)
      at warnOnInvalidKey (client/node_modules/react-dom/cjs/react-dom.development.js:15293:11)
      at reconcileChildrenArray (client/node_modules/react-dom/cjs/react-dom.development.js:15330:21)
      at reconcileChildFibers (client/node_modules/react-dom/cjs/react-dom.development.js:15821:16)
      at reconcileChildren (client/node_modules/react-dom/cjs/react-dom.development.js:19174:28)
      at updateContextProvider (client/node_modules/react-dom/cjs/react-dom.development.js:21154:3)
      at beginWork (client/node_modules/react-dom/cjs/react-dom.development.js:21649:14)
      at beginWork$1 (client/node_modules/react-dom/cjs/react-dom.development.js:27426:14)
      at performUnitOfWork (client/node_modules/react-dom/cjs/react-dom.development.js:26560:12)
      at workLoopSync (client/node_modules/react-dom/cjs/react-dom.development.js:26466:5)
      at renderRootSync (client/node_modules/react-dom/cjs/react-dom.development.js:26434:7)
      at performConcurrentWorkOnRoot (client/node_modules/react-dom/cjs/react-dom.development.js:25738:74)
      at flushActQueue (client/node_modules/react/cjs/react.development.js:2667:24)
      at act (client/node_modules/react/cjs/react.development.js:2582:11)
      at client/node_modules/@testing-library/react/dist/act-compat.js:63:25
      at renderRoot (client/node_modules/@testing-library/react/dist/pure.js:159:26)
      at render (client/node_modules/@testing-library/react/dist/pure.js:246:10)
      at renderHomePage (client/src/pages/HomePage.test.js:100:11)
      at Object.renderHomePage (client/src/pages/HomePage.test.js:125:9)

    console.error
      Warning: Encountered two children with the same key, `4`. Keys should be unique so that components maintain their identity across updates. Non-unique keys may cause children to be duplicated and/or omitted — the behavior is unsupported and could change in a future version.
          at div
          at /Users/jaryl/cs4218-2420-ecom-project-team24/client/node_modules/antd/lib/radio/group.js:24:13
          at div
          at div
          at div
          at main
          at div
          at children (/Users/jaryl/cs4218-2420-ecom-project-team24/client/src/components/Layout.js:8:19)
          at HomePage (/Users/jaryl/cs4218-2420-ecom-project-team24/client/src/pages/HomePage.js:15:43)
          at routeContext (/Users/jaryl/cs4218-2420-ecom-project-team24/client/node_modules/react-router/lib/hooks.tsx:640:26)
          at children (/Users/jaryl/cs4218-2420-ecom-project-team24/client/node_modules/react-router/lib/components.tsx:504:3)
          at basenameProp (/Users/jaryl/cs4218-2420-ecom-project-team24/client/node_modules/react-router/lib/components.tsx:413:13)
          at basename (/Users/jaryl/cs4218-2420-ecom-project-team24/client/node_modules/react-router/lib/components.tsx:219:3)

       98 |
       99 | const renderHomePage = () => {
    > 100 |     render(
          |           ^
      101 |         <MemoryRouter initialEntries={["/"]}>
      102 |             <Routes>
      103 |                 <Route path="/" element={<HomePage />} />

      at printWarning (client/node_modules/react-dom/cjs/react-dom.development.js:86:30)
      at error (client/node_modules/react-dom/cjs/react-dom.development.js:60:7)
      at warnOnInvalidKey (client/node_modules/react-dom/cjs/react-dom.development.js:15293:11)
      at reconcileChildrenArray (client/node_modules/react-dom/cjs/react-dom.development.js:15330:21)
      at reconcileChildFibers (client/node_modules/react-dom/cjs/react-dom.development.js:15821:16)
      at reconcileChildren (client/node_modules/react-dom/cjs/react-dom.development.js:19167:28)
      at updateContextProvider (client/node_modules/react-dom/cjs/react-dom.development.js:21154:3)
      at beginWork (client/node_modules/react-dom/cjs/react-dom.development.js:21649:14)
      at beginWork$1 (client/node_modules/react-dom/cjs/react-dom.development.js:27426:14)
      at performUnitOfWork (client/node_modules/react-dom/cjs/react-dom.development.js:26560:12)
      at workLoopSync (client/node_modules/react-dom/cjs/react-dom.development.js:26466:5)
      at renderRootSync (client/node_modules/react-dom/cjs/react-dom.development.js:26434:7)
      at performConcurrentWorkOnRoot (client/node_modules/react-dom/cjs/react-dom.development.js:25738:74)
      at flushActQueue (client/node_modules/react/cjs/react.development.js:2667:24)
      at act (client/node_modules/react/cjs/react.development.js:2582:11)
      at client/node_modules/@testing-library/react/dist/act-compat.js:63:25
      at renderRoot (client/node_modules/@testing-library/react/dist/pure.js:159:26)
      at render (client/node_modules/@testing-library/react/dist/pure.js:246:10)
      at renderHomePage (client/src/pages/HomePage.test.js:100:11)
      at Object.renderHomePage (client/src/pages/HomePage.test.js:135:9)

    console.error
      Warning: Encountered two children with the same key, `4`. Keys should be unique so that components maintain their identity across updates. Non-unique keys may cause children to be duplicated and/or omitted — the behavior is unsupported and could change in a future version.
          at div
          at /Users/jaryl/cs4218-2420-ecom-project-team24/client/node_modules/antd/lib/radio/group.js:24:13
          at div
          at div
          at div
          at main
          at div
          at children (/Users/jaryl/cs4218-2420-ecom-project-team24/client/src/components/Layout.js:8:19)
          at HomePage (/Users/jaryl/cs4218-2420-ecom-project-team24/client/src/pages/HomePage.js:15:43)
          at routeContext (/Users/jaryl/cs4218-2420-ecom-project-team24/client/node_modules/react-router/lib/hooks.tsx:640:26)
          at children (/Users/jaryl/cs4218-2420-ecom-project-team24/client/node_modules/react-router/lib/components.tsx:504:3)
          at basenameProp (/Users/jaryl/cs4218-2420-ecom-project-team24/client/node_modules/react-router/lib/components.tsx:413:13)
          at basename (/Users/jaryl/cs4218-2420-ecom-project-team24/client/node_modules/react-router/lib/components.tsx:219:3)

       98 |
       99 | const renderHomePage = () => {
    > 100 |     render(
          |           ^
      101 |         <MemoryRouter initialEntries={["/"]}>
      102 |             <Routes>
      103 |                 <Route path="/" element={<HomePage />} />

      at printWarning (client/node_modules/react-dom/cjs/react-dom.development.js:86:30)
      at error (client/node_modules/react-dom/cjs/react-dom.development.js:60:7)
      at warnOnInvalidKey (client/node_modules/react-dom/cjs/react-dom.development.js:15293:11)
      at reconcileChildrenArray (client/node_modules/react-dom/cjs/react-dom.development.js:15330:21)
      at reconcileChildFibers (client/node_modules/react-dom/cjs/react-dom.development.js:15821:16)
      at reconcileChildren (client/node_modules/react-dom/cjs/react-dom.development.js:19174:28)
      at updateContextProvider (client/node_modules/react-dom/cjs/react-dom.development.js:21154:3)
      at beginWork (client/node_modules/react-dom/cjs/react-dom.development.js:21649:14)
      at beginWork$1 (client/node_modules/react-dom/cjs/react-dom.development.js:27426:14)
      at performUnitOfWork (client/node_modules/react-dom/cjs/react-dom.development.js:26560:12)
      at workLoopSync (client/node_modules/react-dom/cjs/react-dom.development.js:26466:5)
      at renderRootSync (client/node_modules/react-dom/cjs/react-dom.development.js:26434:7)
      at performConcurrentWorkOnRoot (client/node_modules/react-dom/cjs/react-dom.development.js:25738:74)
      at flushActQueue (client/node_modules/react/cjs/react.development.js:2667:24)
      at act (client/node_modules/react/cjs/react.development.js:2582:11)
      at client/node_modules/@testing-library/react/dist/act-compat.js:63:25
      at renderRoot (client/node_modules/@testing-library/react/dist/pure.js:159:26)
      at render (client/node_modules/@testing-library/react/dist/pure.js:246:10)
      at renderHomePage (client/src/pages/HomePage.test.js:100:11)
      at Object.renderHomePage (client/src/pages/HomePage.test.js:135:9)

    console.error
      Warning: Encountered two children with the same key, `4`. Keys should be unique so that components maintain their identity across updates. Non-unique keys may cause children to be duplicated and/or omitted — the behavior is unsupported and could change in a future version.
          at div
          at /Users/jaryl/cs4218-2420-ecom-project-team24/client/node_modules/antd/lib/radio/group.js:24:13
          at div
          at div
          at div
          at main
          at div
          at children (/Users/jaryl/cs4218-2420-ecom-project-team24/client/src/components/Layout.js:8:19)
          at HomePage (/Users/jaryl/cs4218-2420-ecom-project-team24/client/src/pages/HomePage.js:15:43)
          at routeContext (/Users/jaryl/cs4218-2420-ecom-project-team24/client/node_modules/react-router/lib/hooks.tsx:640:26)
          at children (/Users/jaryl/cs4218-2420-ecom-project-team24/client/node_modules/react-router/lib/components.tsx:504:3)
          at basenameProp (/Users/jaryl/cs4218-2420-ecom-project-team24/client/node_modules/react-router/lib/components.tsx:413:13)
          at basename (/Users/jaryl/cs4218-2420-ecom-project-team24/client/node_modules/react-router/lib/components.tsx:219:3)

      at printWarning (client/node_modules/react-dom/cjs/react-dom.development.js:86:30)
      at error (client/node_modules/react-dom/cjs/react-dom.development.js:60:7)
      at warnOnInvalidKey (client/node_modules/react-dom/cjs/react-dom.development.js:15293:11)
      at reconcileChildrenArray (client/node_modules/react-dom/cjs/react-dom.development.js:15330:21)
      at reconcileChildFibers (client/node_modules/react-dom/cjs/react-dom.development.js:15821:16)
      at reconcileChildren (client/node_modules/react-dom/cjs/react-dom.development.js:19174:28)
      at updateContextProvider (client/node_modules/react-dom/cjs/react-dom.development.js:21154:3)
      at beginWork (client/node_modules/react-dom/cjs/react-dom.development.js:21649:14)
      at beginWork$1 (client/node_modules/react-dom/cjs/react-dom.development.js:27426:14)
      at performUnitOfWork (client/node_modules/react-dom/cjs/react-dom.development.js:26560:12)
      at workLoopSync (client/node_modules/react-dom/cjs/react-dom.development.js:26466:5)
      at renderRootSync (client/node_modules/react-dom/cjs/react-dom.development.js:26434:7)
      at performConcurrentWorkOnRoot (client/node_modules/react-dom/cjs/react-dom.development.js:25738:74)
      at workLoop (client/node_modules/scheduler/cjs/scheduler.development.js:266:34)
      at flushWork (client/node_modules/scheduler/cjs/scheduler.development.js:239:14)
      at performWorkUntilDeadline (client/node_modules/scheduler/cjs/scheduler.development.js:533:21)
      at Timeout.task [as _onTimeout] (node_modules/jsdom/lib/jsdom/browser/Window.js:520:19)

    console.error
      Warning: Encountered two children with the same key, `4`. Keys should be unique so that components maintain their identity across updates. Non-unique keys may cause children to be duplicated and/or omitted — the behavior is unsupported and could change in a future version.
          at div
          at /Users/jaryl/cs4218-2420-ecom-project-team24/client/node_modules/antd/lib/radio/group.js:24:13
          at div
          at div
          at div
          at main
          at div
          at children (/Users/jaryl/cs4218-2420-ecom-project-team24/client/src/components/Layout.js:8:19)
          at HomePage (/Users/jaryl/cs4218-2420-ecom-project-team24/client/src/pages/HomePage.js:15:43)
          at routeContext (/Users/jaryl/cs4218-2420-ecom-project-team24/client/node_modules/react-router/lib/hooks.tsx:640:26)
          at children (/Users/jaryl/cs4218-2420-ecom-project-team24/client/node_modules/react-router/lib/components.tsx:504:3)
          at basenameProp (/Users/jaryl/cs4218-2420-ecom-project-team24/client/node_modules/react-router/lib/components.tsx:413:13)
          at basename (/Users/jaryl/cs4218-2420-ecom-project-team24/client/node_modules/react-router/lib/components.tsx:219:3)

       98 |
       99 | const renderHomePage = () => {
    > 100 |     render(
          |           ^
      101 |         <MemoryRouter initialEntries={["/"]}>
      102 |             <Routes>
      103 |                 <Route path="/" element={<HomePage />} />

      at printWarning (client/node_modules/react-dom/cjs/react-dom.development.js:86:30)
      at error (client/node_modules/react-dom/cjs/react-dom.development.js:60:7)
      at warnOnInvalidKey (client/node_modules/react-dom/cjs/react-dom.development.js:15293:11)
      at reconcileChildrenArray (client/node_modules/react-dom/cjs/react-dom.development.js:15330:21)
      at reconcileChildFibers (client/node_modules/react-dom/cjs/react-dom.development.js:15821:16)
      at reconcileChildren (client/node_modules/react-dom/cjs/react-dom.development.js:19167:28)
      at updateContextProvider (client/node_modules/react-dom/cjs/react-dom.development.js:21154:3)
      at beginWork (client/node_modules/react-dom/cjs/react-dom.development.js:21649:14)
      at beginWork$1 (client/node_modules/react-dom/cjs/react-dom.development.js:27426:14)
      at performUnitOfWork (client/node_modules/react-dom/cjs/react-dom.development.js:26560:12)
      at workLoopSync (client/node_modules/react-dom/cjs/react-dom.development.js:26466:5)
      at renderRootSync (client/node_modules/react-dom/cjs/react-dom.development.js:26434:7)
      at performConcurrentWorkOnRoot (client/node_modules/react-dom/cjs/react-dom.development.js:25738:74)
      at flushActQueue (client/node_modules/react/cjs/react.development.js:2667:24)
      at act (client/node_modules/react/cjs/react.development.js:2582:11)
      at client/node_modules/@testing-library/react/dist/act-compat.js:63:25
      at renderRoot (client/node_modules/@testing-library/react/dist/pure.js:159:26)
      at render (client/node_modules/@testing-library/react/dist/pure.js:246:10)
      at renderHomePage (client/src/pages/HomePage.test.js:100:11)
      at Object.renderHomePage (client/src/pages/HomePage.test.js:152:9)

    console.error
      Warning: Encountered two children with the same key, `4`. Keys should be unique so that components maintain their identity across updates. Non-unique keys may cause children to be duplicated and/or omitted — the behavior is unsupported and could change in a future version.
          at div
          at /Users/jaryl/cs4218-2420-ecom-project-team24/client/node_modules/antd/lib/radio/group.js:24:13
          at div
          at div
          at div
          at main
          at div
          at children (/Users/jaryl/cs4218-2420-ecom-project-team24/client/src/components/Layout.js:8:19)
          at HomePage (/Users/jaryl/cs4218-2420-ecom-project-team24/client/src/pages/HomePage.js:15:43)
          at routeContext (/Users/jaryl/cs4218-2420-ecom-project-team24/client/node_modules/react-router/lib/hooks.tsx:640:26)
          at children (/Users/jaryl/cs4218-2420-ecom-project-team24/client/node_modules/react-router/lib/components.tsx:504:3)
          at basenameProp (/Users/jaryl/cs4218-2420-ecom-project-team24/client/node_modules/react-router/lib/components.tsx:413:13)
          at basename (/Users/jaryl/cs4218-2420-ecom-project-team24/client/node_modules/react-router/lib/components.tsx:219:3)

       98 |
       99 | const renderHomePage = () => {
    > 100 |     render(
          |           ^
      101 |         <MemoryRouter initialEntries={["/"]}>
      102 |             <Routes>
      103 |                 <Route path="/" element={<HomePage />} />

      at printWarning (client/node_modules/react-dom/cjs/react-dom.development.js:86:30)
      at error (client/node_modules/react-dom/cjs/react-dom.development.js:60:7)
      at warnOnInvalidKey (client/node_modules/react-dom/cjs/react-dom.development.js:15293:11)
      at reconcileChildrenArray (client/node_modules/react-dom/cjs/react-dom.development.js:15330:21)
      at reconcileChildFibers (client/node_modules/react-dom/cjs/react-dom.development.js:15821:16)
      at reconcileChildren (client/node_modules/react-dom/cjs/react-dom.development.js:19174:28)
      at updateContextProvider (client/node_modules/react-dom/cjs/react-dom.development.js:21154:3)
      at beginWork (client/node_modules/react-dom/cjs/react-dom.development.js:21649:14)
      at beginWork$1 (client/node_modules/react-dom/cjs/react-dom.development.js:27426:14)
      at performUnitOfWork (client/node_modules/react-dom/cjs/react-dom.development.js:26560:12)
      at workLoopSync (client/node_modules/react-dom/cjs/react-dom.development.js:26466:5)
      at renderRootSync (client/node_modules/react-dom/cjs/react-dom.development.js:26434:7)
      at performConcurrentWorkOnRoot (client/node_modules/react-dom/cjs/react-dom.development.js:25738:74)
      at flushActQueue (client/node_modules/react/cjs/react.development.js:2667:24)
      at act (client/node_modules/react/cjs/react.development.js:2582:11)
      at client/node_modules/@testing-library/react/dist/act-compat.js:63:25
      at renderRoot (client/node_modules/@testing-library/react/dist/pure.js:159:26)
      at render (client/node_modules/@testing-library/react/dist/pure.js:246:10)
      at renderHomePage (client/src/pages/HomePage.test.js:100:11)
      at Object.renderHomePage (client/src/pages/HomePage.test.js:152:9)

    console.error
      Warning: Encountered two children with the same key, `4`. Keys should be unique so that components maintain their identity across updates. Non-unique keys may cause children to be duplicated and/or omitted — the behavior is unsupported and could change in a future version.
          at div
          at /Users/jaryl/cs4218-2420-ecom-project-team24/client/node_modules/antd/lib/radio/group.js:24:13
          at div
          at div
          at div
          at main
          at div
          at children (/Users/jaryl/cs4218-2420-ecom-project-team24/client/src/components/Layout.js:8:19)
          at HomePage (/Users/jaryl/cs4218-2420-ecom-project-team24/client/src/pages/HomePage.js:15:43)
          at routeContext (/Users/jaryl/cs4218-2420-ecom-project-team24/client/node_modules/react-router/lib/hooks.tsx:640:26)
          at children (/Users/jaryl/cs4218-2420-ecom-project-team24/client/node_modules/react-router/lib/components.tsx:504:3)
          at basenameProp (/Users/jaryl/cs4218-2420-ecom-project-team24/client/node_modules/react-router/lib/components.tsx:413:13)
          at basename (/Users/jaryl/cs4218-2420-ecom-project-team24/client/node_modules/react-router/lib/components.tsx:219:3)

      at printWarning (client/node_modules/react-dom/cjs/react-dom.development.js:86:30)
      at error (client/node_modules/react-dom/cjs/react-dom.development.js:60:7)
      at warnOnInvalidKey (client/node_modules/react-dom/cjs/react-dom.development.js:15293:11)
      at reconcileChildrenArray (client/node_modules/react-dom/cjs/react-dom.development.js:15330:21)
      at reconcileChildFibers (client/node_modules/react-dom/cjs/react-dom.development.js:15821:16)
      at reconcileChildren (client/node_modules/react-dom/cjs/react-dom.development.js:19174:28)
      at updateContextProvider (client/node_modules/react-dom/cjs/react-dom.development.js:21154:3)
      at beginWork (client/node_modules/react-dom/cjs/react-dom.development.js:21649:14)
      at beginWork$1 (client/node_modules/react-dom/cjs/react-dom.development.js:27426:14)
      at performUnitOfWork (client/node_modules/react-dom/cjs/react-dom.development.js:26560:12)
      at workLoopSync (client/node_modules/react-dom/cjs/react-dom.development.js:26466:5)
      at renderRootSync (client/node_modules/react-dom/cjs/react-dom.development.js:26434:7)
      at performConcurrentWorkOnRoot (client/node_modules/react-dom/cjs/react-dom.development.js:25738:74)
      at workLoop (client/node_modules/scheduler/cjs/scheduler.development.js:266:34)
      at flushWork (client/node_modules/scheduler/cjs/scheduler.development.js:239:14)
      at performWorkUntilDeadline (client/node_modules/scheduler/cjs/scheduler.development.js:533:21)
      at Timeout.task [as _onTimeout] (node_modules/jsdom/lib/jsdom/browser/Window.js:520:19)

    console.error
      Warning: Encountered two children with the same key, `4`. Keys should be unique so that components maintain their identity across updates. Non-unique keys may cause children to be duplicated and/or omitted — the behavior is unsupported and could change in a future version.
          at div
          at /Users/jaryl/cs4218-2420-ecom-project-team24/client/node_modules/antd/lib/radio/group.js:24:13
          at div
          at div
          at div
          at main
          at div
          at children (/Users/jaryl/cs4218-2420-ecom-project-team24/client/src/components/Layout.js:8:19)
          at HomePage (/Users/jaryl/cs4218-2420-ecom-project-team24/client/src/pages/HomePage.js:15:43)
          at routeContext (/Users/jaryl/cs4218-2420-ecom-project-team24/client/node_modules/react-router/lib/hooks.tsx:640:26)
          at children (/Users/jaryl/cs4218-2420-ecom-project-team24/client/node_modules/react-router/lib/components.tsx:504:3)
          at basenameProp (/Users/jaryl/cs4218-2420-ecom-project-team24/client/node_modules/react-router/lib/components.tsx:413:13)
          at basename (/Users/jaryl/cs4218-2420-ecom-project-team24/client/node_modules/react-router/lib/components.tsx:219:3)

      153 |         const category1Checkbox = screen.findByText('mockCategory1')
      154 |         expect(await category1Checkbox).toBeInTheDocument();
    > 155 |         fireEvent.click(screen.getByText('mockCategory1'));
          |                   ^
      156 |
      157 |         await waitFor(() => {
      158 |             sixProducts

      at printWarning (client/node_modules/react-dom/cjs/react-dom.development.js:86:30)
      at error (client/node_modules/react-dom/cjs/react-dom.development.js:60:7)
      at warnOnInvalidKey (client/node_modules/react-dom/cjs/react-dom.development.js:15293:11)
      at reconcileChildrenArray (client/node_modules/react-dom/cjs/react-dom.development.js:15330:21)
      at reconcileChildFibers (client/node_modules/react-dom/cjs/react-dom.development.js:15821:16)
      at reconcileChildren (client/node_modules/react-dom/cjs/react-dom.development.js:19174:28)
      at updateContextProvider (client/node_modules/react-dom/cjs/react-dom.development.js:21154:3)
      at beginWork (client/node_modules/react-dom/cjs/react-dom.development.js:21649:14)
      at beginWork$1 (client/node_modules/react-dom/cjs/react-dom.development.js:27426:14)
      at performUnitOfWork (client/node_modules/react-dom/cjs/react-dom.development.js:26560:12)
      at workLoopSync (client/node_modules/react-dom/cjs/react-dom.development.js:26466:5)
      at renderRootSync (client/node_modules/react-dom/cjs/react-dom.development.js:26434:7)
      at performSyncWorkOnRoot (client/node_modules/react-dom/cjs/react-dom.development.js:26085:20)
      at flushSyncCallbacks (client/node_modules/react-dom/cjs/react-dom.development.js:12042:22)
      at flushSync (client/node_modules/react-dom/cjs/react-dom.development.js:26201:7)
      at finishEventHandler (client/node_modules/react-dom/cjs/react-dom.development.js:3976:5)
      at batchedUpdates (client/node_modules/react-dom/cjs/react-dom.development.js:3994:5)
      at dispatchEventForPluginEventSystem (client/node_modules/react-dom/cjs/react-dom.development.js:9287:3)
      at dispatchEventWithEnableCapturePhaseSelectiveHydrationWithoutDiscreteEventReplay (client/node_modules/react-dom/cjs/react-dom.development.js:6465:5)
      at dispatchEvent (client/node_modules/react-dom/cjs/react-dom.development.js:6457:5)
      at dispatchDiscreteEvent (client/node_modules/react-dom/cjs/react-dom.development.js:6430:5)
      at HTMLDivElement.callTheUserObjectsOperation (node_modules/jsdom/lib/jsdom/living/generated/EventListener.js:26:30)
      at innerInvokeEventListeners (node_modules/jsdom/lib/jsdom/living/events/EventTarget-impl.js:350:25)
      at invokeEventListeners (node_modules/jsdom/lib/jsdom/living/events/EventTarget-impl.js:286:3)
      at HTMLInputElementImpl._dispatch (node_modules/jsdom/lib/jsdom/living/events/EventTarget-impl.js:233:9)
      at fireAnEvent (node_modules/jsdom/lib/jsdom/living/helpers/events.js:18:36)
      at sendClickToAssociatedNode (node_modules/jsdom/lib/jsdom/living/nodes/HTMLLabelElement-impl.js:12:3)
      at HTMLLabelElementImpl._activationBehavior (node_modules/jsdom/lib/jsdom/living/nodes/HTMLLabelElement-impl.js:87:7)
      at HTMLSpanElementImpl._dispatch (node_modules/jsdom/lib/jsdom/living/events/EventTarget-impl.js:252:26)
      at HTMLSpanElementImpl.dispatchEvent (node_modules/jsdom/lib/jsdom/living/events/EventTarget-impl.js:104:17)
      at HTMLSpanElement.dispatchEvent (node_modules/jsdom/lib/jsdom/living/generated/EventTarget.js:241:34)
      at client/node_modules/@testing-library/react/node_modules/@testing-library/dom/dist/events.js:19:20
      at client/node_modules/@testing-library/react/dist/pure.js:79:16
      at client/node_modules/@testing-library/react/dist/act-compat.js:64:24
      at act (client/node_modules/react/cjs/react.development.js:2512:16)
      at client/node_modules/@testing-library/react/dist/act-compat.js:63:25
      at Object.eventWrapper (client/node_modules/@testing-library/react/dist/pure.js:78:28)
      at fireEvent (client/node_modules/@testing-library/react/node_modules/@testing-library/dom/dist/events.js:12:35)
      at Function.fireEvent.<computed> [as click] (client/node_modules/@testing-library/react/node_modules/@testing-library/dom/dist/events.js:110:36)
      at Function.fireEvent.<computed> [as click] (client/node_modules/@testing-library/react/dist/fire-event.js:18:52)
      at Object.click (client/src/pages/HomePage.test.js:155:19)

    console.error
      Warning: Encountered two children with the same key, `4`. Keys should be unique so that components maintain their identity across updates. Non-unique keys may cause children to be duplicated and/or omitted — the behavior is unsupported and could change in a future version.
          at div
          at /Users/jaryl/cs4218-2420-ecom-project-team24/client/node_modules/antd/lib/radio/group.js:24:13
          at div
          at div
          at div
          at main
          at div
          at children (/Users/jaryl/cs4218-2420-ecom-project-team24/client/src/components/Layout.js:8:19)
          at HomePage (/Users/jaryl/cs4218-2420-ecom-project-team24/client/src/pages/HomePage.js:15:43)
          at routeContext (/Users/jaryl/cs4218-2420-ecom-project-team24/client/node_modules/react-router/lib/hooks.tsx:640:26)
          at children (/Users/jaryl/cs4218-2420-ecom-project-team24/client/node_modules/react-router/lib/components.tsx:504:3)
          at basenameProp (/Users/jaryl/cs4218-2420-ecom-project-team24/client/node_modules/react-router/lib/components.tsx:413:13)
          at basename (/Users/jaryl/cs4218-2420-ecom-project-team24/client/node_modules/react-router/lib/components.tsx:219:3)

      153 |         const category1Checkbox = screen.findByText('mockCategory1')
      154 |         expect(await category1Checkbox).toBeInTheDocument();
    > 155 |         fireEvent.click(screen.getByText('mockCategory1'));
          |                   ^
      156 |
      157 |         await waitFor(() => {
      158 |             sixProducts

      at printWarning (client/node_modules/react-dom/cjs/react-dom.development.js:86:30)
      at error (client/node_modules/react-dom/cjs/react-dom.development.js:60:7)
      at warnOnInvalidKey (client/node_modules/react-dom/cjs/react-dom.development.js:15293:11)
      at reconcileChildrenArray (client/node_modules/react-dom/cjs/react-dom.development.js:15330:21)
      at reconcileChildFibers (client/node_modules/react-dom/cjs/react-dom.development.js:15821:16)
      at reconcileChildren (client/node_modules/react-dom/cjs/react-dom.development.js:19174:28)
      at updateContextProvider (client/node_modules/react-dom/cjs/react-dom.development.js:21154:3)
      at beginWork (client/node_modules/react-dom/cjs/react-dom.development.js:21649:14)
      at beginWork$1 (client/node_modules/react-dom/cjs/react-dom.development.js:27426:14)
      at performUnitOfWork (client/node_modules/react-dom/cjs/react-dom.development.js:26560:12)
      at workLoopSync (client/node_modules/react-dom/cjs/react-dom.development.js:26466:5)
      at renderRootSync (client/node_modules/react-dom/cjs/react-dom.development.js:26434:7)
      at performConcurrentWorkOnRoot (client/node_modules/react-dom/cjs/react-dom.development.js:25738:74)
      at flushActQueue (client/node_modules/react/cjs/react.development.js:2667:24)
      at act (client/node_modules/react/cjs/react.development.js:2582:11)
      at client/node_modules/@testing-library/react/dist/act-compat.js:63:25
      at Object.eventWrapper (client/node_modules/@testing-library/react/dist/pure.js:78:28)
      at fireEvent (client/node_modules/@testing-library/react/node_modules/@testing-library/dom/dist/events.js:12:35)
      at Function.fireEvent.<computed> [as click] (client/node_modules/@testing-library/react/node_modules/@testing-library/dom/dist/events.js:110:36)
      at Function.fireEvent.<computed> [as click] (client/node_modules/@testing-library/react/dist/fire-event.js:18:52)
      at Object.click (client/src/pages/HomePage.test.js:155:19)

    console.error
      Warning: Encountered two children with the same key, `4`. Keys should be unique so that components maintain their identity across updates. Non-unique keys may cause children to be duplicated and/or omitted — the behavior is unsupported and could change in a future version.
          at div
          at /Users/jaryl/cs4218-2420-ecom-project-team24/client/node_modules/antd/lib/radio/group.js:24:13
          at div
          at div
          at div
          at main
          at div
          at children (/Users/jaryl/cs4218-2420-ecom-project-team24/client/src/components/Layout.js:8:19)
          at HomePage (/Users/jaryl/cs4218-2420-ecom-project-team24/client/src/pages/HomePage.js:15:43)
          at routeContext (/Users/jaryl/cs4218-2420-ecom-project-team24/client/node_modules/react-router/lib/hooks.tsx:640:26)
          at children (/Users/jaryl/cs4218-2420-ecom-project-team24/client/node_modules/react-router/lib/components.tsx:504:3)
          at basenameProp (/Users/jaryl/cs4218-2420-ecom-project-team24/client/node_modules/react-router/lib/components.tsx:413:13)
          at basename (/Users/jaryl/cs4218-2420-ecom-project-team24/client/node_modules/react-router/lib/components.tsx:219:3)

       98 |
       99 | const renderHomePage = () => {
    > 100 |     render(
          |           ^
      101 |         <MemoryRouter initialEntries={["/"]}>
      102 |             <Routes>
      103 |                 <Route path="/" element={<HomePage />} />

      at printWarning (client/node_modules/react-dom/cjs/react-dom.development.js:86:30)
      at error (client/node_modules/react-dom/cjs/react-dom.development.js:60:7)
      at warnOnInvalidKey (client/node_modules/react-dom/cjs/react-dom.development.js:15293:11)
      at reconcileChildrenArray (client/node_modules/react-dom/cjs/react-dom.development.js:15330:21)
      at reconcileChildFibers (client/node_modules/react-dom/cjs/react-dom.development.js:15821:16)
      at reconcileChildren (client/node_modules/react-dom/cjs/react-dom.development.js:19167:28)
      at updateContextProvider (client/node_modules/react-dom/cjs/react-dom.development.js:21154:3)
      at beginWork (client/node_modules/react-dom/cjs/react-dom.development.js:21649:14)
      at beginWork$1 (client/node_modules/react-dom/cjs/react-dom.development.js:27426:14)
      at performUnitOfWork (client/node_modules/react-dom/cjs/react-dom.development.js:26560:12)
      at workLoopSync (client/node_modules/react-dom/cjs/react-dom.development.js:26466:5)
      at renderRootSync (client/node_modules/react-dom/cjs/react-dom.development.js:26434:7)
      at performConcurrentWorkOnRoot (client/node_modules/react-dom/cjs/react-dom.development.js:25738:74)
      at flushActQueue (client/node_modules/react/cjs/react.development.js:2667:24)
      at act (client/node_modules/react/cjs/react.development.js:2582:11)
      at client/node_modules/@testing-library/react/dist/act-compat.js:63:25
      at renderRoot (client/node_modules/@testing-library/react/dist/pure.js:159:26)
      at render (client/node_modules/@testing-library/react/dist/pure.js:246:10)
      at renderHomePage (client/src/pages/HomePage.test.js:100:11)
      at Object.renderHomePage (client/src/pages/HomePage.test.js:170:9)

    console.error
      Warning: Encountered two children with the same key, `4`. Keys should be unique so that components maintain their identity across updates. Non-unique keys may cause children to be duplicated and/or omitted — the behavior is unsupported and could change in a future version.
          at div
          at /Users/jaryl/cs4218-2420-ecom-project-team24/client/node_modules/antd/lib/radio/group.js:24:13
          at div
          at div
          at div
          at main
          at div
          at children (/Users/jaryl/cs4218-2420-ecom-project-team24/client/src/components/Layout.js:8:19)
          at HomePage (/Users/jaryl/cs4218-2420-ecom-project-team24/client/src/pages/HomePage.js:15:43)
          at routeContext (/Users/jaryl/cs4218-2420-ecom-project-team24/client/node_modules/react-router/lib/hooks.tsx:640:26)
          at children (/Users/jaryl/cs4218-2420-ecom-project-team24/client/node_modules/react-router/lib/components.tsx:504:3)
          at basenameProp (/Users/jaryl/cs4218-2420-ecom-project-team24/client/node_modules/react-router/lib/components.tsx:413:13)
          at basename (/Users/jaryl/cs4218-2420-ecom-project-team24/client/node_modules/react-router/lib/components.tsx:219:3)

       98 |
       99 | const renderHomePage = () => {
    > 100 |     render(
          |           ^
      101 |         <MemoryRouter initialEntries={["/"]}>
      102 |             <Routes>
      103 |                 <Route path="/" element={<HomePage />} />

      at printWarning (client/node_modules/react-dom/cjs/react-dom.development.js:86:30)
      at error (client/node_modules/react-dom/cjs/react-dom.development.js:60:7)
      at warnOnInvalidKey (client/node_modules/react-dom/cjs/react-dom.development.js:15293:11)
      at reconcileChildrenArray (client/node_modules/react-dom/cjs/react-dom.development.js:15330:21)
      at reconcileChildFibers (client/node_modules/react-dom/cjs/react-dom.development.js:15821:16)
      at reconcileChildren (client/node_modules/react-dom/cjs/react-dom.development.js:19174:28)
      at updateContextProvider (client/node_modules/react-dom/cjs/react-dom.development.js:21154:3)
      at beginWork (client/node_modules/react-dom/cjs/react-dom.development.js:21649:14)
      at beginWork$1 (client/node_modules/react-dom/cjs/react-dom.development.js:27426:14)
      at performUnitOfWork (client/node_modules/react-dom/cjs/react-dom.development.js:26560:12)
      at workLoopSync (client/node_modules/react-dom/cjs/react-dom.development.js:26466:5)
      at renderRootSync (client/node_modules/react-dom/cjs/react-dom.development.js:26434:7)
      at performConcurrentWorkOnRoot (client/node_modules/react-dom/cjs/react-dom.development.js:25738:74)
      at flushActQueue (client/node_modules/react/cjs/react.development.js:2667:24)
      at act (client/node_modules/react/cjs/react.development.js:2582:11)
      at client/node_modules/@testing-library/react/dist/act-compat.js:63:25
      at renderRoot (client/node_modules/@testing-library/react/dist/pure.js:159:26)
      at render (client/node_modules/@testing-library/react/dist/pure.js:246:10)
      at renderHomePage (client/src/pages/HomePage.test.js:100:11)
      at Object.renderHomePage (client/src/pages/HomePage.test.js:170:9)

    console.error
      Warning: Encountered two children with the same key, `4`. Keys should be unique so that components maintain their identity across updates. Non-unique keys may cause children to be duplicated and/or omitted — the behavior is unsupported and could change in a future version.
          at div
          at /Users/jaryl/cs4218-2420-ecom-project-team24/client/node_modules/antd/lib/radio/group.js:24:13
          at div
          at div
          at div
          at main
          at div
          at children (/Users/jaryl/cs4218-2420-ecom-project-team24/client/src/components/Layout.js:8:19)
          at HomePage (/Users/jaryl/cs4218-2420-ecom-project-team24/client/src/pages/HomePage.js:15:43)
          at routeContext (/Users/jaryl/cs4218-2420-ecom-project-team24/client/node_modules/react-router/lib/hooks.tsx:640:26)
          at children (/Users/jaryl/cs4218-2420-ecom-project-team24/client/node_modules/react-router/lib/components.tsx:504:3)
          at basenameProp (/Users/jaryl/cs4218-2420-ecom-project-team24/client/node_modules/react-router/lib/components.tsx:413:13)
          at basename (/Users/jaryl/cs4218-2420-ecom-project-team24/client/node_modules/react-router/lib/components.tsx:219:3)

      at printWarning (client/node_modules/react-dom/cjs/react-dom.development.js:86:30)
      at error (client/node_modules/react-dom/cjs/react-dom.development.js:60:7)
      at warnOnInvalidKey (client/node_modules/react-dom/cjs/react-dom.development.js:15293:11)
      at reconcileChildrenArray (client/node_modules/react-dom/cjs/react-dom.development.js:15330:21)
      at reconcileChildFibers (client/node_modules/react-dom/cjs/react-dom.development.js:15821:16)
      at reconcileChildren (client/node_modules/react-dom/cjs/react-dom.development.js:19174:28)
      at updateContextProvider (client/node_modules/react-dom/cjs/react-dom.development.js:21154:3)
      at beginWork (client/node_modules/react-dom/cjs/react-dom.development.js:21649:14)
      at beginWork$1 (client/node_modules/react-dom/cjs/react-dom.development.js:27426:14)
      at performUnitOfWork (client/node_modules/react-dom/cjs/react-dom.development.js:26560:12)
      at workLoopSync (client/node_modules/react-dom/cjs/react-dom.development.js:26466:5)
      at renderRootSync (client/node_modules/react-dom/cjs/react-dom.development.js:26434:7)
      at performConcurrentWorkOnRoot (client/node_modules/react-dom/cjs/react-dom.development.js:25738:74)
      at workLoop (client/node_modules/scheduler/cjs/scheduler.development.js:266:34)
      at flushWork (client/node_modules/scheduler/cjs/scheduler.development.js:239:14)
      at performWorkUntilDeadline (client/node_modules/scheduler/cjs/scheduler.development.js:533:21)
      at Timeout.task [as _onTimeout] (node_modules/jsdom/lib/jsdom/browser/Window.js:520:19)

    console.error
      Warning: Encountered two children with the same key, `4`. Keys should be unique so that components maintain their identity across updates. Non-unique keys may cause children to be duplicated and/or omitted — the behavior is unsupported and could change in a future version.
          at div
          at /Users/jaryl/cs4218-2420-ecom-project-team24/client/node_modules/antd/lib/radio/group.js:24:13
          at div
          at div
          at div
          at main
          at div
          at children (/Users/jaryl/cs4218-2420-ecom-project-team24/client/src/components/Layout.js:8:19)
          at HomePage (/Users/jaryl/cs4218-2420-ecom-project-team24/client/src/pages/HomePage.js:15:43)
          at routeContext (/Users/jaryl/cs4218-2420-ecom-project-team24/client/node_modules/react-router/lib/hooks.tsx:640:26)
          at children (/Users/jaryl/cs4218-2420-ecom-project-team24/client/node_modules/react-router/lib/components.tsx:504:3)
          at basenameProp (/Users/jaryl/cs4218-2420-ecom-project-team24/client/node_modules/react-router/lib/components.tsx:413:13)
          at basename (/Users/jaryl/cs4218-2420-ecom-project-team24/client/node_modules/react-router/lib/components.tsx:219:3)

      171 |         const category1Checkbox = screen.findByText('mockCategory1')
      172 |         expect(await category1Checkbox).toBeInTheDocument();
    > 173 |         fireEvent.click(screen.getByText('mockCategory1'));
          |                   ^
      174 |         fireEvent.click(screen.getByText('mockCategory1'));
      175 |         await waitFor(() => {
      176 |             sixProducts

      at printWarning (client/node_modules/react-dom/cjs/react-dom.development.js:86:30)
      at error (client/node_modules/react-dom/cjs/react-dom.development.js:60:7)
      at warnOnInvalidKey (client/node_modules/react-dom/cjs/react-dom.development.js:15293:11)
      at reconcileChildrenArray (client/node_modules/react-dom/cjs/react-dom.development.js:15330:21)
      at reconcileChildFibers (client/node_modules/react-dom/cjs/react-dom.development.js:15821:16)
      at reconcileChildren (client/node_modules/react-dom/cjs/react-dom.development.js:19174:28)
      at updateContextProvider (client/node_modules/react-dom/cjs/react-dom.development.js:21154:3)
      at beginWork (client/node_modules/react-dom/cjs/react-dom.development.js:21649:14)
      at beginWork$1 (client/node_modules/react-dom/cjs/react-dom.development.js:27426:14)
      at performUnitOfWork (client/node_modules/react-dom/cjs/react-dom.development.js:26560:12)
      at workLoopSync (client/node_modules/react-dom/cjs/react-dom.development.js:26466:5)
      at renderRootSync (client/node_modules/react-dom/cjs/react-dom.development.js:26434:7)
      at performSyncWorkOnRoot (client/node_modules/react-dom/cjs/react-dom.development.js:26085:20)
      at flushSyncCallbacks (client/node_modules/react-dom/cjs/react-dom.development.js:12042:22)
      at flushSync (client/node_modules/react-dom/cjs/react-dom.development.js:26201:7)
      at finishEventHandler (client/node_modules/react-dom/cjs/react-dom.development.js:3976:5)
      at batchedUpdates (client/node_modules/react-dom/cjs/react-dom.development.js:3994:5)
      at dispatchEventForPluginEventSystem (client/node_modules/react-dom/cjs/react-dom.development.js:9287:3)
      at dispatchEventWithEnableCapturePhaseSelectiveHydrationWithoutDiscreteEventReplay (client/node_modules/react-dom/cjs/react-dom.development.js:6465:5)
      at dispatchEvent (client/node_modules/react-dom/cjs/react-dom.development.js:6457:5)
      at dispatchDiscreteEvent (client/node_modules/react-dom/cjs/react-dom.development.js:6430:5)
      at HTMLDivElement.callTheUserObjectsOperation (node_modules/jsdom/lib/jsdom/living/generated/EventListener.js:26:30)
      at innerInvokeEventListeners (node_modules/jsdom/lib/jsdom/living/events/EventTarget-impl.js:350:25)
      at invokeEventListeners (node_modules/jsdom/lib/jsdom/living/events/EventTarget-impl.js:286:3)
      at HTMLInputElementImpl._dispatch (node_modules/jsdom/lib/jsdom/living/events/EventTarget-impl.js:233:9)
      at fireAnEvent (node_modules/jsdom/lib/jsdom/living/helpers/events.js:18:36)
      at sendClickToAssociatedNode (node_modules/jsdom/lib/jsdom/living/nodes/HTMLLabelElement-impl.js:12:3)
      at HTMLLabelElementImpl._activationBehavior (node_modules/jsdom/lib/jsdom/living/nodes/HTMLLabelElement-impl.js:87:7)
      at HTMLSpanElementImpl._dispatch (node_modules/jsdom/lib/jsdom/living/events/EventTarget-impl.js:252:26)
      at HTMLSpanElementImpl.dispatchEvent (node_modules/jsdom/lib/jsdom/living/events/EventTarget-impl.js:104:17)
      at HTMLSpanElement.dispatchEvent (node_modules/jsdom/lib/jsdom/living/generated/EventTarget.js:241:34)
      at client/node_modules/@testing-library/react/node_modules/@testing-library/dom/dist/events.js:19:20
      at client/node_modules/@testing-library/react/dist/pure.js:79:16
      at client/node_modules/@testing-library/react/dist/act-compat.js:64:24
      at act (client/node_modules/react/cjs/react.development.js:2512:16)
      at client/node_modules/@testing-library/react/dist/act-compat.js:63:25
      at Object.eventWrapper (client/node_modules/@testing-library/react/dist/pure.js:78:28)
      at fireEvent (client/node_modules/@testing-library/react/node_modules/@testing-library/dom/dist/events.js:12:35)
      at Function.fireEvent.<computed> [as click] (client/node_modules/@testing-library/react/node_modules/@testing-library/dom/dist/events.js:110:36)
      at Function.fireEvent.<computed> [as click] (client/node_modules/@testing-library/react/dist/fire-event.js:18:52)
      at Object.click (client/src/pages/HomePage.test.js:173:19)

    console.error
      Warning: Encountered two children with the same key, `4`. Keys should be unique so that components maintain their identity across updates. Non-unique keys may cause children to be duplicated and/or omitted — the behavior is unsupported and could change in a future version.
          at div
          at /Users/jaryl/cs4218-2420-ecom-project-team24/client/node_modules/antd/lib/radio/group.js:24:13
          at div
          at div
          at div
          at main
          at div
          at children (/Users/jaryl/cs4218-2420-ecom-project-team24/client/src/components/Layout.js:8:19)
          at HomePage (/Users/jaryl/cs4218-2420-ecom-project-team24/client/src/pages/HomePage.js:15:43)
          at routeContext (/Users/jaryl/cs4218-2420-ecom-project-team24/client/node_modules/react-router/lib/hooks.tsx:640:26)
          at children (/Users/jaryl/cs4218-2420-ecom-project-team24/client/node_modules/react-router/lib/components.tsx:504:3)
          at basenameProp (/Users/jaryl/cs4218-2420-ecom-project-team24/client/node_modules/react-router/lib/components.tsx:413:13)
          at basename (/Users/jaryl/cs4218-2420-ecom-project-team24/client/node_modules/react-router/lib/components.tsx:219:3)

      171 |         const category1Checkbox = screen.findByText('mockCategory1')
      172 |         expect(await category1Checkbox).toBeInTheDocument();
    > 173 |         fireEvent.click(screen.getByText('mockCategory1'));
          |                   ^
      174 |         fireEvent.click(screen.getByText('mockCategory1'));
      175 |         await waitFor(() => {
      176 |             sixProducts

      at printWarning (client/node_modules/react-dom/cjs/react-dom.development.js:86:30)
      at error (client/node_modules/react-dom/cjs/react-dom.development.js:60:7)
      at warnOnInvalidKey (client/node_modules/react-dom/cjs/react-dom.development.js:15293:11)
      at reconcileChildrenArray (client/node_modules/react-dom/cjs/react-dom.development.js:15330:21)
      at reconcileChildFibers (client/node_modules/react-dom/cjs/react-dom.development.js:15821:16)
      at reconcileChildren (client/node_modules/react-dom/cjs/react-dom.development.js:19174:28)
      at updateContextProvider (client/node_modules/react-dom/cjs/react-dom.development.js:21154:3)
      at beginWork (client/node_modules/react-dom/cjs/react-dom.development.js:21649:14)
      at beginWork$1 (client/node_modules/react-dom/cjs/react-dom.development.js:27426:14)
      at performUnitOfWork (client/node_modules/react-dom/cjs/react-dom.development.js:26560:12)
      at workLoopSync (client/node_modules/react-dom/cjs/react-dom.development.js:26466:5)
      at renderRootSync (client/node_modules/react-dom/cjs/react-dom.development.js:26434:7)
      at performConcurrentWorkOnRoot (client/node_modules/react-dom/cjs/react-dom.development.js:25738:74)
      at flushActQueue (client/node_modules/react/cjs/react.development.js:2667:24)
      at act (client/node_modules/react/cjs/react.development.js:2582:11)
      at client/node_modules/@testing-library/react/dist/act-compat.js:63:25
      at Object.eventWrapper (client/node_modules/@testing-library/react/dist/pure.js:78:28)
      at fireEvent (client/node_modules/@testing-library/react/node_modules/@testing-library/dom/dist/events.js:12:35)
      at Function.fireEvent.<computed> [as click] (client/node_modules/@testing-library/react/node_modules/@testing-library/dom/dist/events.js:110:36)
      at Function.fireEvent.<computed> [as click] (client/node_modules/@testing-library/react/dist/fire-event.js:18:52)
      at Object.click (client/src/pages/HomePage.test.js:173:19)

    console.error
      Warning: Encountered two children with the same key, `4`. Keys should be unique so that components maintain their identity across updates. Non-unique keys may cause children to be duplicated and/or omitted — the behavior is unsupported and could change in a future version.
          at div
          at /Users/jaryl/cs4218-2420-ecom-project-team24/client/node_modules/antd/lib/radio/group.js:24:13
          at div
          at div
          at div
          at main
          at div
          at children (/Users/jaryl/cs4218-2420-ecom-project-team24/client/src/components/Layout.js:8:19)
          at HomePage (/Users/jaryl/cs4218-2420-ecom-project-team24/client/src/pages/HomePage.js:15:43)
          at routeContext (/Users/jaryl/cs4218-2420-ecom-project-team24/client/node_modules/react-router/lib/hooks.tsx:640:26)
          at children (/Users/jaryl/cs4218-2420-ecom-project-team24/client/node_modules/react-router/lib/components.tsx:504:3)
          at basenameProp (/Users/jaryl/cs4218-2420-ecom-project-team24/client/node_modules/react-router/lib/components.tsx:413:13)
          at basename (/Users/jaryl/cs4218-2420-ecom-project-team24/client/node_modules/react-router/lib/components.tsx:219:3)

      172 |         expect(await category1Checkbox).toBeInTheDocument();
      173 |         fireEvent.click(screen.getByText('mockCategory1'));
    > 174 |         fireEvent.click(screen.getByText('mockCategory1'));
          |                   ^
      175 |         await waitFor(() => {
      176 |             sixProducts
      177 |                 .forEach(product => {

      at printWarning (client/node_modules/react-dom/cjs/react-dom.development.js:86:30)
      at error (client/node_modules/react-dom/cjs/react-dom.development.js:60:7)
      at warnOnInvalidKey (client/node_modules/react-dom/cjs/react-dom.development.js:15293:11)
      at reconcileChildrenArray (client/node_modules/react-dom/cjs/react-dom.development.js:15330:21)
      at reconcileChildFibers (client/node_modules/react-dom/cjs/react-dom.development.js:15821:16)
      at reconcileChildren (client/node_modules/react-dom/cjs/react-dom.development.js:19174:28)
      at updateContextProvider (client/node_modules/react-dom/cjs/react-dom.development.js:21154:3)
      at beginWork (client/node_modules/react-dom/cjs/react-dom.development.js:21649:14)
      at beginWork$1 (client/node_modules/react-dom/cjs/react-dom.development.js:27426:14)
      at performUnitOfWork (client/node_modules/react-dom/cjs/react-dom.development.js:26560:12)
      at workLoopSync (client/node_modules/react-dom/cjs/react-dom.development.js:26466:5)
      at renderRootSync (client/node_modules/react-dom/cjs/react-dom.development.js:26434:7)
      at performSyncWorkOnRoot (client/node_modules/react-dom/cjs/react-dom.development.js:26085:20)
      at flushSyncCallbacks (client/node_modules/react-dom/cjs/react-dom.development.js:12042:22)
      at flushSync (client/node_modules/react-dom/cjs/react-dom.development.js:26201:7)
      at finishEventHandler (client/node_modules/react-dom/cjs/react-dom.development.js:3976:5)
      at batchedUpdates (client/node_modules/react-dom/cjs/react-dom.development.js:3994:5)
      at dispatchEventForPluginEventSystem (client/node_modules/react-dom/cjs/react-dom.development.js:9287:3)
      at dispatchEventWithEnableCapturePhaseSelectiveHydrationWithoutDiscreteEventReplay (client/node_modules/react-dom/cjs/react-dom.development.js:6465:5)
      at dispatchEvent (client/node_modules/react-dom/cjs/react-dom.development.js:6457:5)
      at dispatchDiscreteEvent (client/node_modules/react-dom/cjs/react-dom.development.js:6430:5)
      at HTMLDivElement.callTheUserObjectsOperation (node_modules/jsdom/lib/jsdom/living/generated/EventListener.js:26:30)
      at innerInvokeEventListeners (node_modules/jsdom/lib/jsdom/living/events/EventTarget-impl.js:350:25)
      at invokeEventListeners (node_modules/jsdom/lib/jsdom/living/events/EventTarget-impl.js:286:3)
      at HTMLInputElementImpl._dispatch (node_modules/jsdom/lib/jsdom/living/events/EventTarget-impl.js:233:9)
      at fireAnEvent (node_modules/jsdom/lib/jsdom/living/helpers/events.js:18:36)
      at sendClickToAssociatedNode (node_modules/jsdom/lib/jsdom/living/nodes/HTMLLabelElement-impl.js:12:3)
      at HTMLLabelElementImpl._activationBehavior (node_modules/jsdom/lib/jsdom/living/nodes/HTMLLabelElement-impl.js:87:7)
      at HTMLSpanElementImpl._dispatch (node_modules/jsdom/lib/jsdom/living/events/EventTarget-impl.js:252:26)
      at HTMLSpanElementImpl.dispatchEvent (node_modules/jsdom/lib/jsdom/living/events/EventTarget-impl.js:104:17)
      at HTMLSpanElement.dispatchEvent (node_modules/jsdom/lib/jsdom/living/generated/EventTarget.js:241:34)
      at client/node_modules/@testing-library/react/node_modules/@testing-library/dom/dist/events.js:19:20
      at client/node_modules/@testing-library/react/dist/pure.js:79:16
      at client/node_modules/@testing-library/react/dist/act-compat.js:64:24
      at act (client/node_modules/react/cjs/react.development.js:2512:16)
      at client/node_modules/@testing-library/react/dist/act-compat.js:63:25
      at Object.eventWrapper (client/node_modules/@testing-library/react/dist/pure.js:78:28)
      at fireEvent (client/node_modules/@testing-library/react/node_modules/@testing-library/dom/dist/events.js:12:35)
      at Function.fireEvent.<computed> [as click] (client/node_modules/@testing-library/react/node_modules/@testing-library/dom/dist/events.js:110:36)
      at Function.fireEvent.<computed> [as click] (client/node_modules/@testing-library/react/dist/fire-event.js:18:52)
      at Object.click (client/src/pages/HomePage.test.js:174:19)

    console.error
      Warning: Encountered two children with the same key, `4`. Keys should be unique so that components maintain their identity across updates. Non-unique keys may cause children to be duplicated and/or omitted — the behavior is unsupported and could change in a future version.
          at div
          at /Users/jaryl/cs4218-2420-ecom-project-team24/client/node_modules/antd/lib/radio/group.js:24:13
          at div
          at div
          at div
          at main
          at div
          at children (/Users/jaryl/cs4218-2420-ecom-project-team24/client/src/components/Layout.js:8:19)
          at HomePage (/Users/jaryl/cs4218-2420-ecom-project-team24/client/src/pages/HomePage.js:15:43)
          at routeContext (/Users/jaryl/cs4218-2420-ecom-project-team24/client/node_modules/react-router/lib/hooks.tsx:640:26)
          at children (/Users/jaryl/cs4218-2420-ecom-project-team24/client/node_modules/react-router/lib/components.tsx:504:3)
          at basenameProp (/Users/jaryl/cs4218-2420-ecom-project-team24/client/node_modules/react-router/lib/components.tsx:413:13)
          at basename (/Users/jaryl/cs4218-2420-ecom-project-team24/client/node_modules/react-router/lib/components.tsx:219:3)

       98 |
       99 | const renderHomePage = () => {
    > 100 |     render(
          |           ^
      101 |         <MemoryRouter initialEntries={["/"]}>
      102 |             <Routes>
      103 |                 <Route path="/" element={<HomePage />} />

      at printWarning (client/node_modules/react-dom/cjs/react-dom.development.js:86:30)
      at error (client/node_modules/react-dom/cjs/react-dom.development.js:60:7)
      at warnOnInvalidKey (client/node_modules/react-dom/cjs/react-dom.development.js:15293:11)
      at reconcileChildrenArray (client/node_modules/react-dom/cjs/react-dom.development.js:15330:21)
      at reconcileChildFibers (client/node_modules/react-dom/cjs/react-dom.development.js:15821:16)
      at reconcileChildren (client/node_modules/react-dom/cjs/react-dom.development.js:19167:28)
      at updateContextProvider (client/node_modules/react-dom/cjs/react-dom.development.js:21154:3)
      at beginWork (client/node_modules/react-dom/cjs/react-dom.development.js:21649:14)
      at beginWork$1 (client/node_modules/react-dom/cjs/react-dom.development.js:27426:14)
      at performUnitOfWork (client/node_modules/react-dom/cjs/react-dom.development.js:26560:12)
      at workLoopSync (client/node_modules/react-dom/cjs/react-dom.development.js:26466:5)
      at renderRootSync (client/node_modules/react-dom/cjs/react-dom.development.js:26434:7)
      at performConcurrentWorkOnRoot (client/node_modules/react-dom/cjs/react-dom.development.js:25738:74)
      at flushActQueue (client/node_modules/react/cjs/react.development.js:2667:24)
      at act (client/node_modules/react/cjs/react.development.js:2582:11)
      at client/node_modules/@testing-library/react/dist/act-compat.js:63:25
      at renderRoot (client/node_modules/@testing-library/react/dist/pure.js:159:26)
      at render (client/node_modules/@testing-library/react/dist/pure.js:246:10)
      at renderHomePage (client/src/pages/HomePage.test.js:100:11)
      at Object.renderHomePage (client/src/pages/HomePage.test.js:214:9)

    console.error
      Warning: Encountered two children with the same key, `4`. Keys should be unique so that components maintain their identity across updates. Non-unique keys may cause children to be duplicated and/or omitted — the behavior is unsupported and could change in a future version.
          at div
          at /Users/jaryl/cs4218-2420-ecom-project-team24/client/node_modules/antd/lib/radio/group.js:24:13
          at div
          at div
          at div
          at main
          at div
          at children (/Users/jaryl/cs4218-2420-ecom-project-team24/client/src/components/Layout.js:8:19)
          at HomePage (/Users/jaryl/cs4218-2420-ecom-project-team24/client/src/pages/HomePage.js:15:43)
          at routeContext (/Users/jaryl/cs4218-2420-ecom-project-team24/client/node_modules/react-router/lib/hooks.tsx:640:26)
          at children (/Users/jaryl/cs4218-2420-ecom-project-team24/client/node_modules/react-router/lib/components.tsx:504:3)
          at basenameProp (/Users/jaryl/cs4218-2420-ecom-project-team24/client/node_modules/react-router/lib/components.tsx:413:13)
          at basename (/Users/jaryl/cs4218-2420-ecom-project-team24/client/node_modules/react-router/lib/components.tsx:219:3)

       98 |
       99 | const renderHomePage = () => {
    > 100 |     render(
          |           ^
      101 |         <MemoryRouter initialEntries={["/"]}>
      102 |             <Routes>
      103 |                 <Route path="/" element={<HomePage />} />

      at printWarning (client/node_modules/react-dom/cjs/react-dom.development.js:86:30)
      at error (client/node_modules/react-dom/cjs/react-dom.development.js:60:7)
      at warnOnInvalidKey (client/node_modules/react-dom/cjs/react-dom.development.js:15293:11)
      at reconcileChildrenArray (client/node_modules/react-dom/cjs/react-dom.development.js:15330:21)
      at reconcileChildFibers (client/node_modules/react-dom/cjs/react-dom.development.js:15821:16)
      at reconcileChildren (client/node_modules/react-dom/cjs/react-dom.development.js:19174:28)
      at updateContextProvider (client/node_modules/react-dom/cjs/react-dom.development.js:21154:3)
      at beginWork (client/node_modules/react-dom/cjs/react-dom.development.js:21649:14)
      at beginWork$1 (client/node_modules/react-dom/cjs/react-dom.development.js:27426:14)
      at performUnitOfWork (client/node_modules/react-dom/cjs/react-dom.development.js:26560:12)
      at workLoopSync (client/node_modules/react-dom/cjs/react-dom.development.js:26466:5)
      at renderRootSync (client/node_modules/react-dom/cjs/react-dom.development.js:26434:7)
      at performConcurrentWorkOnRoot (client/node_modules/react-dom/cjs/react-dom.development.js:25738:74)
      at flushActQueue (client/node_modules/react/cjs/react.development.js:2667:24)
      at act (client/node_modules/react/cjs/react.development.js:2582:11)
      at client/node_modules/@testing-library/react/dist/act-compat.js:63:25
      at renderRoot (client/node_modules/@testing-library/react/dist/pure.js:159:26)
      at render (client/node_modules/@testing-library/react/dist/pure.js:246:10)
      at renderHomePage (client/src/pages/HomePage.test.js:100:11)
      at Object.renderHomePage (client/src/pages/HomePage.test.js:214:9)

    console.error
      Warning: Encountered two children with the same key, `4`. Keys should be unique so that components maintain their identity across updates. Non-unique keys may cause children to be duplicated and/or omitted — the behavior is unsupported and could change in a future version.
          at div
          at /Users/jaryl/cs4218-2420-ecom-project-team24/client/node_modules/antd/lib/radio/group.js:24:13
          at div
          at div
          at div
          at main
          at div
          at children (/Users/jaryl/cs4218-2420-ecom-project-team24/client/src/components/Layout.js:8:19)
          at HomePage (/Users/jaryl/cs4218-2420-ecom-project-team24/client/src/pages/HomePage.js:15:43)
          at routeContext (/Users/jaryl/cs4218-2420-ecom-project-team24/client/node_modules/react-router/lib/hooks.tsx:640:26)
          at children (/Users/jaryl/cs4218-2420-ecom-project-team24/client/node_modules/react-router/lib/components.tsx:504:3)
          at basenameProp (/Users/jaryl/cs4218-2420-ecom-project-team24/client/node_modules/react-router/lib/components.tsx:413:13)
          at basename (/Users/jaryl/cs4218-2420-ecom-project-team24/client/node_modules/react-router/lib/components.tsx:219:3)

       98 |
       99 | const renderHomePage = () => {
    > 100 |     render(
          |           ^
      101 |         <MemoryRouter initialEntries={["/"]}>
      102 |             <Routes>
      103 |                 <Route path="/" element={<HomePage />} />

      at printWarning (client/node_modules/react-dom/cjs/react-dom.development.js:86:30)
      at error (client/node_modules/react-dom/cjs/react-dom.development.js:60:7)
      at warnOnInvalidKey (client/node_modules/react-dom/cjs/react-dom.development.js:15293:11)
      at reconcileChildrenArray (client/node_modules/react-dom/cjs/react-dom.development.js:15330:21)
      at reconcileChildFibers (client/node_modules/react-dom/cjs/react-dom.development.js:15821:16)
      at reconcileChildren (client/node_modules/react-dom/cjs/react-dom.development.js:19167:28)
      at updateContextProvider (client/node_modules/react-dom/cjs/react-dom.development.js:21154:3)
      at beginWork (client/node_modules/react-dom/cjs/react-dom.development.js:21649:14)
      at beginWork$1 (client/node_modules/react-dom/cjs/react-dom.development.js:27426:14)
      at performUnitOfWork (client/node_modules/react-dom/cjs/react-dom.development.js:26560:12)
      at workLoopSync (client/node_modules/react-dom/cjs/react-dom.development.js:26466:5)
      at renderRootSync (client/node_modules/react-dom/cjs/react-dom.development.js:26434:7)
      at performConcurrentWorkOnRoot (client/node_modules/react-dom/cjs/react-dom.development.js:25738:74)
      at flushActQueue (client/node_modules/react/cjs/react.development.js:2667:24)
      at act (client/node_modules/react/cjs/react.development.js:2582:11)
      at client/node_modules/@testing-library/react/dist/act-compat.js:63:25
      at renderRoot (client/node_modules/@testing-library/react/dist/pure.js:159:26)
      at render (client/node_modules/@testing-library/react/dist/pure.js:246:10)
      at renderHomePage (client/src/pages/HomePage.test.js:100:11)
      at Object.renderHomePage (client/src/pages/HomePage.test.js:224:9)

    console.error
      Warning: Encountered two children with the same key, `4`. Keys should be unique so that components maintain their identity across updates. Non-unique keys may cause children to be duplicated and/or omitted — the behavior is unsupported and could change in a future version.
          at div
          at /Users/jaryl/cs4218-2420-ecom-project-team24/client/node_modules/antd/lib/radio/group.js:24:13
          at div
          at div
          at div
          at main
          at div
          at children (/Users/jaryl/cs4218-2420-ecom-project-team24/client/src/components/Layout.js:8:19)
          at HomePage (/Users/jaryl/cs4218-2420-ecom-project-team24/client/src/pages/HomePage.js:15:43)
          at routeContext (/Users/jaryl/cs4218-2420-ecom-project-team24/client/node_modules/react-router/lib/hooks.tsx:640:26)
          at children (/Users/jaryl/cs4218-2420-ecom-project-team24/client/node_modules/react-router/lib/components.tsx:504:3)
          at basenameProp (/Users/jaryl/cs4218-2420-ecom-project-team24/client/node_modules/react-router/lib/components.tsx:413:13)
          at basename (/Users/jaryl/cs4218-2420-ecom-project-team24/client/node_modules/react-router/lib/components.tsx:219:3)

       98 |
       99 | const renderHomePage = () => {
    > 100 |     render(
          |           ^
      101 |         <MemoryRouter initialEntries={["/"]}>
      102 |             <Routes>
      103 |                 <Route path="/" element={<HomePage />} />

      at printWarning (client/node_modules/react-dom/cjs/react-dom.development.js:86:30)
      at error (client/node_modules/react-dom/cjs/react-dom.development.js:60:7)
      at warnOnInvalidKey (client/node_modules/react-dom/cjs/react-dom.development.js:15293:11)
      at reconcileChildrenArray (client/node_modules/react-dom/cjs/react-dom.development.js:15330:21)
      at reconcileChildFibers (client/node_modules/react-dom/cjs/react-dom.development.js:15821:16)
      at reconcileChildren (client/node_modules/react-dom/cjs/react-dom.development.js:19174:28)
      at updateContextProvider (client/node_modules/react-dom/cjs/react-dom.development.js:21154:3)
      at beginWork (client/node_modules/react-dom/cjs/react-dom.development.js:21649:14)
      at beginWork$1 (client/node_modules/react-dom/cjs/react-dom.development.js:27426:14)
      at performUnitOfWork (client/node_modules/react-dom/cjs/react-dom.development.js:26560:12)
      at workLoopSync (client/node_modules/react-dom/cjs/react-dom.development.js:26466:5)
      at renderRootSync (client/node_modules/react-dom/cjs/react-dom.development.js:26434:7)
      at performConcurrentWorkOnRoot (client/node_modules/react-dom/cjs/react-dom.development.js:25738:74)
      at flushActQueue (client/node_modules/react/cjs/react.development.js:2667:24)
      at act (client/node_modules/react/cjs/react.development.js:2582:11)
      at client/node_modules/@testing-library/react/dist/act-compat.js:63:25
      at renderRoot (client/node_modules/@testing-library/react/dist/pure.js:159:26)
      at render (client/node_modules/@testing-library/react/dist/pure.js:246:10)
      at renderHomePage (client/src/pages/HomePage.test.js:100:11)
      at Object.renderHomePage (client/src/pages/HomePage.test.js:224:9)

    console.error
      Warning: Encountered two children with the same key, `4`. Keys should be unique so that components maintain their identity across updates. Non-unique keys may cause children to be duplicated and/or omitted — the behavior is unsupported and could change in a future version.
          at div
          at /Users/jaryl/cs4218-2420-ecom-project-team24/client/node_modules/antd/lib/radio/group.js:24:13
          at div
          at div
          at div
          at main
          at div
          at children (/Users/jaryl/cs4218-2420-ecom-project-team24/client/src/components/Layout.js:8:19)
          at HomePage (/Users/jaryl/cs4218-2420-ecom-project-team24/client/src/pages/HomePage.js:15:43)
          at routeContext (/Users/jaryl/cs4218-2420-ecom-project-team24/client/node_modules/react-router/lib/hooks.tsx:640:26)
          at children (/Users/jaryl/cs4218-2420-ecom-project-team24/client/node_modules/react-router/lib/components.tsx:504:3)
          at basenameProp (/Users/jaryl/cs4218-2420-ecom-project-team24/client/node_modules/react-router/lib/components.tsx:413:13)
          at basename (/Users/jaryl/cs4218-2420-ecom-project-team24/client/node_modules/react-router/lib/components.tsx:219:3)

      231 |             );
      232 |
    > 233 |             fireEvent.click(screen.getByText(price.name));
          |                       ^
      234 |             await waitFor(() => {
      235 |                 expect(axios.post).toHaveBeenCalledWith('/api/v1/product/product-filters',
      236 |                     {

      at printWarning (client/node_modules/react-dom/cjs/react-dom.development.js:86:30)
      at error (client/node_modules/react-dom/cjs/react-dom.development.js:60:7)
      at warnOnInvalidKey (client/node_modules/react-dom/cjs/react-dom.development.js:15293:11)
      at reconcileChildrenArray (client/node_modules/react-dom/cjs/react-dom.development.js:15330:21)
      at reconcileChildFibers (client/node_modules/react-dom/cjs/react-dom.development.js:15821:16)
      at reconcileChildren (client/node_modules/react-dom/cjs/react-dom.development.js:19174:28)
      at updateContextProvider (client/node_modules/react-dom/cjs/react-dom.development.js:21154:3)
      at beginWork (client/node_modules/react-dom/cjs/react-dom.development.js:21649:14)
      at beginWork$1 (client/node_modules/react-dom/cjs/react-dom.development.js:27426:14)
      at performUnitOfWork (client/node_modules/react-dom/cjs/react-dom.development.js:26560:12)
      at workLoopSync (client/node_modules/react-dom/cjs/react-dom.development.js:26466:5)
      at renderRootSync (client/node_modules/react-dom/cjs/react-dom.development.js:26434:7)
      at performSyncWorkOnRoot (client/node_modules/react-dom/cjs/react-dom.development.js:26085:20)
      at flushSyncCallbacks (client/node_modules/react-dom/cjs/react-dom.development.js:12042:22)
      at flushSync (client/node_modules/react-dom/cjs/react-dom.development.js:26201:7)
      at finishEventHandler (client/node_modules/react-dom/cjs/react-dom.development.js:3976:5)
      at batchedUpdates (client/node_modules/react-dom/cjs/react-dom.development.js:3994:5)
      at dispatchEventForPluginEventSystem (client/node_modules/react-dom/cjs/react-dom.development.js:9287:3)
      at dispatchEventWithEnableCapturePhaseSelectiveHydrationWithoutDiscreteEventReplay (client/node_modules/react-dom/cjs/react-dom.development.js:6465:5)
      at dispatchEvent (client/node_modules/react-dom/cjs/react-dom.development.js:6457:5)
      at dispatchDiscreteEvent (client/node_modules/react-dom/cjs/react-dom.development.js:6430:5)
      at HTMLDivElement.callTheUserObjectsOperation (node_modules/jsdom/lib/jsdom/living/generated/EventListener.js:26:30)
      at innerInvokeEventListeners (node_modules/jsdom/lib/jsdom/living/events/EventTarget-impl.js:350:25)
      at invokeEventListeners (node_modules/jsdom/lib/jsdom/living/events/EventTarget-impl.js:286:3)
      at HTMLInputElementImpl._dispatch (node_modules/jsdom/lib/jsdom/living/events/EventTarget-impl.js:233:9)
      at fireAnEvent (node_modules/jsdom/lib/jsdom/living/helpers/events.js:18:36)
      at sendClickToAssociatedNode (node_modules/jsdom/lib/jsdom/living/nodes/HTMLLabelElement-impl.js:12:3)
      at HTMLLabelElementImpl._activationBehavior (node_modules/jsdom/lib/jsdom/living/nodes/HTMLLabelElement-impl.js:87:7)
      at HTMLSpanElementImpl._dispatch (node_modules/jsdom/lib/jsdom/living/events/EventTarget-impl.js:252:26)
      at HTMLSpanElementImpl.dispatchEvent (node_modules/jsdom/lib/jsdom/living/events/EventTarget-impl.js:104:17)
      at HTMLSpanElement.dispatchEvent (node_modules/jsdom/lib/jsdom/living/generated/EventTarget.js:241:34)
      at client/node_modules/@testing-library/react/node_modules/@testing-library/dom/dist/events.js:19:20
      at client/node_modules/@testing-library/react/dist/pure.js:79:16
      at client/node_modules/@testing-library/react/dist/act-compat.js:64:24
      at act (client/node_modules/react/cjs/react.development.js:2512:16)
      at client/node_modules/@testing-library/react/dist/act-compat.js:63:25
      at Object.eventWrapper (client/node_modules/@testing-library/react/dist/pure.js:78:28)
      at fireEvent (client/node_modules/@testing-library/react/node_modules/@testing-library/dom/dist/events.js:12:35)
      at Function.fireEvent.<computed> [as click] (client/node_modules/@testing-library/react/node_modules/@testing-library/dom/dist/events.js:110:36)
      at Function.fireEvent.<computed> [as click] (client/node_modules/@testing-library/react/dist/fire-event.js:18:52)
      at Object.click (client/src/pages/HomePage.test.js:233:23)

    console.error
      Warning: Encountered two children with the same key, `4`. Keys should be unique so that components maintain their identity across updates. Non-unique keys may cause children to be duplicated and/or omitted — the behavior is unsupported and could change in a future version.
          at div
          at /Users/jaryl/cs4218-2420-ecom-project-team24/client/node_modules/antd/lib/radio/group.js:24:13
          at div
          at div
          at div
          at main
          at div
          at children (/Users/jaryl/cs4218-2420-ecom-project-team24/client/src/components/Layout.js:8:19)
          at HomePage (/Users/jaryl/cs4218-2420-ecom-project-team24/client/src/pages/HomePage.js:15:43)
          at routeContext (/Users/jaryl/cs4218-2420-ecom-project-team24/client/node_modules/react-router/lib/hooks.tsx:640:26)
          at children (/Users/jaryl/cs4218-2420-ecom-project-team24/client/node_modules/react-router/lib/components.tsx:504:3)
          at basenameProp (/Users/jaryl/cs4218-2420-ecom-project-team24/client/node_modules/react-router/lib/components.tsx:413:13)
          at basename (/Users/jaryl/cs4218-2420-ecom-project-team24/client/node_modules/react-router/lib/components.tsx:219:3)

      at printWarning (client/node_modules/react-dom/cjs/react-dom.development.js:86:30)
      at error (client/node_modules/react-dom/cjs/react-dom.development.js:60:7)
      at warnOnInvalidKey (client/node_modules/react-dom/cjs/react-dom.development.js:15293:11)
      at reconcileChildrenArray (client/node_modules/react-dom/cjs/react-dom.development.js:15330:21)
      at reconcileChildFibers (client/node_modules/react-dom/cjs/react-dom.development.js:15821:16)
      at reconcileChildren (client/node_modules/react-dom/cjs/react-dom.development.js:19174:28)
      at updateContextProvider (client/node_modules/react-dom/cjs/react-dom.development.js:21154:3)
      at beginWork (client/node_modules/react-dom/cjs/react-dom.development.js:21649:14)
      at beginWork$1 (client/node_modules/react-dom/cjs/react-dom.development.js:27426:14)
      at performUnitOfWork (client/node_modules/react-dom/cjs/react-dom.development.js:26560:12)
      at workLoopSync (client/node_modules/react-dom/cjs/react-dom.development.js:26466:5)
      at renderRootSync (client/node_modules/react-dom/cjs/react-dom.development.js:26434:7)
      at performConcurrentWorkOnRoot (client/node_modules/react-dom/cjs/react-dom.development.js:25738:74)
      at workLoop (client/node_modules/scheduler/cjs/scheduler.development.js:266:34)
      at flushWork (client/node_modules/scheduler/cjs/scheduler.development.js:239:14)
      at performWorkUntilDeadline (client/node_modules/scheduler/cjs/scheduler.development.js:533:21)
      at Timeout.task [as _onTimeout] (node_modules/jsdom/lib/jsdom/browser/Window.js:520:19)

    console.error
      Warning: Encountered two children with the same key, `4`. Keys should be unique so that components maintain their identity across updates. Non-unique keys may cause children to be duplicated and/or omitted — the behavior is unsupported and could change in a future version.
          at div
          at /Users/jaryl/cs4218-2420-ecom-project-team24/client/node_modules/antd/lib/radio/group.js:24:13
          at div
          at div
          at div
          at main
          at div
          at children (/Users/jaryl/cs4218-2420-ecom-project-team24/client/src/components/Layout.js:8:19)
          at HomePage (/Users/jaryl/cs4218-2420-ecom-project-team24/client/src/pages/HomePage.js:15:43)
          at routeContext (/Users/jaryl/cs4218-2420-ecom-project-team24/client/node_modules/react-router/lib/hooks.tsx:640:26)
          at children (/Users/jaryl/cs4218-2420-ecom-project-team24/client/node_modules/react-router/lib/components.tsx:504:3)
          at basenameProp (/Users/jaryl/cs4218-2420-ecom-project-team24/client/node_modules/react-router/lib/components.tsx:413:13)
          at basename (/Users/jaryl/cs4218-2420-ecom-project-team24/client/node_modules/react-router/lib/components.tsx:219:3)

      231 |             );
      232 |
    > 233 |             fireEvent.click(screen.getByText(price.name));
          |                       ^
      234 |             await waitFor(() => {
      235 |                 expect(axios.post).toHaveBeenCalledWith('/api/v1/product/product-filters',
      236 |                     {

      at printWarning (client/node_modules/react-dom/cjs/react-dom.development.js:86:30)
      at error (client/node_modules/react-dom/cjs/react-dom.development.js:60:7)
      at warnOnInvalidKey (client/node_modules/react-dom/cjs/react-dom.development.js:15293:11)
      at reconcileChildrenArray (client/node_modules/react-dom/cjs/react-dom.development.js:15330:21)
      at reconcileChildFibers (client/node_modules/react-dom/cjs/react-dom.development.js:15821:16)
      at reconcileChildren (client/node_modules/react-dom/cjs/react-dom.development.js:19174:28)
      at updateContextProvider (client/node_modules/react-dom/cjs/react-dom.development.js:21154:3)
      at beginWork (client/node_modules/react-dom/cjs/react-dom.development.js:21649:14)
      at beginWork$1 (client/node_modules/react-dom/cjs/react-dom.development.js:27426:14)
      at performUnitOfWork (client/node_modules/react-dom/cjs/react-dom.development.js:26560:12)
      at workLoopSync (client/node_modules/react-dom/cjs/react-dom.development.js:26466:5)
      at renderRootSync (client/node_modules/react-dom/cjs/react-dom.development.js:26434:7)
      at performSyncWorkOnRoot (client/node_modules/react-dom/cjs/react-dom.development.js:26085:20)
      at flushSyncCallbacks (client/node_modules/react-dom/cjs/react-dom.development.js:12042:22)
      at flushSync (client/node_modules/react-dom/cjs/react-dom.development.js:26201:7)
      at finishEventHandler (client/node_modules/react-dom/cjs/react-dom.development.js:3976:5)
      at batchedUpdates (client/node_modules/react-dom/cjs/react-dom.development.js:3994:5)
      at dispatchEventForPluginEventSystem (client/node_modules/react-dom/cjs/react-dom.development.js:9287:3)
      at dispatchEventWithEnableCapturePhaseSelectiveHydrationWithoutDiscreteEventReplay (client/node_modules/react-dom/cjs/react-dom.development.js:6465:5)
      at dispatchEvent (client/node_modules/react-dom/cjs/react-dom.development.js:6457:5)
      at dispatchDiscreteEvent (client/node_modules/react-dom/cjs/react-dom.development.js:6430:5)
      at HTMLDivElement.callTheUserObjectsOperation (node_modules/jsdom/lib/jsdom/living/generated/EventListener.js:26:30)
      at innerInvokeEventListeners (node_modules/jsdom/lib/jsdom/living/events/EventTarget-impl.js:350:25)
      at invokeEventListeners (node_modules/jsdom/lib/jsdom/living/events/EventTarget-impl.js:286:3)
      at HTMLInputElementImpl._dispatch (node_modules/jsdom/lib/jsdom/living/events/EventTarget-impl.js:233:9)
      at fireAnEvent (node_modules/jsdom/lib/jsdom/living/helpers/events.js:18:36)
      at sendClickToAssociatedNode (node_modules/jsdom/lib/jsdom/living/nodes/HTMLLabelElement-impl.js:12:3)
      at HTMLLabelElementImpl._activationBehavior (node_modules/jsdom/lib/jsdom/living/nodes/HTMLLabelElement-impl.js:87:7)
      at HTMLSpanElementImpl._dispatch (node_modules/jsdom/lib/jsdom/living/events/EventTarget-impl.js:252:26)
      at HTMLSpanElementImpl.dispatchEvent (node_modules/jsdom/lib/jsdom/living/events/EventTarget-impl.js:104:17)
      at HTMLSpanElement.dispatchEvent (node_modules/jsdom/lib/jsdom/living/generated/EventTarget.js:241:34)
      at client/node_modules/@testing-library/react/node_modules/@testing-library/dom/dist/events.js:19:20
      at client/node_modules/@testing-library/react/dist/pure.js:79:16
      at client/node_modules/@testing-library/react/dist/act-compat.js:64:24
      at act (client/node_modules/react/cjs/react.development.js:2512:16)
      at client/node_modules/@testing-library/react/dist/act-compat.js:63:25
      at Object.eventWrapper (client/node_modules/@testing-library/react/dist/pure.js:78:28)
      at fireEvent (client/node_modules/@testing-library/react/node_modules/@testing-library/dom/dist/events.js:12:35)
      at Function.fireEvent.<computed> [as click] (client/node_modules/@testing-library/react/node_modules/@testing-library/dom/dist/events.js:110:36)
      at Function.fireEvent.<computed> [as click] (client/node_modules/@testing-library/react/dist/fire-event.js:18:52)
      at Object.click (client/src/pages/HomePage.test.js:233:23)

    console.error
      Warning: Encountered two children with the same key, `4`. Keys should be unique so that components maintain their identity across updates. Non-unique keys may cause children to be duplicated and/or omitted — the behavior is unsupported and could change in a future version.
          at div
          at /Users/jaryl/cs4218-2420-ecom-project-team24/client/node_modules/antd/lib/radio/group.js:24:13
          at div
          at div
          at div
          at main
          at div
          at children (/Users/jaryl/cs4218-2420-ecom-project-team24/client/src/components/Layout.js:8:19)
          at HomePage (/Users/jaryl/cs4218-2420-ecom-project-team24/client/src/pages/HomePage.js:15:43)
          at routeContext (/Users/jaryl/cs4218-2420-ecom-project-team24/client/node_modules/react-router/lib/hooks.tsx:640:26)
          at children (/Users/jaryl/cs4218-2420-ecom-project-team24/client/node_modules/react-router/lib/components.tsx:504:3)
          at basenameProp (/Users/jaryl/cs4218-2420-ecom-project-team24/client/node_modules/react-router/lib/components.tsx:413:13)
          at basename (/Users/jaryl/cs4218-2420-ecom-project-team24/client/node_modules/react-router/lib/components.tsx:219:3)

      at printWarning (client/node_modules/react-dom/cjs/react-dom.development.js:86:30)
      at error (client/node_modules/react-dom/cjs/react-dom.development.js:60:7)
      at warnOnInvalidKey (client/node_modules/react-dom/cjs/react-dom.development.js:15293:11)
      at reconcileChildrenArray (client/node_modules/react-dom/cjs/react-dom.development.js:15330:21)
      at reconcileChildFibers (client/node_modules/react-dom/cjs/react-dom.development.js:15821:16)
      at reconcileChildren (client/node_modules/react-dom/cjs/react-dom.development.js:19174:28)
      at updateContextProvider (client/node_modules/react-dom/cjs/react-dom.development.js:21154:3)
      at beginWork (client/node_modules/react-dom/cjs/react-dom.development.js:21649:14)
      at beginWork$1 (client/node_modules/react-dom/cjs/react-dom.development.js:27426:14)
      at performUnitOfWork (client/node_modules/react-dom/cjs/react-dom.development.js:26560:12)
      at workLoopSync (client/node_modules/react-dom/cjs/react-dom.development.js:26466:5)
      at renderRootSync (client/node_modules/react-dom/cjs/react-dom.development.js:26434:7)
      at performConcurrentWorkOnRoot (client/node_modules/react-dom/cjs/react-dom.development.js:25738:74)
      at workLoop (client/node_modules/scheduler/cjs/scheduler.development.js:266:34)
      at flushWork (client/node_modules/scheduler/cjs/scheduler.development.js:239:14)
      at performWorkUntilDeadline (client/node_modules/scheduler/cjs/scheduler.development.js:533:21)
      at Timeout.task [as _onTimeout] (node_modules/jsdom/lib/jsdom/browser/Window.js:520:19)

    console.error
      Warning: Encountered two children with the same key, `4`. Keys should be unique so that components maintain their identity across updates. Non-unique keys may cause children to be duplicated and/or omitted — the behavior is unsupported and could change in a future version.
          at div
          at /Users/jaryl/cs4218-2420-ecom-project-team24/client/node_modules/antd/lib/radio/group.js:24:13
          at div
          at div
          at div
          at main
          at div
          at children (/Users/jaryl/cs4218-2420-ecom-project-team24/client/src/components/Layout.js:8:19)
          at HomePage (/Users/jaryl/cs4218-2420-ecom-project-team24/client/src/pages/HomePage.js:15:43)
          at routeContext (/Users/jaryl/cs4218-2420-ecom-project-team24/client/node_modules/react-router/lib/hooks.tsx:640:26)
          at children (/Users/jaryl/cs4218-2420-ecom-project-team24/client/node_modules/react-router/lib/components.tsx:504:3)
          at basenameProp (/Users/jaryl/cs4218-2420-ecom-project-team24/client/node_modules/react-router/lib/components.tsx:413:13)
          at basename (/Users/jaryl/cs4218-2420-ecom-project-team24/client/node_modules/react-router/lib/components.tsx:219:3)

      231 |             );
      232 |
    > 233 |             fireEvent.click(screen.getByText(price.name));
          |                       ^
      234 |             await waitFor(() => {
      235 |                 expect(axios.post).toHaveBeenCalledWith('/api/v1/product/product-filters',
      236 |                     {

      at printWarning (client/node_modules/react-dom/cjs/react-dom.development.js:86:30)
      at error (client/node_modules/react-dom/cjs/react-dom.development.js:60:7)
      at warnOnInvalidKey (client/node_modules/react-dom/cjs/react-dom.development.js:15293:11)
      at reconcileChildrenArray (client/node_modules/react-dom/cjs/react-dom.development.js:15330:21)
      at reconcileChildFibers (client/node_modules/react-dom/cjs/react-dom.development.js:15821:16)
      at reconcileChildren (client/node_modules/react-dom/cjs/react-dom.development.js:19174:28)
      at updateContextProvider (client/node_modules/react-dom/cjs/react-dom.development.js:21154:3)
      at beginWork (client/node_modules/react-dom/cjs/react-dom.development.js:21649:14)
      at beginWork$1 (client/node_modules/react-dom/cjs/react-dom.development.js:27426:14)
      at performUnitOfWork (client/node_modules/react-dom/cjs/react-dom.development.js:26560:12)
      at workLoopSync (client/node_modules/react-dom/cjs/react-dom.development.js:26466:5)
      at renderRootSync (client/node_modules/react-dom/cjs/react-dom.development.js:26434:7)
      at performSyncWorkOnRoot (client/node_modules/react-dom/cjs/react-dom.development.js:26085:20)
      at flushSyncCallbacks (client/node_modules/react-dom/cjs/react-dom.development.js:12042:22)
      at flushSync (client/node_modules/react-dom/cjs/react-dom.development.js:26201:7)
      at finishEventHandler (client/node_modules/react-dom/cjs/react-dom.development.js:3976:5)
      at batchedUpdates (client/node_modules/react-dom/cjs/react-dom.development.js:3994:5)
      at dispatchEventForPluginEventSystem (client/node_modules/react-dom/cjs/react-dom.development.js:9287:3)
      at dispatchEventWithEnableCapturePhaseSelectiveHydrationWithoutDiscreteEventReplay (client/node_modules/react-dom/cjs/react-dom.development.js:6465:5)
      at dispatchEvent (client/node_modules/react-dom/cjs/react-dom.development.js:6457:5)
      at dispatchDiscreteEvent (client/node_modules/react-dom/cjs/react-dom.development.js:6430:5)
      at HTMLDivElement.callTheUserObjectsOperation (node_modules/jsdom/lib/jsdom/living/generated/EventListener.js:26:30)
      at innerInvokeEventListeners (node_modules/jsdom/lib/jsdom/living/events/EventTarget-impl.js:350:25)
      at invokeEventListeners (node_modules/jsdom/lib/jsdom/living/events/EventTarget-impl.js:286:3)
      at HTMLInputElementImpl._dispatch (node_modules/jsdom/lib/jsdom/living/events/EventTarget-impl.js:233:9)
      at fireAnEvent (node_modules/jsdom/lib/jsdom/living/helpers/events.js:18:36)
      at sendClickToAssociatedNode (node_modules/jsdom/lib/jsdom/living/nodes/HTMLLabelElement-impl.js:12:3)
      at HTMLLabelElementImpl._activationBehavior (node_modules/jsdom/lib/jsdom/living/nodes/HTMLLabelElement-impl.js:87:7)
      at HTMLSpanElementImpl._dispatch (node_modules/jsdom/lib/jsdom/living/events/EventTarget-impl.js:252:26)
      at HTMLSpanElementImpl.dispatchEvent (node_modules/jsdom/lib/jsdom/living/events/EventTarget-impl.js:104:17)
      at HTMLSpanElement.dispatchEvent (node_modules/jsdom/lib/jsdom/living/generated/EventTarget.js:241:34)
      at client/node_modules/@testing-library/react/node_modules/@testing-library/dom/dist/events.js:19:20
      at client/node_modules/@testing-library/react/dist/pure.js:79:16
      at client/node_modules/@testing-library/react/dist/act-compat.js:64:24
      at act (client/node_modules/react/cjs/react.development.js:2512:16)
      at client/node_modules/@testing-library/react/dist/act-compat.js:63:25
      at Object.eventWrapper (client/node_modules/@testing-library/react/dist/pure.js:78:28)
      at fireEvent (client/node_modules/@testing-library/react/node_modules/@testing-library/dom/dist/events.js:12:35)
      at Function.fireEvent.<computed> [as click] (client/node_modules/@testing-library/react/node_modules/@testing-library/dom/dist/events.js:110:36)
      at Function.fireEvent.<computed> [as click] (client/node_modules/@testing-library/react/dist/fire-event.js:18:52)
      at Object.click (client/src/pages/HomePage.test.js:233:23)

    console.error
      Warning: Encountered two children with the same key, `4`. Keys should be unique so that components maintain their identity across updates. Non-unique keys may cause children to be duplicated and/or omitted — the behavior is unsupported and could change in a future version.
          at div
          at /Users/jaryl/cs4218-2420-ecom-project-team24/client/node_modules/antd/lib/radio/group.js:24:13
          at div
          at div
          at div
          at main
          at div
          at children (/Users/jaryl/cs4218-2420-ecom-project-team24/client/src/components/Layout.js:8:19)
          at HomePage (/Users/jaryl/cs4218-2420-ecom-project-team24/client/src/pages/HomePage.js:15:43)
          at routeContext (/Users/jaryl/cs4218-2420-ecom-project-team24/client/node_modules/react-router/lib/hooks.tsx:640:26)
          at children (/Users/jaryl/cs4218-2420-ecom-project-team24/client/node_modules/react-router/lib/components.tsx:504:3)
          at basenameProp (/Users/jaryl/cs4218-2420-ecom-project-team24/client/node_modules/react-router/lib/components.tsx:413:13)
          at basename (/Users/jaryl/cs4218-2420-ecom-project-team24/client/node_modules/react-router/lib/components.tsx:219:3)

      231 |             );
      232 |
    > 233 |             fireEvent.click(screen.getByText(price.name));
          |                       ^
      234 |             await waitFor(() => {
      235 |                 expect(axios.post).toHaveBeenCalledWith('/api/v1/product/product-filters',
      236 |                     {

      at printWarning (client/node_modules/react-dom/cjs/react-dom.development.js:86:30)
      at error (client/node_modules/react-dom/cjs/react-dom.development.js:60:7)
      at warnOnInvalidKey (client/node_modules/react-dom/cjs/react-dom.development.js:15293:11)
      at reconcileChildrenArray (client/node_modules/react-dom/cjs/react-dom.development.js:15330:21)
      at reconcileChildFibers (client/node_modules/react-dom/cjs/react-dom.development.js:15821:16)
      at reconcileChildren (client/node_modules/react-dom/cjs/react-dom.development.js:19174:28)
      at updateContextProvider (client/node_modules/react-dom/cjs/react-dom.development.js:21154:3)
      at beginWork (client/node_modules/react-dom/cjs/react-dom.development.js:21649:14)
      at beginWork$1 (client/node_modules/react-dom/cjs/react-dom.development.js:27426:14)
      at performUnitOfWork (client/node_modules/react-dom/cjs/react-dom.development.js:26560:12)
      at workLoopSync (client/node_modules/react-dom/cjs/react-dom.development.js:26466:5)
      at renderRootSync (client/node_modules/react-dom/cjs/react-dom.development.js:26434:7)
      at performSyncWorkOnRoot (client/node_modules/react-dom/cjs/react-dom.development.js:26085:20)
      at flushSyncCallbacks (client/node_modules/react-dom/cjs/react-dom.development.js:12042:22)
      at flushSync (client/node_modules/react-dom/cjs/react-dom.development.js:26201:7)
      at finishEventHandler (client/node_modules/react-dom/cjs/react-dom.development.js:3976:5)
      at batchedUpdates (client/node_modules/react-dom/cjs/react-dom.development.js:3994:5)
      at dispatchEventForPluginEventSystem (client/node_modules/react-dom/cjs/react-dom.development.js:9287:3)
      at dispatchEventWithEnableCapturePhaseSelectiveHydrationWithoutDiscreteEventReplay (client/node_modules/react-dom/cjs/react-dom.development.js:6465:5)
      at dispatchEvent (client/node_modules/react-dom/cjs/react-dom.development.js:6457:5)
      at dispatchDiscreteEvent (client/node_modules/react-dom/cjs/react-dom.development.js:6430:5)
      at HTMLDivElement.callTheUserObjectsOperation (node_modules/jsdom/lib/jsdom/living/generated/EventListener.js:26:30)
      at innerInvokeEventListeners (node_modules/jsdom/lib/jsdom/living/events/EventTarget-impl.js:350:25)
      at invokeEventListeners (node_modules/jsdom/lib/jsdom/living/events/EventTarget-impl.js:286:3)
      at HTMLInputElementImpl._dispatch (node_modules/jsdom/lib/jsdom/living/events/EventTarget-impl.js:233:9)
      at fireAnEvent (node_modules/jsdom/lib/jsdom/living/helpers/events.js:18:36)
      at sendClickToAssociatedNode (node_modules/jsdom/lib/jsdom/living/nodes/HTMLLabelElement-impl.js:12:3)
      at HTMLLabelElementImpl._activationBehavior (node_modules/jsdom/lib/jsdom/living/nodes/HTMLLabelElement-impl.js:87:7)
      at HTMLSpanElementImpl._dispatch (node_modules/jsdom/lib/jsdom/living/events/EventTarget-impl.js:252:26)
      at HTMLSpanElementImpl.dispatchEvent (node_modules/jsdom/lib/jsdom/living/events/EventTarget-impl.js:104:17)
      at HTMLSpanElement.dispatchEvent (node_modules/jsdom/lib/jsdom/living/generated/EventTarget.js:241:34)
      at client/node_modules/@testing-library/react/node_modules/@testing-library/dom/dist/events.js:19:20
      at client/node_modules/@testing-library/react/dist/pure.js:79:16
      at client/node_modules/@testing-library/react/dist/act-compat.js:64:24
      at act (client/node_modules/react/cjs/react.development.js:2512:16)
      at client/node_modules/@testing-library/react/dist/act-compat.js:63:25
      at Object.eventWrapper (client/node_modules/@testing-library/react/dist/pure.js:78:28)
      at fireEvent (client/node_modules/@testing-library/react/node_modules/@testing-library/dom/dist/events.js:12:35)
      at Function.fireEvent.<computed> [as click] (client/node_modules/@testing-library/react/node_modules/@testing-library/dom/dist/events.js:110:36)
      at Function.fireEvent.<computed> [as click] (client/node_modules/@testing-library/react/dist/fire-event.js:18:52)
      at Object.click (client/src/pages/HomePage.test.js:233:23)

    console.error
      Warning: Encountered two children with the same key, `4`. Keys should be unique so that components maintain their identity across updates. Non-unique keys may cause children to be duplicated and/or omitted — the behavior is unsupported and could change in a future version.
          at div
          at /Users/jaryl/cs4218-2420-ecom-project-team24/client/node_modules/antd/lib/radio/group.js:24:13
          at div
          at div
          at div
          at main
          at div
          at children (/Users/jaryl/cs4218-2420-ecom-project-team24/client/src/components/Layout.js:8:19)
          at HomePage (/Users/jaryl/cs4218-2420-ecom-project-team24/client/src/pages/HomePage.js:15:43)
          at routeContext (/Users/jaryl/cs4218-2420-ecom-project-team24/client/node_modules/react-router/lib/hooks.tsx:640:26)
          at children (/Users/jaryl/cs4218-2420-ecom-project-team24/client/node_modules/react-router/lib/components.tsx:504:3)
          at basenameProp (/Users/jaryl/cs4218-2420-ecom-project-team24/client/node_modules/react-router/lib/components.tsx:413:13)
          at basename (/Users/jaryl/cs4218-2420-ecom-project-team24/client/node_modules/react-router/lib/components.tsx:219:3)

      231 |             );
      232 |
    > 233 |             fireEvent.click(screen.getByText(price.name));
          |                       ^
      234 |             await waitFor(() => {
      235 |                 expect(axios.post).toHaveBeenCalledWith('/api/v1/product/product-filters',
      236 |                     {

      at printWarning (client/node_modules/react-dom/cjs/react-dom.development.js:86:30)
      at error (client/node_modules/react-dom/cjs/react-dom.development.js:60:7)
      at warnOnInvalidKey (client/node_modules/react-dom/cjs/react-dom.development.js:15293:11)
      at reconcileChildrenArray (client/node_modules/react-dom/cjs/react-dom.development.js:15330:21)
      at reconcileChildFibers (client/node_modules/react-dom/cjs/react-dom.development.js:15821:16)
      at reconcileChildren (client/node_modules/react-dom/cjs/react-dom.development.js:19174:28)
      at updateContextProvider (client/node_modules/react-dom/cjs/react-dom.development.js:21154:3)
      at beginWork (client/node_modules/react-dom/cjs/react-dom.development.js:21649:14)
      at beginWork$1 (client/node_modules/react-dom/cjs/react-dom.development.js:27426:14)
      at performUnitOfWork (client/node_modules/react-dom/cjs/react-dom.development.js:26560:12)
      at workLoopSync (client/node_modules/react-dom/cjs/react-dom.development.js:26466:5)
      at renderRootSync (client/node_modules/react-dom/cjs/react-dom.development.js:26434:7)
      at performConcurrentWorkOnRoot (client/node_modules/react-dom/cjs/react-dom.development.js:25738:74)
      at flushActQueue (client/node_modules/react/cjs/react.development.js:2667:24)
      at act (client/node_modules/react/cjs/react.development.js:2582:11)
      at client/node_modules/@testing-library/react/dist/act-compat.js:63:25
      at Object.eventWrapper (client/node_modules/@testing-library/react/dist/pure.js:78:28)
      at fireEvent (client/node_modules/@testing-library/react/node_modules/@testing-library/dom/dist/events.js:12:35)
      at Function.fireEvent.<computed> [as click] (client/node_modules/@testing-library/react/node_modules/@testing-library/dom/dist/events.js:110:36)
      at Function.fireEvent.<computed> [as click] (client/node_modules/@testing-library/react/dist/fire-event.js:18:52)
      at Object.click (client/src/pages/HomePage.test.js:233:23)

    console.error
      Warning: Encountered two children with the same key, `4`. Keys should be unique so that components maintain their identity across updates. Non-unique keys may cause children to be duplicated and/or omitted — the behavior is unsupported and could change in a future version.
          at div
          at /Users/jaryl/cs4218-2420-ecom-project-team24/client/node_modules/antd/lib/radio/group.js:24:13
          at div
          at div
          at div
          at main
          at div
          at children (/Users/jaryl/cs4218-2420-ecom-project-team24/client/src/components/Layout.js:8:19)
          at HomePage (/Users/jaryl/cs4218-2420-ecom-project-team24/client/src/pages/HomePage.js:15:43)
          at routeContext (/Users/jaryl/cs4218-2420-ecom-project-team24/client/node_modules/react-router/lib/hooks.tsx:640:26)
          at children (/Users/jaryl/cs4218-2420-ecom-project-team24/client/node_modules/react-router/lib/components.tsx:504:3)
          at basenameProp (/Users/jaryl/cs4218-2420-ecom-project-team24/client/node_modules/react-router/lib/components.tsx:413:13)
          at basename (/Users/jaryl/cs4218-2420-ecom-project-team24/client/node_modules/react-router/lib/components.tsx:219:3)

      at printWarning (client/node_modules/react-dom/cjs/react-dom.development.js:86:30)
      at error (client/node_modules/react-dom/cjs/react-dom.development.js:60:7)
      at warnOnInvalidKey (client/node_modules/react-dom/cjs/react-dom.development.js:15293:11)
      at reconcileChildrenArray (client/node_modules/react-dom/cjs/react-dom.development.js:15330:21)
      at reconcileChildFibers (client/node_modules/react-dom/cjs/react-dom.development.js:15821:16)
      at reconcileChildren (client/node_modules/react-dom/cjs/react-dom.development.js:19174:28)
      at updateContextProvider (client/node_modules/react-dom/cjs/react-dom.development.js:21154:3)
      at beginWork (client/node_modules/react-dom/cjs/react-dom.development.js:21649:14)
      at beginWork$1 (client/node_modules/react-dom/cjs/react-dom.development.js:27426:14)
      at performUnitOfWork (client/node_modules/react-dom/cjs/react-dom.development.js:26560:12)
      at workLoopSync (client/node_modules/react-dom/cjs/react-dom.development.js:26466:5)
      at renderRootSync (client/node_modules/react-dom/cjs/react-dom.development.js:26434:7)
      at performConcurrentWorkOnRoot (client/node_modules/react-dom/cjs/react-dom.development.js:25738:74)
      at workLoop (client/node_modules/scheduler/cjs/scheduler.development.js:266:34)
      at flushWork (client/node_modules/scheduler/cjs/scheduler.development.js:239:14)
      at performWorkUntilDeadline (client/node_modules/scheduler/cjs/scheduler.development.js:533:21)
      at Timeout.task [as _onTimeout] (node_modules/jsdom/lib/jsdom/browser/Window.js:520:19)

    console.error
      Warning: Encountered two children with the same key, `4`. Keys should be unique so that components maintain their identity across updates. Non-unique keys may cause children to be duplicated and/or omitted — the behavior is unsupported and could change in a future version.
          at div
          at /Users/jaryl/cs4218-2420-ecom-project-team24/client/node_modules/antd/lib/radio/group.js:24:13
          at div
          at div
          at div
          at main
          at div
          at children (/Users/jaryl/cs4218-2420-ecom-project-team24/client/src/components/Layout.js:8:19)
          at HomePage (/Users/jaryl/cs4218-2420-ecom-project-team24/client/src/pages/HomePage.js:15:43)
          at routeContext (/Users/jaryl/cs4218-2420-ecom-project-team24/client/node_modules/react-router/lib/hooks.tsx:640:26)
          at children (/Users/jaryl/cs4218-2420-ecom-project-team24/client/node_modules/react-router/lib/components.tsx:504:3)
          at basenameProp (/Users/jaryl/cs4218-2420-ecom-project-team24/client/node_modules/react-router/lib/components.tsx:413:13)
          at basename (/Users/jaryl/cs4218-2420-ecom-project-team24/client/node_modules/react-router/lib/components.tsx:219:3)

      231 |             );
      232 |
    > 233 |             fireEvent.click(screen.getByText(price.name));
          |                       ^
      234 |             await waitFor(() => {
      235 |                 expect(axios.post).toHaveBeenCalledWith('/api/v1/product/product-filters',
      236 |                     {

      at printWarning (client/node_modules/react-dom/cjs/react-dom.development.js:86:30)
      at error (client/node_modules/react-dom/cjs/react-dom.development.js:60:7)
      at warnOnInvalidKey (client/node_modules/react-dom/cjs/react-dom.development.js:15293:11)
      at reconcileChildrenArray (client/node_modules/react-dom/cjs/react-dom.development.js:15330:21)
      at reconcileChildFibers (client/node_modules/react-dom/cjs/react-dom.development.js:15821:16)
      at reconcileChildren (client/node_modules/react-dom/cjs/react-dom.development.js:19174:28)
      at updateContextProvider (client/node_modules/react-dom/cjs/react-dom.development.js:21154:3)
      at beginWork (client/node_modules/react-dom/cjs/react-dom.development.js:21649:14)
      at beginWork$1 (client/node_modules/react-dom/cjs/react-dom.development.js:27426:14)
      at performUnitOfWork (client/node_modules/react-dom/cjs/react-dom.development.js:26560:12)
      at workLoopSync (client/node_modules/react-dom/cjs/react-dom.development.js:26466:5)
      at renderRootSync (client/node_modules/react-dom/cjs/react-dom.development.js:26434:7)
      at performSyncWorkOnRoot (client/node_modules/react-dom/cjs/react-dom.development.js:26085:20)
      at flushSyncCallbacks (client/node_modules/react-dom/cjs/react-dom.development.js:12042:22)
      at flushSync (client/node_modules/react-dom/cjs/react-dom.development.js:26201:7)
      at finishEventHandler (client/node_modules/react-dom/cjs/react-dom.development.js:3976:5)
      at batchedUpdates (client/node_modules/react-dom/cjs/react-dom.development.js:3994:5)
      at dispatchEventForPluginEventSystem (client/node_modules/react-dom/cjs/react-dom.development.js:9287:3)
      at dispatchEventWithEnableCapturePhaseSelectiveHydrationWithoutDiscreteEventReplay (client/node_modules/react-dom/cjs/react-dom.development.js:6465:5)
      at dispatchEvent (client/node_modules/react-dom/cjs/react-dom.development.js:6457:5)
      at dispatchDiscreteEvent (client/node_modules/react-dom/cjs/react-dom.development.js:6430:5)
      at HTMLDivElement.callTheUserObjectsOperation (node_modules/jsdom/lib/jsdom/living/generated/EventListener.js:26:30)
      at innerInvokeEventListeners (node_modules/jsdom/lib/jsdom/living/events/EventTarget-impl.js:350:25)
      at invokeEventListeners (node_modules/jsdom/lib/jsdom/living/events/EventTarget-impl.js:286:3)
      at HTMLInputElementImpl._dispatch (node_modules/jsdom/lib/jsdom/living/events/EventTarget-impl.js:233:9)
      at fireAnEvent (node_modules/jsdom/lib/jsdom/living/helpers/events.js:18:36)
      at sendClickToAssociatedNode (node_modules/jsdom/lib/jsdom/living/nodes/HTMLLabelElement-impl.js:12:3)
      at HTMLLabelElementImpl._activationBehavior (node_modules/jsdom/lib/jsdom/living/nodes/HTMLLabelElement-impl.js:87:7)
      at HTMLSpanElementImpl._dispatch (node_modules/jsdom/lib/jsdom/living/events/EventTarget-impl.js:252:26)
      at HTMLSpanElementImpl.dispatchEvent (node_modules/jsdom/lib/jsdom/living/events/EventTarget-impl.js:104:17)
      at HTMLSpanElement.dispatchEvent (node_modules/jsdom/lib/jsdom/living/generated/EventTarget.js:241:34)
      at client/node_modules/@testing-library/react/node_modules/@testing-library/dom/dist/events.js:19:20
      at client/node_modules/@testing-library/react/dist/pure.js:79:16
      at client/node_modules/@testing-library/react/dist/act-compat.js:64:24
      at act (client/node_modules/react/cjs/react.development.js:2512:16)
      at client/node_modules/@testing-library/react/dist/act-compat.js:63:25
      at Object.eventWrapper (client/node_modules/@testing-library/react/dist/pure.js:78:28)
      at fireEvent (client/node_modules/@testing-library/react/node_modules/@testing-library/dom/dist/events.js:12:35)
      at Function.fireEvent.<computed> [as click] (client/node_modules/@testing-library/react/node_modules/@testing-library/dom/dist/events.js:110:36)
      at Function.fireEvent.<computed> [as click] (client/node_modules/@testing-library/react/dist/fire-event.js:18:52)
      at Object.click (client/src/pages/HomePage.test.js:233:23)

    console.error
      Warning: Encountered two children with the same key, `4`. Keys should be unique so that components maintain their identity across updates. Non-unique keys may cause children to be duplicated and/or omitted — the behavior is unsupported and could change in a future version.
          at div
          at /Users/jaryl/cs4218-2420-ecom-project-team24/client/node_modules/antd/lib/radio/group.js:24:13
          at div
          at div
          at div
          at main
          at div
          at children (/Users/jaryl/cs4218-2420-ecom-project-team24/client/src/components/Layout.js:8:19)
          at HomePage (/Users/jaryl/cs4218-2420-ecom-project-team24/client/src/pages/HomePage.js:15:43)
          at routeContext (/Users/jaryl/cs4218-2420-ecom-project-team24/client/node_modules/react-router/lib/hooks.tsx:640:26)
          at children (/Users/jaryl/cs4218-2420-ecom-project-team24/client/node_modules/react-router/lib/components.tsx:504:3)
          at basenameProp (/Users/jaryl/cs4218-2420-ecom-project-team24/client/node_modules/react-router/lib/components.tsx:413:13)
          at basename (/Users/jaryl/cs4218-2420-ecom-project-team24/client/node_modules/react-router/lib/components.tsx:219:3)

      at printWarning (client/node_modules/react-dom/cjs/react-dom.development.js:86:30)
      at error (client/node_modules/react-dom/cjs/react-dom.development.js:60:7)
      at warnOnInvalidKey (client/node_modules/react-dom/cjs/react-dom.development.js:15293:11)
      at reconcileChildrenArray (client/node_modules/react-dom/cjs/react-dom.development.js:15330:21)
      at reconcileChildFibers (client/node_modules/react-dom/cjs/react-dom.development.js:15821:16)
      at reconcileChildren (client/node_modules/react-dom/cjs/react-dom.development.js:19174:28)
      at updateContextProvider (client/node_modules/react-dom/cjs/react-dom.development.js:21154:3)
      at beginWork (client/node_modules/react-dom/cjs/react-dom.development.js:21649:14)
      at beginWork$1 (client/node_modules/react-dom/cjs/react-dom.development.js:27426:14)
      at performUnitOfWork (client/node_modules/react-dom/cjs/react-dom.development.js:26560:12)
      at workLoopSync (client/node_modules/react-dom/cjs/react-dom.development.js:26466:5)
      at renderRootSync (client/node_modules/react-dom/cjs/react-dom.development.js:26434:7)
      at performConcurrentWorkOnRoot (client/node_modules/react-dom/cjs/react-dom.development.js:25738:74)
      at workLoop (client/node_modules/scheduler/cjs/scheduler.development.js:266:34)
      at flushWork (client/node_modules/scheduler/cjs/scheduler.development.js:239:14)
      at performWorkUntilDeadline (client/node_modules/scheduler/cjs/scheduler.development.js:533:21)
      at Timeout.task [as _onTimeout] (node_modules/jsdom/lib/jsdom/browser/Window.js:520:19)

    console.error
      Warning: Encountered two children with the same key, `4`. Keys should be unique so that components maintain their identity across updates. Non-unique keys may cause children to be duplicated and/or omitted — the behavior is unsupported and could change in a future version.
          at div
          at /Users/jaryl/cs4218-2420-ecom-project-team24/client/node_modules/antd/lib/radio/group.js:24:13
          at div
          at div
          at div
          at main
          at div
          at children (/Users/jaryl/cs4218-2420-ecom-project-team24/client/src/components/Layout.js:8:19)
          at HomePage (/Users/jaryl/cs4218-2420-ecom-project-team24/client/src/pages/HomePage.js:15:43)
          at routeContext (/Users/jaryl/cs4218-2420-ecom-project-team24/client/node_modules/react-router/lib/hooks.tsx:640:26)
          at children (/Users/jaryl/cs4218-2420-ecom-project-team24/client/node_modules/react-router/lib/components.tsx:504:3)
          at basenameProp (/Users/jaryl/cs4218-2420-ecom-project-team24/client/node_modules/react-router/lib/components.tsx:413:13)
          at basename (/Users/jaryl/cs4218-2420-ecom-project-team24/client/node_modules/react-router/lib/components.tsx:219:3)

      231 |             );
      232 |
    > 233 |             fireEvent.click(screen.getByText(price.name));
          |                       ^
      234 |             await waitFor(() => {
      235 |                 expect(axios.post).toHaveBeenCalledWith('/api/v1/product/product-filters',
      236 |                     {

      at printWarning (client/node_modules/react-dom/cjs/react-dom.development.js:86:30)
      at error (client/node_modules/react-dom/cjs/react-dom.development.js:60:7)
      at warnOnInvalidKey (client/node_modules/react-dom/cjs/react-dom.development.js:15293:11)
      at reconcileChildrenArray (client/node_modules/react-dom/cjs/react-dom.development.js:15330:21)
      at reconcileChildFibers (client/node_modules/react-dom/cjs/react-dom.development.js:15821:16)
      at reconcileChildren (client/node_modules/react-dom/cjs/react-dom.development.js:19174:28)
      at updateContextProvider (client/node_modules/react-dom/cjs/react-dom.development.js:21154:3)
      at beginWork (client/node_modules/react-dom/cjs/react-dom.development.js:21649:14)
      at beginWork$1 (client/node_modules/react-dom/cjs/react-dom.development.js:27426:14)
      at performUnitOfWork (client/node_modules/react-dom/cjs/react-dom.development.js:26560:12)
      at workLoopSync (client/node_modules/react-dom/cjs/react-dom.development.js:26466:5)
      at renderRootSync (client/node_modules/react-dom/cjs/react-dom.development.js:26434:7)
      at performSyncWorkOnRoot (client/node_modules/react-dom/cjs/react-dom.development.js:26085:20)
      at flushSyncCallbacks (client/node_modules/react-dom/cjs/react-dom.development.js:12042:22)
      at flushSync (client/node_modules/react-dom/cjs/react-dom.development.js:26201:7)
      at finishEventHandler (client/node_modules/react-dom/cjs/react-dom.development.js:3976:5)
      at batchedUpdates (client/node_modules/react-dom/cjs/react-dom.development.js:3994:5)
      at dispatchEventForPluginEventSystem (client/node_modules/react-dom/cjs/react-dom.development.js:9287:3)
      at dispatchEventWithEnableCapturePhaseSelectiveHydrationWithoutDiscreteEventReplay (client/node_modules/react-dom/cjs/react-dom.development.js:6465:5)
      at dispatchEvent (client/node_modules/react-dom/cjs/react-dom.development.js:6457:5)
      at dispatchDiscreteEvent (client/node_modules/react-dom/cjs/react-dom.development.js:6430:5)
      at HTMLDivElement.callTheUserObjectsOperation (node_modules/jsdom/lib/jsdom/living/generated/EventListener.js:26:30)
      at innerInvokeEventListeners (node_modules/jsdom/lib/jsdom/living/events/EventTarget-impl.js:350:25)
      at invokeEventListeners (node_modules/jsdom/lib/jsdom/living/events/EventTarget-impl.js:286:3)
      at HTMLInputElementImpl._dispatch (node_modules/jsdom/lib/jsdom/living/events/EventTarget-impl.js:233:9)
      at fireAnEvent (node_modules/jsdom/lib/jsdom/living/helpers/events.js:18:36)
      at sendClickToAssociatedNode (node_modules/jsdom/lib/jsdom/living/nodes/HTMLLabelElement-impl.js:12:3)
      at HTMLLabelElementImpl._activationBehavior (node_modules/jsdom/lib/jsdom/living/nodes/HTMLLabelElement-impl.js:87:7)
      at HTMLSpanElementImpl._dispatch (node_modules/jsdom/lib/jsdom/living/events/EventTarget-impl.js:252:26)
      at HTMLSpanElementImpl.dispatchEvent (node_modules/jsdom/lib/jsdom/living/events/EventTarget-impl.js:104:17)
      at HTMLSpanElement.dispatchEvent (node_modules/jsdom/lib/jsdom/living/generated/EventTarget.js:241:34)
      at client/node_modules/@testing-library/react/node_modules/@testing-library/dom/dist/events.js:19:20
      at client/node_modules/@testing-library/react/dist/pure.js:79:16
      at client/node_modules/@testing-library/react/dist/act-compat.js:64:24
      at act (client/node_modules/react/cjs/react.development.js:2512:16)
      at client/node_modules/@testing-library/react/dist/act-compat.js:63:25
      at Object.eventWrapper (client/node_modules/@testing-library/react/dist/pure.js:78:28)
      at fireEvent (client/node_modules/@testing-library/react/node_modules/@testing-library/dom/dist/events.js:12:35)
      at Function.fireEvent.<computed> [as click] (client/node_modules/@testing-library/react/node_modules/@testing-library/dom/dist/events.js:110:36)
      at Function.fireEvent.<computed> [as click] (client/node_modules/@testing-library/react/dist/fire-event.js:18:52)
      at Object.click (client/src/pages/HomePage.test.js:233:23)

    console.error
      Warning: Encountered two children with the same key, `4`. Keys should be unique so that components maintain their identity across updates. Non-unique keys may cause children to be duplicated and/or omitted — the behavior is unsupported and could change in a future version.
          at div
          at /Users/jaryl/cs4218-2420-ecom-project-team24/client/node_modules/antd/lib/radio/group.js:24:13
          at div
          at div
          at div
          at main
          at div
          at children (/Users/jaryl/cs4218-2420-ecom-project-team24/client/src/components/Layout.js:8:19)
          at HomePage (/Users/jaryl/cs4218-2420-ecom-project-team24/client/src/pages/HomePage.js:15:43)
          at routeContext (/Users/jaryl/cs4218-2420-ecom-project-team24/client/node_modules/react-router/lib/hooks.tsx:640:26)
          at children (/Users/jaryl/cs4218-2420-ecom-project-team24/client/node_modules/react-router/lib/components.tsx:504:3)
          at basenameProp (/Users/jaryl/cs4218-2420-ecom-project-team24/client/node_modules/react-router/lib/components.tsx:413:13)
          at basename (/Users/jaryl/cs4218-2420-ecom-project-team24/client/node_modules/react-router/lib/components.tsx:219:3)

       98 |
       99 | const renderHomePage = () => {
    > 100 |     render(
          |           ^
      101 |         <MemoryRouter initialEntries={["/"]}>
      102 |             <Routes>
      103 |                 <Route path="/" element={<HomePage />} />

      at printWarning (client/node_modules/react-dom/cjs/react-dom.development.js:86:30)
      at error (client/node_modules/react-dom/cjs/react-dom.development.js:60:7)
      at warnOnInvalidKey (client/node_modules/react-dom/cjs/react-dom.development.js:15293:11)
      at reconcileChildrenArray (client/node_modules/react-dom/cjs/react-dom.development.js:15330:21)
      at reconcileChildFibers (client/node_modules/react-dom/cjs/react-dom.development.js:15821:16)
      at reconcileChildren (client/node_modules/react-dom/cjs/react-dom.development.js:19167:28)
      at updateContextProvider (client/node_modules/react-dom/cjs/react-dom.development.js:21154:3)
      at beginWork (client/node_modules/react-dom/cjs/react-dom.development.js:21649:14)
      at beginWork$1 (client/node_modules/react-dom/cjs/react-dom.development.js:27426:14)
      at performUnitOfWork (client/node_modules/react-dom/cjs/react-dom.development.js:26560:12)
      at workLoopSync (client/node_modules/react-dom/cjs/react-dom.development.js:26466:5)
      at renderRootSync (client/node_modules/react-dom/cjs/react-dom.development.js:26434:7)
      at performConcurrentWorkOnRoot (client/node_modules/react-dom/cjs/react-dom.development.js:25738:74)
      at flushActQueue (client/node_modules/react/cjs/react.development.js:2667:24)
      at act (client/node_modules/react/cjs/react.development.js:2582:11)
      at client/node_modules/@testing-library/react/dist/act-compat.js:63:25
      at renderRoot (client/node_modules/@testing-library/react/dist/pure.js:159:26)
      at render (client/node_modules/@testing-library/react/dist/pure.js:246:10)
      at renderHomePage (client/src/pages/HomePage.test.js:100:11)
      at Object.renderHomePage (client/src/pages/HomePage.test.js:249:9)

    console.error
      Warning: Encountered two children with the same key, `4`. Keys should be unique so that components maintain their identity across updates. Non-unique keys may cause children to be duplicated and/or omitted — the behavior is unsupported and could change in a future version.
          at div
          at /Users/jaryl/cs4218-2420-ecom-project-team24/client/node_modules/antd/lib/radio/group.js:24:13
          at div
          at div
          at div
          at main
          at div
          at children (/Users/jaryl/cs4218-2420-ecom-project-team24/client/src/components/Layout.js:8:19)
          at HomePage (/Users/jaryl/cs4218-2420-ecom-project-team24/client/src/pages/HomePage.js:15:43)
          at routeContext (/Users/jaryl/cs4218-2420-ecom-project-team24/client/node_modules/react-router/lib/hooks.tsx:640:26)
          at children (/Users/jaryl/cs4218-2420-ecom-project-team24/client/node_modules/react-router/lib/components.tsx:504:3)
          at basenameProp (/Users/jaryl/cs4218-2420-ecom-project-team24/client/node_modules/react-router/lib/components.tsx:413:13)
          at basename (/Users/jaryl/cs4218-2420-ecom-project-team24/client/node_modules/react-router/lib/components.tsx:219:3)

       98 |
       99 | const renderHomePage = () => {
    > 100 |     render(
          |           ^
      101 |         <MemoryRouter initialEntries={["/"]}>
      102 |             <Routes>
      103 |                 <Route path="/" element={<HomePage />} />

      at printWarning (client/node_modules/react-dom/cjs/react-dom.development.js:86:30)
      at error (client/node_modules/react-dom/cjs/react-dom.development.js:60:7)
      at warnOnInvalidKey (client/node_modules/react-dom/cjs/react-dom.development.js:15293:11)
      at reconcileChildrenArray (client/node_modules/react-dom/cjs/react-dom.development.js:15330:21)
      at reconcileChildFibers (client/node_modules/react-dom/cjs/react-dom.development.js:15821:16)
      at reconcileChildren (client/node_modules/react-dom/cjs/react-dom.development.js:19174:28)
      at updateContextProvider (client/node_modules/react-dom/cjs/react-dom.development.js:21154:3)
      at beginWork (client/node_modules/react-dom/cjs/react-dom.development.js:21649:14)
      at beginWork$1 (client/node_modules/react-dom/cjs/react-dom.development.js:27426:14)
      at performUnitOfWork (client/node_modules/react-dom/cjs/react-dom.development.js:26560:12)
      at workLoopSync (client/node_modules/react-dom/cjs/react-dom.development.js:26466:5)
      at renderRootSync (client/node_modules/react-dom/cjs/react-dom.development.js:26434:7)
      at performConcurrentWorkOnRoot (client/node_modules/react-dom/cjs/react-dom.development.js:25738:74)
      at flushActQueue (client/node_modules/react/cjs/react.development.js:2667:24)
      at act (client/node_modules/react/cjs/react.development.js:2582:11)
      at client/node_modules/@testing-library/react/dist/act-compat.js:63:25
      at renderRoot (client/node_modules/@testing-library/react/dist/pure.js:159:26)
      at render (client/node_modules/@testing-library/react/dist/pure.js:246:10)
      at renderHomePage (client/src/pages/HomePage.test.js:100:11)
      at Object.renderHomePage (client/src/pages/HomePage.test.js:249:9)

    console.error
      Warning: Encountered two children with the same key, `4`. Keys should be unique so that components maintain their identity across updates. Non-unique keys may cause children to be duplicated and/or omitted — the behavior is unsupported and could change in a future version.
          at div
          at /Users/jaryl/cs4218-2420-ecom-project-team24/client/node_modules/antd/lib/radio/group.js:24:13
          at div
          at div
          at div
          at main
          at div
          at children (/Users/jaryl/cs4218-2420-ecom-project-team24/client/src/components/Layout.js:8:19)
          at HomePage (/Users/jaryl/cs4218-2420-ecom-project-team24/client/src/pages/HomePage.js:15:43)
          at routeContext (/Users/jaryl/cs4218-2420-ecom-project-team24/client/node_modules/react-router/lib/hooks.tsx:640:26)
          at children (/Users/jaryl/cs4218-2420-ecom-project-team24/client/node_modules/react-router/lib/components.tsx:504:3)
          at basenameProp (/Users/jaryl/cs4218-2420-ecom-project-team24/client/node_modules/react-router/lib/components.tsx:413:13)
          at basename (/Users/jaryl/cs4218-2420-ecom-project-team24/client/node_modules/react-router/lib/components.tsx:219:3)

      251 |         axios.post.mockImplementationOnce(() => mockPriceFilter(sixProducts, Prices[0].array));
      252 |
    > 253 |         fireEvent.click(screen.getByText(Prices[0].name));
          |                   ^
      254 |         await waitFor(() => {
      255 |             const foundProducts = screen.queryAllByText(priceRegex);
      256 |             expect(foundProducts.length).toBeLessThan(sixProducts.length);

      at printWarning (client/node_modules/react-dom/cjs/react-dom.development.js:86:30)
      at error (client/node_modules/react-dom/cjs/react-dom.development.js:60:7)
      at warnOnInvalidKey (client/node_modules/react-dom/cjs/react-dom.development.js:15293:11)
      at reconcileChildrenArray (client/node_modules/react-dom/cjs/react-dom.development.js:15330:21)
      at reconcileChildFibers (client/node_modules/react-dom/cjs/react-dom.development.js:15821:16)
      at reconcileChildren (client/node_modules/react-dom/cjs/react-dom.development.js:19174:28)
      at updateContextProvider (client/node_modules/react-dom/cjs/react-dom.development.js:21154:3)
      at beginWork (client/node_modules/react-dom/cjs/react-dom.development.js:21649:14)
      at beginWork$1 (client/node_modules/react-dom/cjs/react-dom.development.js:27426:14)
      at performUnitOfWork (client/node_modules/react-dom/cjs/react-dom.development.js:26560:12)
      at workLoopSync (client/node_modules/react-dom/cjs/react-dom.development.js:26466:5)
      at renderRootSync (client/node_modules/react-dom/cjs/react-dom.development.js:26434:7)
      at performSyncWorkOnRoot (client/node_modules/react-dom/cjs/react-dom.development.js:26085:20)
      at flushSyncCallbacks (client/node_modules/react-dom/cjs/react-dom.development.js:12042:22)
      at flushSync (client/node_modules/react-dom/cjs/react-dom.development.js:26201:7)
      at finishEventHandler (client/node_modules/react-dom/cjs/react-dom.development.js:3976:5)
      at batchedUpdates (client/node_modules/react-dom/cjs/react-dom.development.js:3994:5)
      at dispatchEventForPluginEventSystem (client/node_modules/react-dom/cjs/react-dom.development.js:9287:3)
      at dispatchEventWithEnableCapturePhaseSelectiveHydrationWithoutDiscreteEventReplay (client/node_modules/react-dom/cjs/react-dom.development.js:6465:5)
      at dispatchEvent (client/node_modules/react-dom/cjs/react-dom.development.js:6457:5)
      at dispatchDiscreteEvent (client/node_modules/react-dom/cjs/react-dom.development.js:6430:5)
      at HTMLDivElement.callTheUserObjectsOperation (node_modules/jsdom/lib/jsdom/living/generated/EventListener.js:26:30)
      at innerInvokeEventListeners (node_modules/jsdom/lib/jsdom/living/events/EventTarget-impl.js:350:25)
      at invokeEventListeners (node_modules/jsdom/lib/jsdom/living/events/EventTarget-impl.js:286:3)
      at HTMLInputElementImpl._dispatch (node_modules/jsdom/lib/jsdom/living/events/EventTarget-impl.js:233:9)
      at fireAnEvent (node_modules/jsdom/lib/jsdom/living/helpers/events.js:18:36)
      at sendClickToAssociatedNode (node_modules/jsdom/lib/jsdom/living/nodes/HTMLLabelElement-impl.js:12:3)
      at HTMLLabelElementImpl._activationBehavior (node_modules/jsdom/lib/jsdom/living/nodes/HTMLLabelElement-impl.js:87:7)
      at HTMLSpanElementImpl._dispatch (node_modules/jsdom/lib/jsdom/living/events/EventTarget-impl.js:252:26)
      at HTMLSpanElementImpl.dispatchEvent (node_modules/jsdom/lib/jsdom/living/events/EventTarget-impl.js:104:17)
      at HTMLSpanElement.dispatchEvent (node_modules/jsdom/lib/jsdom/living/generated/EventTarget.js:241:34)
      at client/node_modules/@testing-library/react/node_modules/@testing-library/dom/dist/events.js:19:20
      at client/node_modules/@testing-library/react/dist/pure.js:79:16
      at client/node_modules/@testing-library/react/dist/act-compat.js:64:24
      at act (client/node_modules/react/cjs/react.development.js:2512:16)
      at client/node_modules/@testing-library/react/dist/act-compat.js:63:25
      at Object.eventWrapper (client/node_modules/@testing-library/react/dist/pure.js:78:28)
      at fireEvent (client/node_modules/@testing-library/react/node_modules/@testing-library/dom/dist/events.js:12:35)
      at Function.fireEvent.<computed> [as click] (client/node_modules/@testing-library/react/node_modules/@testing-library/dom/dist/events.js:110:36)
      at Function.fireEvent.<computed> [as click] (client/node_modules/@testing-library/react/dist/fire-event.js:18:52)
      at Object.click (client/src/pages/HomePage.test.js:253:19)

    console.error
      Warning: Encountered two children with the same key, `4`. Keys should be unique so that components maintain their identity across updates. Non-unique keys may cause children to be duplicated and/or omitted — the behavior is unsupported and could change in a future version.
          at div
          at /Users/jaryl/cs4218-2420-ecom-project-team24/client/node_modules/antd/lib/radio/group.js:24:13
          at div
          at div
          at div
          at main
          at div
          at children (/Users/jaryl/cs4218-2420-ecom-project-team24/client/src/components/Layout.js:8:19)
          at HomePage (/Users/jaryl/cs4218-2420-ecom-project-team24/client/src/pages/HomePage.js:15:43)
          at routeContext (/Users/jaryl/cs4218-2420-ecom-project-team24/client/node_modules/react-router/lib/hooks.tsx:640:26)
          at children (/Users/jaryl/cs4218-2420-ecom-project-team24/client/node_modules/react-router/lib/components.tsx:504:3)
          at basenameProp (/Users/jaryl/cs4218-2420-ecom-project-team24/client/node_modules/react-router/lib/components.tsx:413:13)
          at basename (/Users/jaryl/cs4218-2420-ecom-project-team24/client/node_modules/react-router/lib/components.tsx:219:3)

       98 |
       99 | const renderHomePage = () => {
    > 100 |     render(
          |           ^
      101 |         <MemoryRouter initialEntries={["/"]}>
      102 |             <Routes>
      103 |                 <Route path="/" element={<HomePage />} />

      at printWarning (client/node_modules/react-dom/cjs/react-dom.development.js:86:30)
      at error (client/node_modules/react-dom/cjs/react-dom.development.js:60:7)
      at warnOnInvalidKey (client/node_modules/react-dom/cjs/react-dom.development.js:15293:11)
      at reconcileChildrenArray (client/node_modules/react-dom/cjs/react-dom.development.js:15330:21)
      at reconcileChildFibers (client/node_modules/react-dom/cjs/react-dom.development.js:15821:16)
      at reconcileChildren (client/node_modules/react-dom/cjs/react-dom.development.js:19167:28)
      at updateContextProvider (client/node_modules/react-dom/cjs/react-dom.development.js:21154:3)
      at beginWork (client/node_modules/react-dom/cjs/react-dom.development.js:21649:14)
      at beginWork$1 (client/node_modules/react-dom/cjs/react-dom.development.js:27426:14)
      at performUnitOfWork (client/node_modules/react-dom/cjs/react-dom.development.js:26560:12)
      at workLoopSync (client/node_modules/react-dom/cjs/react-dom.development.js:26466:5)
      at renderRootSync (client/node_modules/react-dom/cjs/react-dom.development.js:26434:7)
      at performConcurrentWorkOnRoot (client/node_modules/react-dom/cjs/react-dom.development.js:25738:74)
      at flushActQueue (client/node_modules/react/cjs/react.development.js:2667:24)
      at act (client/node_modules/react/cjs/react.development.js:2582:11)
      at client/node_modules/@testing-library/react/dist/act-compat.js:63:25
      at renderRoot (client/node_modules/@testing-library/react/dist/pure.js:159:26)
      at render (client/node_modules/@testing-library/react/dist/pure.js:246:10)
      at renderHomePage (client/src/pages/HomePage.test.js:100:11)
      at Object.renderHomePage (client/src/pages/HomePage.test.js:279:9)

    console.error
      Warning: Encountered two children with the same key, `4`. Keys should be unique so that components maintain their identity across updates. Non-unique keys may cause children to be duplicated and/or omitted — the behavior is unsupported and could change in a future version.
          at div
          at /Users/jaryl/cs4218-2420-ecom-project-team24/client/node_modules/antd/lib/radio/group.js:24:13
          at div
          at div
          at div
          at main
          at div
          at children (/Users/jaryl/cs4218-2420-ecom-project-team24/client/src/components/Layout.js:8:19)
          at HomePage (/Users/jaryl/cs4218-2420-ecom-project-team24/client/src/pages/HomePage.js:15:43)
          at routeContext (/Users/jaryl/cs4218-2420-ecom-project-team24/client/node_modules/react-router/lib/hooks.tsx:640:26)
          at children (/Users/jaryl/cs4218-2420-ecom-project-team24/client/node_modules/react-router/lib/components.tsx:504:3)
          at basenameProp (/Users/jaryl/cs4218-2420-ecom-project-team24/client/node_modules/react-router/lib/components.tsx:413:13)
          at basename (/Users/jaryl/cs4218-2420-ecom-project-team24/client/node_modules/react-router/lib/components.tsx:219:3)

       98 |
       99 | const renderHomePage = () => {
    > 100 |     render(
          |           ^
      101 |         <MemoryRouter initialEntries={["/"]}>
      102 |             <Routes>
      103 |                 <Route path="/" element={<HomePage />} />

      at printWarning (client/node_modules/react-dom/cjs/react-dom.development.js:86:30)
      at error (client/node_modules/react-dom/cjs/react-dom.development.js:60:7)
      at warnOnInvalidKey (client/node_modules/react-dom/cjs/react-dom.development.js:15293:11)
      at reconcileChildrenArray (client/node_modules/react-dom/cjs/react-dom.development.js:15330:21)
      at reconcileChildFibers (client/node_modules/react-dom/cjs/react-dom.development.js:15821:16)
      at reconcileChildren (client/node_modules/react-dom/cjs/react-dom.development.js:19174:28)
      at updateContextProvider (client/node_modules/react-dom/cjs/react-dom.development.js:21154:3)
      at beginWork (client/node_modules/react-dom/cjs/react-dom.development.js:21649:14)
      at beginWork$1 (client/node_modules/react-dom/cjs/react-dom.development.js:27426:14)
      at performUnitOfWork (client/node_modules/react-dom/cjs/react-dom.development.js:26560:12)
      at workLoopSync (client/node_modules/react-dom/cjs/react-dom.development.js:26466:5)
      at renderRootSync (client/node_modules/react-dom/cjs/react-dom.development.js:26434:7)
      at performConcurrentWorkOnRoot (client/node_modules/react-dom/cjs/react-dom.development.js:25738:74)
      at flushActQueue (client/node_modules/react/cjs/react.development.js:2667:24)
      at act (client/node_modules/react/cjs/react.development.js:2582:11)
      at client/node_modules/@testing-library/react/dist/act-compat.js:63:25
      at renderRoot (client/node_modules/@testing-library/react/dist/pure.js:159:26)
      at render (client/node_modules/@testing-library/react/dist/pure.js:246:10)
      at renderHomePage (client/src/pages/HomePage.test.js:100:11)
      at Object.renderHomePage (client/src/pages/HomePage.test.js:279:9)

    console.error
      Warning: Encountered two children with the same key, `4`. Keys should be unique so that components maintain their identity across updates. Non-unique keys may cause children to be duplicated and/or omitted — the behavior is unsupported and could change in a future version.
          at div
          at /Users/jaryl/cs4218-2420-ecom-project-team24/client/node_modules/antd/lib/radio/group.js:24:13
          at div
          at div
          at div
          at main
          at div
          at children (/Users/jaryl/cs4218-2420-ecom-project-team24/client/src/components/Layout.js:8:19)
          at HomePage (/Users/jaryl/cs4218-2420-ecom-project-team24/client/src/pages/HomePage.js:15:43)
          at routeContext (/Users/jaryl/cs4218-2420-ecom-project-team24/client/node_modules/react-router/lib/hooks.tsx:640:26)
          at children (/Users/jaryl/cs4218-2420-ecom-project-team24/client/node_modules/react-router/lib/components.tsx:504:3)
          at basenameProp (/Users/jaryl/cs4218-2420-ecom-project-team24/client/node_modules/react-router/lib/components.tsx:413:13)
          at basename (/Users/jaryl/cs4218-2420-ecom-project-team24/client/node_modules/react-router/lib/components.tsx:219:3)

       98 |
       99 | const renderHomePage = () => {
    > 100 |     render(
          |           ^
      101 |         <MemoryRouter initialEntries={["/"]}>
      102 |             <Routes>
      103 |                 <Route path="/" element={<HomePage />} />

      at printWarning (client/node_modules/react-dom/cjs/react-dom.development.js:86:30)
      at error (client/node_modules/react-dom/cjs/react-dom.development.js:60:7)
      at warnOnInvalidKey (client/node_modules/react-dom/cjs/react-dom.development.js:15293:11)
      at reconcileChildrenArray (client/node_modules/react-dom/cjs/react-dom.development.js:15330:21)
      at reconcileChildFibers (client/node_modules/react-dom/cjs/react-dom.development.js:15821:16)
      at reconcileChildren (client/node_modules/react-dom/cjs/react-dom.development.js:19167:28)
      at updateContextProvider (client/node_modules/react-dom/cjs/react-dom.development.js:21154:3)
      at beginWork (client/node_modules/react-dom/cjs/react-dom.development.js:21649:14)
      at beginWork$1 (client/node_modules/react-dom/cjs/react-dom.development.js:27426:14)
      at performUnitOfWork (client/node_modules/react-dom/cjs/react-dom.development.js:26560:12)
      at workLoopSync (client/node_modules/react-dom/cjs/react-dom.development.js:26466:5)
      at renderRootSync (client/node_modules/react-dom/cjs/react-dom.development.js:26434:7)
      at performConcurrentWorkOnRoot (client/node_modules/react-dom/cjs/react-dom.development.js:25738:74)
      at flushActQueue (client/node_modules/react/cjs/react.development.js:2667:24)
      at act (client/node_modules/react/cjs/react.development.js:2582:11)
      at client/node_modules/@testing-library/react/dist/act-compat.js:63:25
      at renderRoot (client/node_modules/@testing-library/react/dist/pure.js:159:26)
      at render (client/node_modules/@testing-library/react/dist/pure.js:246:10)
      at renderHomePage (client/src/pages/HomePage.test.js:100:11)
      at Object.renderHomePage (client/src/pages/HomePage.test.js:287:9)

    console.error
      Warning: Encountered two children with the same key, `4`. Keys should be unique so that components maintain their identity across updates. Non-unique keys may cause children to be duplicated and/or omitted — the behavior is unsupported and could change in a future version.
          at div
          at /Users/jaryl/cs4218-2420-ecom-project-team24/client/node_modules/antd/lib/radio/group.js:24:13
          at div
          at div
          at div
          at main
          at div
          at children (/Users/jaryl/cs4218-2420-ecom-project-team24/client/src/components/Layout.js:8:19)
          at HomePage (/Users/jaryl/cs4218-2420-ecom-project-team24/client/src/pages/HomePage.js:15:43)
          at routeContext (/Users/jaryl/cs4218-2420-ecom-project-team24/client/node_modules/react-router/lib/hooks.tsx:640:26)
          at children (/Users/jaryl/cs4218-2420-ecom-project-team24/client/node_modules/react-router/lib/components.tsx:504:3)
          at basenameProp (/Users/jaryl/cs4218-2420-ecom-project-team24/client/node_modules/react-router/lib/components.tsx:413:13)
          at basename (/Users/jaryl/cs4218-2420-ecom-project-team24/client/node_modules/react-router/lib/components.tsx:219:3)

       98 |
       99 | const renderHomePage = () => {
    > 100 |     render(
          |           ^
      101 |         <MemoryRouter initialEntries={["/"]}>
      102 |             <Routes>
      103 |                 <Route path="/" element={<HomePage />} />

      at printWarning (client/node_modules/react-dom/cjs/react-dom.development.js:86:30)
      at error (client/node_modules/react-dom/cjs/react-dom.development.js:60:7)
      at warnOnInvalidKey (client/node_modules/react-dom/cjs/react-dom.development.js:15293:11)
      at reconcileChildrenArray (client/node_modules/react-dom/cjs/react-dom.development.js:15330:21)
      at reconcileChildFibers (client/node_modules/react-dom/cjs/react-dom.development.js:15821:16)
      at reconcileChildren (client/node_modules/react-dom/cjs/react-dom.development.js:19174:28)
      at updateContextProvider (client/node_modules/react-dom/cjs/react-dom.development.js:21154:3)
      at beginWork (client/node_modules/react-dom/cjs/react-dom.development.js:21649:14)
      at beginWork$1 (client/node_modules/react-dom/cjs/react-dom.development.js:27426:14)
      at performUnitOfWork (client/node_modules/react-dom/cjs/react-dom.development.js:26560:12)
      at workLoopSync (client/node_modules/react-dom/cjs/react-dom.development.js:26466:5)
      at renderRootSync (client/node_modules/react-dom/cjs/react-dom.development.js:26434:7)
      at performConcurrentWorkOnRoot (client/node_modules/react-dom/cjs/react-dom.development.js:25738:74)
      at flushActQueue (client/node_modules/react/cjs/react.development.js:2667:24)
      at act (client/node_modules/react/cjs/react.development.js:2582:11)
      at client/node_modules/@testing-library/react/dist/act-compat.js:63:25
      at renderRoot (client/node_modules/@testing-library/react/dist/pure.js:159:26)
      at render (client/node_modules/@testing-library/react/dist/pure.js:246:10)
      at renderHomePage (client/src/pages/HomePage.test.js:100:11)
      at Object.renderHomePage (client/src/pages/HomePage.test.js:287:9)

    console.error
      Warning: Encountered two children with the same key, `4`. Keys should be unique so that components maintain their identity across updates. Non-unique keys may cause children to be duplicated and/or omitted — the behavior is unsupported and could change in a future version.
          at div
          at /Users/jaryl/cs4218-2420-ecom-project-team24/client/node_modules/antd/lib/radio/group.js:24:13
          at div
          at div
          at div
          at main
          at div
          at children (/Users/jaryl/cs4218-2420-ecom-project-team24/client/src/components/Layout.js:8:19)
          at HomePage (/Users/jaryl/cs4218-2420-ecom-project-team24/client/src/pages/HomePage.js:15:43)
          at routeContext (/Users/jaryl/cs4218-2420-ecom-project-team24/client/node_modules/react-router/lib/hooks.tsx:640:26)
          at children (/Users/jaryl/cs4218-2420-ecom-project-team24/client/node_modules/react-router/lib/components.tsx:504:3)
          at basenameProp (/Users/jaryl/cs4218-2420-ecom-project-team24/client/node_modules/react-router/lib/components.tsx:413:13)
          at basename (/Users/jaryl/cs4218-2420-ecom-project-team24/client/node_modules/react-router/lib/components.tsx:219:3)

      at printWarning (client/node_modules/react-dom/cjs/react-dom.development.js:86:30)
      at error (client/node_modules/react-dom/cjs/react-dom.development.js:60:7)
      at warnOnInvalidKey (client/node_modules/react-dom/cjs/react-dom.development.js:15293:11)
      at reconcileChildrenArray (client/node_modules/react-dom/cjs/react-dom.development.js:15330:21)
      at reconcileChildFibers (client/node_modules/react-dom/cjs/react-dom.development.js:15821:16)
      at reconcileChildren (client/node_modules/react-dom/cjs/react-dom.development.js:19174:28)
      at updateContextProvider (client/node_modules/react-dom/cjs/react-dom.development.js:21154:3)
      at beginWork (client/node_modules/react-dom/cjs/react-dom.development.js:21649:14)
      at beginWork$1 (client/node_modules/react-dom/cjs/react-dom.development.js:27426:14)
      at performUnitOfWork (client/node_modules/react-dom/cjs/react-dom.development.js:26560:12)
      at workLoopSync (client/node_modules/react-dom/cjs/react-dom.development.js:26466:5)
      at renderRootSync (client/node_modules/react-dom/cjs/react-dom.development.js:26434:7)
      at performConcurrentWorkOnRoot (client/node_modules/react-dom/cjs/react-dom.development.js:25738:74)
      at workLoop (client/node_modules/scheduler/cjs/scheduler.development.js:266:34)
      at flushWork (client/node_modules/scheduler/cjs/scheduler.development.js:239:14)
      at performWorkUntilDeadline (client/node_modules/scheduler/cjs/scheduler.development.js:533:21)
      at Timeout.task [as _onTimeout] (node_modules/jsdom/lib/jsdom/browser/Window.js:520:19)

    console.error
      Warning: Encountered two children with the same key, `4`. Keys should be unique so that components maintain their identity across updates. Non-unique keys may cause children to be duplicated and/or omitted — the behavior is unsupported and could change in a future version.
          at div
          at /Users/jaryl/cs4218-2420-ecom-project-team24/client/node_modules/antd/lib/radio/group.js:24:13
          at div
          at div
          at div
          at main
          at div
          at children (/Users/jaryl/cs4218-2420-ecom-project-team24/client/src/components/Layout.js:8:19)
          at HomePage (/Users/jaryl/cs4218-2420-ecom-project-team24/client/src/pages/HomePage.js:15:43)
          at routeContext (/Users/jaryl/cs4218-2420-ecom-project-team24/client/node_modules/react-router/lib/hooks.tsx:640:26)
          at children (/Users/jaryl/cs4218-2420-ecom-project-team24/client/node_modules/react-router/lib/components.tsx:504:3)
          at basenameProp (/Users/jaryl/cs4218-2420-ecom-project-team24/client/node_modules/react-router/lib/components.tsx:413:13)
          at basename (/Users/jaryl/cs4218-2420-ecom-project-team24/client/node_modules/react-router/lib/components.tsx:219:3)

       98 |
       99 | const renderHomePage = () => {
    > 100 |     render(
          |           ^
      101 |         <MemoryRouter initialEntries={["/"]}>
      102 |             <Routes>
      103 |                 <Route path="/" element={<HomePage />} />

      at printWarning (client/node_modules/react-dom/cjs/react-dom.development.js:86:30)
      at error (client/node_modules/react-dom/cjs/react-dom.development.js:60:7)
      at warnOnInvalidKey (client/node_modules/react-dom/cjs/react-dom.development.js:15293:11)
      at reconcileChildrenArray (client/node_modules/react-dom/cjs/react-dom.development.js:15330:21)
      at reconcileChildFibers (client/node_modules/react-dom/cjs/react-dom.development.js:15821:16)
      at reconcileChildren (client/node_modules/react-dom/cjs/react-dom.development.js:19167:28)
      at updateContextProvider (client/node_modules/react-dom/cjs/react-dom.development.js:21154:3)
      at beginWork (client/node_modules/react-dom/cjs/react-dom.development.js:21649:14)
      at beginWork$1 (client/node_modules/react-dom/cjs/react-dom.development.js:27426:14)
      at performUnitOfWork (client/node_modules/react-dom/cjs/react-dom.development.js:26560:12)
      at workLoopSync (client/node_modules/react-dom/cjs/react-dom.development.js:26466:5)
      at renderRootSync (client/node_modules/react-dom/cjs/react-dom.development.js:26434:7)
      at performConcurrentWorkOnRoot (client/node_modules/react-dom/cjs/react-dom.development.js:25738:74)
      at flushActQueue (client/node_modules/react/cjs/react.development.js:2667:24)
      at act (client/node_modules/react/cjs/react.development.js:2582:11)
      at client/node_modules/@testing-library/react/dist/act-compat.js:63:25
      at renderRoot (client/node_modules/@testing-library/react/dist/pure.js:159:26)
      at render (client/node_modules/@testing-library/react/dist/pure.js:246:10)
      at renderHomePage (client/src/pages/HomePage.test.js:100:11)
      at Object.renderHomePage (client/src/pages/HomePage.test.js:307:9)

    console.error
      Warning: Encountered two children with the same key, `4`. Keys should be unique so that components maintain their identity across updates. Non-unique keys may cause children to be duplicated and/or omitted — the behavior is unsupported and could change in a future version.
          at div
          at /Users/jaryl/cs4218-2420-ecom-project-team24/client/node_modules/antd/lib/radio/group.js:24:13
          at div
          at div
          at div
          at main
          at div
          at children (/Users/jaryl/cs4218-2420-ecom-project-team24/client/src/components/Layout.js:8:19)
          at HomePage (/Users/jaryl/cs4218-2420-ecom-project-team24/client/src/pages/HomePage.js:15:43)
          at routeContext (/Users/jaryl/cs4218-2420-ecom-project-team24/client/node_modules/react-router/lib/hooks.tsx:640:26)
          at children (/Users/jaryl/cs4218-2420-ecom-project-team24/client/node_modules/react-router/lib/components.tsx:504:3)
          at basenameProp (/Users/jaryl/cs4218-2420-ecom-project-team24/client/node_modules/react-router/lib/components.tsx:413:13)
          at basename (/Users/jaryl/cs4218-2420-ecom-project-team24/client/node_modules/react-router/lib/components.tsx:219:3)

       98 |
       99 | const renderHomePage = () => {
    > 100 |     render(
          |           ^
      101 |         <MemoryRouter initialEntries={["/"]}>
      102 |             <Routes>
      103 |                 <Route path="/" element={<HomePage />} />

      at printWarning (client/node_modules/react-dom/cjs/react-dom.development.js:86:30)
      at error (client/node_modules/react-dom/cjs/react-dom.development.js:60:7)
      at warnOnInvalidKey (client/node_modules/react-dom/cjs/react-dom.development.js:15293:11)
      at reconcileChildrenArray (client/node_modules/react-dom/cjs/react-dom.development.js:15330:21)
      at reconcileChildFibers (client/node_modules/react-dom/cjs/react-dom.development.js:15821:16)
      at reconcileChildren (client/node_modules/react-dom/cjs/react-dom.development.js:19174:28)
      at updateContextProvider (client/node_modules/react-dom/cjs/react-dom.development.js:21154:3)
      at beginWork (client/node_modules/react-dom/cjs/react-dom.development.js:21649:14)
      at beginWork$1 (client/node_modules/react-dom/cjs/react-dom.development.js:27426:14)
      at performUnitOfWork (client/node_modules/react-dom/cjs/react-dom.development.js:26560:12)
      at workLoopSync (client/node_modules/react-dom/cjs/react-dom.development.js:26466:5)
      at renderRootSync (client/node_modules/react-dom/cjs/react-dom.development.js:26434:7)
      at performConcurrentWorkOnRoot (client/node_modules/react-dom/cjs/react-dom.development.js:25738:74)
      at flushActQueue (client/node_modules/react/cjs/react.development.js:2667:24)
      at act (client/node_modules/react/cjs/react.development.js:2582:11)
      at client/node_modules/@testing-library/react/dist/act-compat.js:63:25
      at renderRoot (client/node_modules/@testing-library/react/dist/pure.js:159:26)
      at render (client/node_modules/@testing-library/react/dist/pure.js:246:10)
      at renderHomePage (client/src/pages/HomePage.test.js:100:11)
      at Object.renderHomePage (client/src/pages/HomePage.test.js:307:9)

    console.error
      Warning: Encountered two children with the same key, `4`. Keys should be unique so that components maintain their identity across updates. Non-unique keys may cause children to be duplicated and/or omitted — the behavior is unsupported and could change in a future version.
          at div
          at /Users/jaryl/cs4218-2420-ecom-project-team24/client/node_modules/antd/lib/radio/group.js:24:13
          at div
          at div
          at div
          at main
          at div
          at children (/Users/jaryl/cs4218-2420-ecom-project-team24/client/src/components/Layout.js:8:19)
          at HomePage (/Users/jaryl/cs4218-2420-ecom-project-team24/client/src/pages/HomePage.js:15:43)
          at routeContext (/Users/jaryl/cs4218-2420-ecom-project-team24/client/node_modules/react-router/lib/hooks.tsx:640:26)
          at children (/Users/jaryl/cs4218-2420-ecom-project-team24/client/node_modules/react-router/lib/components.tsx:504:3)
          at basenameProp (/Users/jaryl/cs4218-2420-ecom-project-team24/client/node_modules/react-router/lib/components.tsx:413:13)
          at basename (/Users/jaryl/cs4218-2420-ecom-project-team24/client/node_modules/react-router/lib/components.tsx:219:3)

      at printWarning (client/node_modules/react-dom/cjs/react-dom.development.js:86:30)
      at error (client/node_modules/react-dom/cjs/react-dom.development.js:60:7)
      at warnOnInvalidKey (client/node_modules/react-dom/cjs/react-dom.development.js:15293:11)
      at reconcileChildrenArray (client/node_modules/react-dom/cjs/react-dom.development.js:15330:21)
      at reconcileChildFibers (client/node_modules/react-dom/cjs/react-dom.development.js:15821:16)
      at reconcileChildren (client/node_modules/react-dom/cjs/react-dom.development.js:19174:28)
      at updateContextProvider (client/node_modules/react-dom/cjs/react-dom.development.js:21154:3)
      at beginWork (client/node_modules/react-dom/cjs/react-dom.development.js:21649:14)
      at beginWork$1 (client/node_modules/react-dom/cjs/react-dom.development.js:27426:14)
      at performUnitOfWork (client/node_modules/react-dom/cjs/react-dom.development.js:26560:12)
      at workLoopSync (client/node_modules/react-dom/cjs/react-dom.development.js:26466:5)
      at renderRootSync (client/node_modules/react-dom/cjs/react-dom.development.js:26434:7)
      at performConcurrentWorkOnRoot (client/node_modules/react-dom/cjs/react-dom.development.js:25738:74)
      at workLoop (client/node_modules/scheduler/cjs/scheduler.development.js:266:34)
      at flushWork (client/node_modules/scheduler/cjs/scheduler.development.js:239:14)
      at performWorkUntilDeadline (client/node_modules/scheduler/cjs/scheduler.development.js:533:21)
      at Timeout.task [as _onTimeout] (node_modules/jsdom/lib/jsdom/browser/Window.js:520:19)

    console.error
      Warning: Encountered two children with the same key, `4`. Keys should be unique so that components maintain their identity across updates. Non-unique keys may cause children to be duplicated and/or omitted — the behavior is unsupported and could change in a future version.
          at div
          at /Users/jaryl/cs4218-2420-ecom-project-team24/client/node_modules/antd/lib/radio/group.js:24:13
          at div
          at div
          at div
          at main
          at div
          at children (/Users/jaryl/cs4218-2420-ecom-project-team24/client/src/components/Layout.js:8:19)
          at HomePage (/Users/jaryl/cs4218-2420-ecom-project-team24/client/src/pages/HomePage.js:15:43)
          at routeContext (/Users/jaryl/cs4218-2420-ecom-project-team24/client/node_modules/react-router/lib/hooks.tsx:640:26)
          at children (/Users/jaryl/cs4218-2420-ecom-project-team24/client/node_modules/react-router/lib/components.tsx:504:3)
          at basenameProp (/Users/jaryl/cs4218-2420-ecom-project-team24/client/node_modules/react-router/lib/components.tsx:413:13)
          at basename (/Users/jaryl/cs4218-2420-ecom-project-team24/client/node_modules/react-router/lib/components.tsx:219:3)

       98 |
       99 | const renderHomePage = () => {
    > 100 |     render(
          |           ^
      101 |         <MemoryRouter initialEntries={["/"]}>
      102 |             <Routes>
      103 |                 <Route path="/" element={<HomePage />} />

      at printWarning (client/node_modules/react-dom/cjs/react-dom.development.js:86:30)
      at error (client/node_modules/react-dom/cjs/react-dom.development.js:60:7)
      at warnOnInvalidKey (client/node_modules/react-dom/cjs/react-dom.development.js:15293:11)
      at reconcileChildrenArray (client/node_modules/react-dom/cjs/react-dom.development.js:15330:21)
      at reconcileChildFibers (client/node_modules/react-dom/cjs/react-dom.development.js:15821:16)
      at reconcileChildren (client/node_modules/react-dom/cjs/react-dom.development.js:19167:28)
      at updateContextProvider (client/node_modules/react-dom/cjs/react-dom.development.js:21154:3)
      at beginWork (client/node_modules/react-dom/cjs/react-dom.development.js:21649:14)
      at beginWork$1 (client/node_modules/react-dom/cjs/react-dom.development.js:27426:14)
      at performUnitOfWork (client/node_modules/react-dom/cjs/react-dom.development.js:26560:12)
      at workLoopSync (client/node_modules/react-dom/cjs/react-dom.development.js:26466:5)
      at renderRootSync (client/node_modules/react-dom/cjs/react-dom.development.js:26434:7)
      at performConcurrentWorkOnRoot (client/node_modules/react-dom/cjs/react-dom.development.js:25738:74)
      at flushActQueue (client/node_modules/react/cjs/react.development.js:2667:24)
      at act (client/node_modules/react/cjs/react.development.js:2582:11)
      at client/node_modules/@testing-library/react/dist/act-compat.js:63:25
      at renderRoot (client/node_modules/@testing-library/react/dist/pure.js:159:26)
      at render (client/node_modules/@testing-library/react/dist/pure.js:246:10)
      at renderHomePage (client/src/pages/HomePage.test.js:100:11)
      at Object.renderHomePage (client/src/pages/HomePage.test.js:326:9)

    console.error
      Warning: Encountered two children with the same key, `4`. Keys should be unique so that components maintain their identity across updates. Non-unique keys may cause children to be duplicated and/or omitted — the behavior is unsupported and could change in a future version.
          at div
          at /Users/jaryl/cs4218-2420-ecom-project-team24/client/node_modules/antd/lib/radio/group.js:24:13
          at div
          at div
          at div
          at main
          at div
          at children (/Users/jaryl/cs4218-2420-ecom-project-team24/client/src/components/Layout.js:8:19)
          at HomePage (/Users/jaryl/cs4218-2420-ecom-project-team24/client/src/pages/HomePage.js:15:43)
          at routeContext (/Users/jaryl/cs4218-2420-ecom-project-team24/client/node_modules/react-router/lib/hooks.tsx:640:26)
          at children (/Users/jaryl/cs4218-2420-ecom-project-team24/client/node_modules/react-router/lib/components.tsx:504:3)
          at basenameProp (/Users/jaryl/cs4218-2420-ecom-project-team24/client/node_modules/react-router/lib/components.tsx:413:13)
          at basename (/Users/jaryl/cs4218-2420-ecom-project-team24/client/node_modules/react-router/lib/components.tsx:219:3)

       98 |
       99 | const renderHomePage = () => {
    > 100 |     render(
          |           ^
      101 |         <MemoryRouter initialEntries={["/"]}>
      102 |             <Routes>
      103 |                 <Route path="/" element={<HomePage />} />

      at printWarning (client/node_modules/react-dom/cjs/react-dom.development.js:86:30)
      at error (client/node_modules/react-dom/cjs/react-dom.development.js:60:7)
      at warnOnInvalidKey (client/node_modules/react-dom/cjs/react-dom.development.js:15293:11)
      at reconcileChildrenArray (client/node_modules/react-dom/cjs/react-dom.development.js:15330:21)
      at reconcileChildFibers (client/node_modules/react-dom/cjs/react-dom.development.js:15821:16)
      at reconcileChildren (client/node_modules/react-dom/cjs/react-dom.development.js:19174:28)
      at updateContextProvider (client/node_modules/react-dom/cjs/react-dom.development.js:21154:3)
      at beginWork (client/node_modules/react-dom/cjs/react-dom.development.js:21649:14)
      at beginWork$1 (client/node_modules/react-dom/cjs/react-dom.development.js:27426:14)
      at performUnitOfWork (client/node_modules/react-dom/cjs/react-dom.development.js:26560:12)
      at workLoopSync (client/node_modules/react-dom/cjs/react-dom.development.js:26466:5)
      at renderRootSync (client/node_modules/react-dom/cjs/react-dom.development.js:26434:7)
      at performConcurrentWorkOnRoot (client/node_modules/react-dom/cjs/react-dom.development.js:25738:74)
      at flushActQueue (client/node_modules/react/cjs/react.development.js:2667:24)
      at act (client/node_modules/react/cjs/react.development.js:2582:11)
      at client/node_modules/@testing-library/react/dist/act-compat.js:63:25
      at renderRoot (client/node_modules/@testing-library/react/dist/pure.js:159:26)
      at render (client/node_modules/@testing-library/react/dist/pure.js:246:10)
      at renderHomePage (client/src/pages/HomePage.test.js:100:11)
      at Object.renderHomePage (client/src/pages/HomePage.test.js:326:9)

    console.error
      Warning: Encountered two children with the same key, `4`. Keys should be unique so that components maintain their identity across updates. Non-unique keys may cause children to be duplicated and/or omitted — the behavior is unsupported and could change in a future version.
          at div
          at /Users/jaryl/cs4218-2420-ecom-project-team24/client/node_modules/antd/lib/radio/group.js:24:13
          at div
          at div
          at div
          at main
          at div
          at children (/Users/jaryl/cs4218-2420-ecom-project-team24/client/src/components/Layout.js:8:19)
          at HomePage (/Users/jaryl/cs4218-2420-ecom-project-team24/client/src/pages/HomePage.js:15:43)
          at routeContext (/Users/jaryl/cs4218-2420-ecom-project-team24/client/node_modules/react-router/lib/hooks.tsx:640:26)
          at children (/Users/jaryl/cs4218-2420-ecom-project-team24/client/node_modules/react-router/lib/components.tsx:504:3)
          at basenameProp (/Users/jaryl/cs4218-2420-ecom-project-team24/client/node_modules/react-router/lib/components.tsx:413:13)
          at basename (/Users/jaryl/cs4218-2420-ecom-project-team24/client/node_modules/react-router/lib/components.tsx:219:3)

      at printWarning (client/node_modules/react-dom/cjs/react-dom.development.js:86:30)
      at error (client/node_modules/react-dom/cjs/react-dom.development.js:60:7)
      at warnOnInvalidKey (client/node_modules/react-dom/cjs/react-dom.development.js:15293:11)
      at reconcileChildrenArray (client/node_modules/react-dom/cjs/react-dom.development.js:15330:21)
      at reconcileChildFibers (client/node_modules/react-dom/cjs/react-dom.development.js:15821:16)
      at reconcileChildren (client/node_modules/react-dom/cjs/react-dom.development.js:19174:28)
      at updateContextProvider (client/node_modules/react-dom/cjs/react-dom.development.js:21154:3)
      at beginWork (client/node_modules/react-dom/cjs/react-dom.development.js:21649:14)
      at beginWork$1 (client/node_modules/react-dom/cjs/react-dom.development.js:27426:14)
      at performUnitOfWork (client/node_modules/react-dom/cjs/react-dom.development.js:26560:12)
      at workLoopSync (client/node_modules/react-dom/cjs/react-dom.development.js:26466:5)
      at renderRootSync (client/node_modules/react-dom/cjs/react-dom.development.js:26434:7)
      at performConcurrentWorkOnRoot (client/node_modules/react-dom/cjs/react-dom.development.js:25738:74)
      at workLoop (client/node_modules/scheduler/cjs/scheduler.development.js:266:34)
      at flushWork (client/node_modules/scheduler/cjs/scheduler.development.js:239:14)
      at performWorkUntilDeadline (client/node_modules/scheduler/cjs/scheduler.development.js:533:21)
      at Timeout.task [as _onTimeout] (node_modules/jsdom/lib/jsdom/browser/Window.js:520:19)

    console.error
      Warning: Encountered two children with the same key, `4`. Keys should be unique so that components maintain their identity across updates. Non-unique keys may cause children to be duplicated and/or omitted — the behavior is unsupported and could change in a future version.
          at div
          at /Users/jaryl/cs4218-2420-ecom-project-team24/client/node_modules/antd/lib/radio/group.js:24:13
          at div
          at div
          at div
          at main
          at div
          at children (/Users/jaryl/cs4218-2420-ecom-project-team24/client/src/components/Layout.js:8:19)
          at HomePage (/Users/jaryl/cs4218-2420-ecom-project-team24/client/src/pages/HomePage.js:15:43)
          at routeContext (/Users/jaryl/cs4218-2420-ecom-project-team24/client/node_modules/react-router/lib/hooks.tsx:640:26)
          at children (/Users/jaryl/cs4218-2420-ecom-project-team24/client/node_modules/react-router/lib/components.tsx:504:3)
          at basenameProp (/Users/jaryl/cs4218-2420-ecom-project-team24/client/node_modules/react-router/lib/components.tsx:413:13)
          at basename (/Users/jaryl/cs4218-2420-ecom-project-team24/client/node_modules/react-router/lib/components.tsx:219:3)

       98 |
       99 | const renderHomePage = () => {
    > 100 |     render(
          |           ^
      101 |         <MemoryRouter initialEntries={["/"]}>
      102 |             <Routes>
      103 |                 <Route path="/" element={<HomePage />} />

      at printWarning (client/node_modules/react-dom/cjs/react-dom.development.js:86:30)
      at error (client/node_modules/react-dom/cjs/react-dom.development.js:60:7)
      at warnOnInvalidKey (client/node_modules/react-dom/cjs/react-dom.development.js:15293:11)
      at reconcileChildrenArray (client/node_modules/react-dom/cjs/react-dom.development.js:15330:21)
      at reconcileChildFibers (client/node_modules/react-dom/cjs/react-dom.development.js:15821:16)
      at reconcileChildren (client/node_modules/react-dom/cjs/react-dom.development.js:19167:28)
      at updateContextProvider (client/node_modules/react-dom/cjs/react-dom.development.js:21154:3)
      at beginWork (client/node_modules/react-dom/cjs/react-dom.development.js:21649:14)
      at beginWork$1 (client/node_modules/react-dom/cjs/react-dom.development.js:27426:14)
      at performUnitOfWork (client/node_modules/react-dom/cjs/react-dom.development.js:26560:12)
      at workLoopSync (client/node_modules/react-dom/cjs/react-dom.development.js:26466:5)
      at renderRootSync (client/node_modules/react-dom/cjs/react-dom.development.js:26434:7)
      at performConcurrentWorkOnRoot (client/node_modules/react-dom/cjs/react-dom.development.js:25738:74)
      at flushActQueue (client/node_modules/react/cjs/react.development.js:2667:24)
      at act (client/node_modules/react/cjs/react.development.js:2582:11)
      at client/node_modules/@testing-library/react/dist/act-compat.js:63:25
      at renderRoot (client/node_modules/@testing-library/react/dist/pure.js:159:26)
      at render (client/node_modules/@testing-library/react/dist/pure.js:246:10)
      at renderHomePage (client/src/pages/HomePage.test.js:100:11)
      at Object.renderHomePage (client/src/pages/HomePage.test.js:350:9)

    console.error
      Warning: Encountered two children with the same key, `4`. Keys should be unique so that components maintain their identity across updates. Non-unique keys may cause children to be duplicated and/or omitted — the behavior is unsupported and could change in a future version.
          at div
          at /Users/jaryl/cs4218-2420-ecom-project-team24/client/node_modules/antd/lib/radio/group.js:24:13
          at div
          at div
          at div
          at main
          at div
          at children (/Users/jaryl/cs4218-2420-ecom-project-team24/client/src/components/Layout.js:8:19)
          at HomePage (/Users/jaryl/cs4218-2420-ecom-project-team24/client/src/pages/HomePage.js:15:43)
          at routeContext (/Users/jaryl/cs4218-2420-ecom-project-team24/client/node_modules/react-router/lib/hooks.tsx:640:26)
          at children (/Users/jaryl/cs4218-2420-ecom-project-team24/client/node_modules/react-router/lib/components.tsx:504:3)
          at basenameProp (/Users/jaryl/cs4218-2420-ecom-project-team24/client/node_modules/react-router/lib/components.tsx:413:13)
          at basename (/Users/jaryl/cs4218-2420-ecom-project-team24/client/node_modules/react-router/lib/components.tsx:219:3)

       98 |
       99 | const renderHomePage = () => {
    > 100 |     render(
          |           ^
      101 |         <MemoryRouter initialEntries={["/"]}>
      102 |             <Routes>
      103 |                 <Route path="/" element={<HomePage />} />

      at printWarning (client/node_modules/react-dom/cjs/react-dom.development.js:86:30)
      at error (client/node_modules/react-dom/cjs/react-dom.development.js:60:7)
      at warnOnInvalidKey (client/node_modules/react-dom/cjs/react-dom.development.js:15293:11)
      at reconcileChildrenArray (client/node_modules/react-dom/cjs/react-dom.development.js:15330:21)
      at reconcileChildFibers (client/node_modules/react-dom/cjs/react-dom.development.js:15821:16)
      at reconcileChildren (client/node_modules/react-dom/cjs/react-dom.development.js:19174:28)
      at updateContextProvider (client/node_modules/react-dom/cjs/react-dom.development.js:21154:3)
      at beginWork (client/node_modules/react-dom/cjs/react-dom.development.js:21649:14)
      at beginWork$1 (client/node_modules/react-dom/cjs/react-dom.development.js:27426:14)
      at performUnitOfWork (client/node_modules/react-dom/cjs/react-dom.development.js:26560:12)
      at workLoopSync (client/node_modules/react-dom/cjs/react-dom.development.js:26466:5)
      at renderRootSync (client/node_modules/react-dom/cjs/react-dom.development.js:26434:7)
      at performConcurrentWorkOnRoot (client/node_modules/react-dom/cjs/react-dom.development.js:25738:74)
      at flushActQueue (client/node_modules/react/cjs/react.development.js:2667:24)
      at act (client/node_modules/react/cjs/react.development.js:2582:11)
      at client/node_modules/@testing-library/react/dist/act-compat.js:63:25
      at renderRoot (client/node_modules/@testing-library/react/dist/pure.js:159:26)
      at render (client/node_modules/@testing-library/react/dist/pure.js:246:10)
      at renderHomePage (client/src/pages/HomePage.test.js:100:11)
      at Object.renderHomePage (client/src/pages/HomePage.test.js:350:9)

    console.error
      Warning: Encountered two children with the same key, `4`. Keys should be unique so that components maintain their identity across updates. Non-unique keys may cause children to be duplicated and/or omitted — the behavior is unsupported and could change in a future version.
          at div
          at /Users/jaryl/cs4218-2420-ecom-project-team24/client/node_modules/antd/lib/radio/group.js:24:13
          at div
          at div
          at div
          at main
          at div
          at children (/Users/jaryl/cs4218-2420-ecom-project-team24/client/src/components/Layout.js:8:19)
          at HomePage (/Users/jaryl/cs4218-2420-ecom-project-team24/client/src/pages/HomePage.js:15:43)
          at routeContext (/Users/jaryl/cs4218-2420-ecom-project-team24/client/node_modules/react-router/lib/hooks.tsx:640:26)
          at children (/Users/jaryl/cs4218-2420-ecom-project-team24/client/node_modules/react-router/lib/components.tsx:504:3)
          at basenameProp (/Users/jaryl/cs4218-2420-ecom-project-team24/client/node_modules/react-router/lib/components.tsx:413:13)
          at basename (/Users/jaryl/cs4218-2420-ecom-project-team24/client/node_modules/react-router/lib/components.tsx:219:3)

      at printWarning (client/node_modules/react-dom/cjs/react-dom.development.js:86:30)
      at error (client/node_modules/react-dom/cjs/react-dom.development.js:60:7)
      at warnOnInvalidKey (client/node_modules/react-dom/cjs/react-dom.development.js:15293:11)
      at reconcileChildrenArray (client/node_modules/react-dom/cjs/react-dom.development.js:15330:21)
      at reconcileChildFibers (client/node_modules/react-dom/cjs/react-dom.development.js:15821:16)
      at reconcileChildren (client/node_modules/react-dom/cjs/react-dom.development.js:19174:28)
      at updateContextProvider (client/node_modules/react-dom/cjs/react-dom.development.js:21154:3)
      at beginWork (client/node_modules/react-dom/cjs/react-dom.development.js:21649:14)
      at beginWork$1 (client/node_modules/react-dom/cjs/react-dom.development.js:27426:14)
      at performUnitOfWork (client/node_modules/react-dom/cjs/react-dom.development.js:26560:12)
      at workLoopSync (client/node_modules/react-dom/cjs/react-dom.development.js:26466:5)
      at renderRootSync (client/node_modules/react-dom/cjs/react-dom.development.js:26434:7)
      at performConcurrentWorkOnRoot (client/node_modules/react-dom/cjs/react-dom.development.js:25738:74)
      at workLoop (client/node_modules/scheduler/cjs/scheduler.development.js:266:34)
      at flushWork (client/node_modules/scheduler/cjs/scheduler.development.js:239:14)
      at performWorkUntilDeadline (client/node_modules/scheduler/cjs/scheduler.development.js:533:21)
      at Timeout.task [as _onTimeout] (node_modules/jsdom/lib/jsdom/browser/Window.js:520:19)

    console.error
      Warning: Encountered two children with the same key, `4`. Keys should be unique so that components maintain their identity across updates. Non-unique keys may cause children to be duplicated and/or omitted — the behavior is unsupported and could change in a future version.
          at div
          at /Users/jaryl/cs4218-2420-ecom-project-team24/client/node_modules/antd/lib/radio/group.js:24:13
          at div
          at div
          at div
          at main
          at div
          at children (/Users/jaryl/cs4218-2420-ecom-project-team24/client/src/components/Layout.js:8:19)
          at HomePage (/Users/jaryl/cs4218-2420-ecom-project-team24/client/src/pages/HomePage.js:15:43)
          at routeContext (/Users/jaryl/cs4218-2420-ecom-project-team24/client/node_modules/react-router/lib/hooks.tsx:640:26)
          at children (/Users/jaryl/cs4218-2420-ecom-project-team24/client/node_modules/react-router/lib/components.tsx:504:3)
          at basenameProp (/Users/jaryl/cs4218-2420-ecom-project-team24/client/node_modules/react-router/lib/components.tsx:413:13)
          at basename (/Users/jaryl/cs4218-2420-ecom-project-team24/client/node_modules/react-router/lib/components.tsx:219:3)

       98 |
       99 | const renderHomePage = () => {
    > 100 |     render(
          |           ^
      101 |         <MemoryRouter initialEntries={["/"]}>
      102 |             <Routes>
      103 |                 <Route path="/" element={<HomePage />} />

      at printWarning (client/node_modules/react-dom/cjs/react-dom.development.js:86:30)
      at error (client/node_modules/react-dom/cjs/react-dom.development.js:60:7)
      at warnOnInvalidKey (client/node_modules/react-dom/cjs/react-dom.development.js:15293:11)
      at reconcileChildrenArray (client/node_modules/react-dom/cjs/react-dom.development.js:15330:21)
      at reconcileChildFibers (client/node_modules/react-dom/cjs/react-dom.development.js:15821:16)
      at reconcileChildren (client/node_modules/react-dom/cjs/react-dom.development.js:19167:28)
      at updateContextProvider (client/node_modules/react-dom/cjs/react-dom.development.js:21154:3)
      at beginWork (client/node_modules/react-dom/cjs/react-dom.development.js:21649:14)
      at beginWork$1 (client/node_modules/react-dom/cjs/react-dom.development.js:27426:14)
      at performUnitOfWork (client/node_modules/react-dom/cjs/react-dom.development.js:26560:12)
      at workLoopSync (client/node_modules/react-dom/cjs/react-dom.development.js:26466:5)
      at renderRootSync (client/node_modules/react-dom/cjs/react-dom.development.js:26434:7)
      at performConcurrentWorkOnRoot (client/node_modules/react-dom/cjs/react-dom.development.js:25738:74)
      at flushActQueue (client/node_modules/react/cjs/react.development.js:2667:24)
      at act (client/node_modules/react/cjs/react.development.js:2582:11)
      at client/node_modules/@testing-library/react/dist/act-compat.js:63:25
      at renderRoot (client/node_modules/@testing-library/react/dist/pure.js:159:26)
      at render (client/node_modules/@testing-library/react/dist/pure.js:246:10)
      at renderHomePage (client/src/pages/HomePage.test.js:100:11)
      at Object.renderHomePage (client/src/pages/HomePage.test.js:365:9)

    console.error
      Warning: Encountered two children with the same key, `4`. Keys should be unique so that components maintain their identity across updates. Non-unique keys may cause children to be duplicated and/or omitted — the behavior is unsupported and could change in a future version.
          at div
          at /Users/jaryl/cs4218-2420-ecom-project-team24/client/node_modules/antd/lib/radio/group.js:24:13
          at div
          at div
          at div
          at main
          at div
          at children (/Users/jaryl/cs4218-2420-ecom-project-team24/client/src/components/Layout.js:8:19)
          at HomePage (/Users/jaryl/cs4218-2420-ecom-project-team24/client/src/pages/HomePage.js:15:43)
          at routeContext (/Users/jaryl/cs4218-2420-ecom-project-team24/client/node_modules/react-router/lib/hooks.tsx:640:26)
          at children (/Users/jaryl/cs4218-2420-ecom-project-team24/client/node_modules/react-router/lib/components.tsx:504:3)
          at basenameProp (/Users/jaryl/cs4218-2420-ecom-project-team24/client/node_modules/react-router/lib/components.tsx:413:13)
          at basename (/Users/jaryl/cs4218-2420-ecom-project-team24/client/node_modules/react-router/lib/components.tsx:219:3)

       98 |
       99 | const renderHomePage = () => {
    > 100 |     render(
          |           ^
      101 |         <MemoryRouter initialEntries={["/"]}>
      102 |             <Routes>
      103 |                 <Route path="/" element={<HomePage />} />

      at printWarning (client/node_modules/react-dom/cjs/react-dom.development.js:86:30)
      at error (client/node_modules/react-dom/cjs/react-dom.development.js:60:7)
      at warnOnInvalidKey (client/node_modules/react-dom/cjs/react-dom.development.js:15293:11)
      at reconcileChildrenArray (client/node_modules/react-dom/cjs/react-dom.development.js:15330:21)
      at reconcileChildFibers (client/node_modules/react-dom/cjs/react-dom.development.js:15821:16)
      at reconcileChildren (client/node_modules/react-dom/cjs/react-dom.development.js:19174:28)
      at updateContextProvider (client/node_modules/react-dom/cjs/react-dom.development.js:21154:3)
      at beginWork (client/node_modules/react-dom/cjs/react-dom.development.js:21649:14)
      at beginWork$1 (client/node_modules/react-dom/cjs/react-dom.development.js:27426:14)
      at performUnitOfWork (client/node_modules/react-dom/cjs/react-dom.development.js:26560:12)
      at workLoopSync (client/node_modules/react-dom/cjs/react-dom.development.js:26466:5)
      at renderRootSync (client/node_modules/react-dom/cjs/react-dom.development.js:26434:7)
      at performConcurrentWorkOnRoot (client/node_modules/react-dom/cjs/react-dom.development.js:25738:74)
      at flushActQueue (client/node_modules/react/cjs/react.development.js:2667:24)
      at act (client/node_modules/react/cjs/react.development.js:2582:11)
      at client/node_modules/@testing-library/react/dist/act-compat.js:63:25
      at renderRoot (client/node_modules/@testing-library/react/dist/pure.js:159:26)
      at render (client/node_modules/@testing-library/react/dist/pure.js:246:10)
      at renderHomePage (client/src/pages/HomePage.test.js:100:11)
      at Object.renderHomePage (client/src/pages/HomePage.test.js:365:9)

    console.error
      Warning: Encountered two children with the same key, `4`. Keys should be unique so that components maintain their identity across updates. Non-unique keys may cause children to be duplicated and/or omitted — the behavior is unsupported and could change in a future version.
          at div
          at /Users/jaryl/cs4218-2420-ecom-project-team24/client/node_modules/antd/lib/radio/group.js:24:13
          at div
          at div
          at div
          at main
          at div
          at children (/Users/jaryl/cs4218-2420-ecom-project-team24/client/src/components/Layout.js:8:19)
          at HomePage (/Users/jaryl/cs4218-2420-ecom-project-team24/client/src/pages/HomePage.js:15:43)
          at routeContext (/Users/jaryl/cs4218-2420-ecom-project-team24/client/node_modules/react-router/lib/hooks.tsx:640:26)
          at children (/Users/jaryl/cs4218-2420-ecom-project-team24/client/node_modules/react-router/lib/components.tsx:504:3)
          at basenameProp (/Users/jaryl/cs4218-2420-ecom-project-team24/client/node_modules/react-router/lib/components.tsx:413:13)
          at basename (/Users/jaryl/cs4218-2420-ecom-project-team24/client/node_modules/react-router/lib/components.tsx:219:3)

      at printWarning (client/node_modules/react-dom/cjs/react-dom.development.js:86:30)
      at error (client/node_modules/react-dom/cjs/react-dom.development.js:60:7)
      at warnOnInvalidKey (client/node_modules/react-dom/cjs/react-dom.development.js:15293:11)
      at reconcileChildrenArray (client/node_modules/react-dom/cjs/react-dom.development.js:15330:21)
      at reconcileChildFibers (client/node_modules/react-dom/cjs/react-dom.development.js:15821:16)
      at reconcileChildren (client/node_modules/react-dom/cjs/react-dom.development.js:19174:28)
      at updateContextProvider (client/node_modules/react-dom/cjs/react-dom.development.js:21154:3)
      at beginWork (client/node_modules/react-dom/cjs/react-dom.development.js:21649:14)
      at beginWork$1 (client/node_modules/react-dom/cjs/react-dom.development.js:27426:14)
      at performUnitOfWork (client/node_modules/react-dom/cjs/react-dom.development.js:26560:12)
      at workLoopSync (client/node_modules/react-dom/cjs/react-dom.development.js:26466:5)
      at renderRootSync (client/node_modules/react-dom/cjs/react-dom.development.js:26434:7)
      at performConcurrentWorkOnRoot (client/node_modules/react-dom/cjs/react-dom.development.js:25738:74)
      at workLoop (client/node_modules/scheduler/cjs/scheduler.development.js:266:34)
      at flushWork (client/node_modules/scheduler/cjs/scheduler.development.js:239:14)
      at performWorkUntilDeadline (client/node_modules/scheduler/cjs/scheduler.development.js:533:21)
      at Timeout.task [as _onTimeout] (node_modules/jsdom/lib/jsdom/browser/Window.js:520:19)

    console.error
      Warning: Encountered two children with the same key, `4`. Keys should be unique so that components maintain their identity across updates. Non-unique keys may cause children to be duplicated and/or omitted — the behavior is unsupported and could change in a future version.
          at div
          at /Users/jaryl/cs4218-2420-ecom-project-team24/client/node_modules/antd/lib/radio/group.js:24:13
          at div
          at div
          at div
          at main
          at div
          at children (/Users/jaryl/cs4218-2420-ecom-project-team24/client/src/components/Layout.js:8:19)
          at HomePage (/Users/jaryl/cs4218-2420-ecom-project-team24/client/src/pages/HomePage.js:15:43)
          at routeContext (/Users/jaryl/cs4218-2420-ecom-project-team24/client/node_modules/react-router/lib/hooks.tsx:640:26)
          at children (/Users/jaryl/cs4218-2420-ecom-project-team24/client/node_modules/react-router/lib/components.tsx:504:3)
          at basenameProp (/Users/jaryl/cs4218-2420-ecom-project-team24/client/node_modules/react-router/lib/components.tsx:413:13)
          at basename (/Users/jaryl/cs4218-2420-ecom-project-team24/client/node_modules/react-router/lib/components.tsx:219:3)

      365 |         renderHomePage();
      366 |         await screen.findByText("Loadmore");
    > 367 |         fireEvent.click(screen.getByText("Loadmore"));
          |                   ^
      368 |
      369 |         await waitFor(() => {
      370 |             expect(axios.get).toHaveBeenCalledWith('/api/v1/product/product-list/2');

      at printWarning (client/node_modules/react-dom/cjs/react-dom.development.js:86:30)
      at error (client/node_modules/react-dom/cjs/react-dom.development.js:60:7)
      at warnOnInvalidKey (client/node_modules/react-dom/cjs/react-dom.development.js:15293:11)
      at reconcileChildrenArray (client/node_modules/react-dom/cjs/react-dom.development.js:15330:21)
      at reconcileChildFibers (client/node_modules/react-dom/cjs/react-dom.development.js:15821:16)
      at reconcileChildren (client/node_modules/react-dom/cjs/react-dom.development.js:19174:28)
      at updateContextProvider (client/node_modules/react-dom/cjs/react-dom.development.js:21154:3)
      at beginWork (client/node_modules/react-dom/cjs/react-dom.development.js:21649:14)
      at beginWork$1 (client/node_modules/react-dom/cjs/react-dom.development.js:27426:14)
      at performUnitOfWork (client/node_modules/react-dom/cjs/react-dom.development.js:26560:12)
      at workLoopSync (client/node_modules/react-dom/cjs/react-dom.development.js:26466:5)
      at renderRootSync (client/node_modules/react-dom/cjs/react-dom.development.js:26434:7)
      at performSyncWorkOnRoot (client/node_modules/react-dom/cjs/react-dom.development.js:26085:20)
      at flushSyncCallbacks (client/node_modules/react-dom/cjs/react-dom.development.js:12042:22)
      at flushActQueue (client/node_modules/react/cjs/react.development.js:2667:24)
      at act (client/node_modules/react/cjs/react.development.js:2582:11)
      at client/node_modules/@testing-library/react/dist/act-compat.js:63:25
      at Object.eventWrapper (client/node_modules/@testing-library/react/dist/pure.js:78:28)
      at fireEvent (client/node_modules/@testing-library/react/node_modules/@testing-library/dom/dist/events.js:12:35)
      at Function.fireEvent.<computed> [as click] (client/node_modules/@testing-library/react/node_modules/@testing-library/dom/dist/events.js:110:36)
      at Function.fireEvent.<computed> [as click] (client/node_modules/@testing-library/react/dist/fire-event.js:18:52)
      at Object.click (client/src/pages/HomePage.test.js:367:19)

    console.error
      Warning: Encountered two children with the same key, `4`. Keys should be unique so that components maintain their identity across updates. Non-unique keys may cause children to be duplicated and/or omitted — the behavior is unsupported and could change in a future version.
          at div
          at /Users/jaryl/cs4218-2420-ecom-project-team24/client/node_modules/antd/lib/radio/group.js:24:13
          at div
          at div
          at div
          at main
          at div
          at children (/Users/jaryl/cs4218-2420-ecom-project-team24/client/src/components/Layout.js:8:19)
          at HomePage (/Users/jaryl/cs4218-2420-ecom-project-team24/client/src/pages/HomePage.js:15:43)
          at routeContext (/Users/jaryl/cs4218-2420-ecom-project-team24/client/node_modules/react-router/lib/hooks.tsx:640:26)
          at children (/Users/jaryl/cs4218-2420-ecom-project-team24/client/node_modules/react-router/lib/components.tsx:504:3)
          at basenameProp (/Users/jaryl/cs4218-2420-ecom-project-team24/client/node_modules/react-router/lib/components.tsx:413:13)
          at basename (/Users/jaryl/cs4218-2420-ecom-project-team24/client/node_modules/react-router/lib/components.tsx:219:3)

      365 |         renderHomePage();
      366 |         await screen.findByText("Loadmore");
    > 367 |         fireEvent.click(screen.getByText("Loadmore"));
          |                   ^
      368 |
      369 |         await waitFor(() => {
      370 |             expect(axios.get).toHaveBeenCalledWith('/api/v1/product/product-list/2');

      at printWarning (client/node_modules/react-dom/cjs/react-dom.development.js:86:30)
      at error (client/node_modules/react-dom/cjs/react-dom.development.js:60:7)
      at warnOnInvalidKey (client/node_modules/react-dom/cjs/react-dom.development.js:15293:11)
      at reconcileChildrenArray (client/node_modules/react-dom/cjs/react-dom.development.js:15330:21)
      at reconcileChildFibers (client/node_modules/react-dom/cjs/react-dom.development.js:15821:16)
      at reconcileChildren (client/node_modules/react-dom/cjs/react-dom.development.js:19174:28)
      at updateContextProvider (client/node_modules/react-dom/cjs/react-dom.development.js:21154:3)
      at beginWork (client/node_modules/react-dom/cjs/react-dom.development.js:21649:14)
      at beginWork$1 (client/node_modules/react-dom/cjs/react-dom.development.js:27426:14)
      at performUnitOfWork (client/node_modules/react-dom/cjs/react-dom.development.js:26560:12)
      at workLoopSync (client/node_modules/react-dom/cjs/react-dom.development.js:26466:5)
      at renderRootSync (client/node_modules/react-dom/cjs/react-dom.development.js:26434:7)
      at performConcurrentWorkOnRoot (client/node_modules/react-dom/cjs/react-dom.development.js:25738:74)
      at flushActQueue (client/node_modules/react/cjs/react.development.js:2667:24)
      at act (client/node_modules/react/cjs/react.development.js:2582:11)
      at client/node_modules/@testing-library/react/dist/act-compat.js:63:25
      at Object.eventWrapper (client/node_modules/@testing-library/react/dist/pure.js:78:28)
      at fireEvent (client/node_modules/@testing-library/react/node_modules/@testing-library/dom/dist/events.js:12:35)
      at Function.fireEvent.<computed> [as click] (client/node_modules/@testing-library/react/node_modules/@testing-library/dom/dist/events.js:110:36)
      at Function.fireEvent.<computed> [as click] (client/node_modules/@testing-library/react/dist/fire-event.js:18:52)
      at Object.click (client/src/pages/HomePage.test.js:367:19)

    console.error
      Warning: Encountered two children with the same key, `4`. Keys should be unique so that components maintain their identity across updates. Non-unique keys may cause children to be duplicated and/or omitted — the behavior is unsupported and could change in a future version.
          at div
          at /Users/jaryl/cs4218-2420-ecom-project-team24/client/node_modules/antd/lib/radio/group.js:24:13
          at div
          at div
          at div
          at main
          at div
          at children (/Users/jaryl/cs4218-2420-ecom-project-team24/client/src/components/Layout.js:8:19)
          at HomePage (/Users/jaryl/cs4218-2420-ecom-project-team24/client/src/pages/HomePage.js:15:43)
          at routeContext (/Users/jaryl/cs4218-2420-ecom-project-team24/client/node_modules/react-router/lib/hooks.tsx:640:26)
          at children (/Users/jaryl/cs4218-2420-ecom-project-team24/client/node_modules/react-router/lib/components.tsx:504:3)
          at basenameProp (/Users/jaryl/cs4218-2420-ecom-project-team24/client/node_modules/react-router/lib/components.tsx:413:13)
          at basename (/Users/jaryl/cs4218-2420-ecom-project-team24/client/node_modules/react-router/lib/components.tsx:219:3)

      at printWarning (client/node_modules/react-dom/cjs/react-dom.development.js:86:30)
      at error (client/node_modules/react-dom/cjs/react-dom.development.js:60:7)
      at warnOnInvalidKey (client/node_modules/react-dom/cjs/react-dom.development.js:15293:11)
      at reconcileChildrenArray (client/node_modules/react-dom/cjs/react-dom.development.js:15330:21)
      at reconcileChildFibers (client/node_modules/react-dom/cjs/react-dom.development.js:15821:16)
      at reconcileChildren (client/node_modules/react-dom/cjs/react-dom.development.js:19174:28)
      at updateContextProvider (client/node_modules/react-dom/cjs/react-dom.development.js:21154:3)
      at beginWork (client/node_modules/react-dom/cjs/react-dom.development.js:21649:14)
      at beginWork$1 (client/node_modules/react-dom/cjs/react-dom.development.js:27426:14)
      at performUnitOfWork (client/node_modules/react-dom/cjs/react-dom.development.js:26560:12)
      at workLoopSync (client/node_modules/react-dom/cjs/react-dom.development.js:26466:5)
      at renderRootSync (client/node_modules/react-dom/cjs/react-dom.development.js:26434:7)
      at performConcurrentWorkOnRoot (client/node_modules/react-dom/cjs/react-dom.development.js:25738:74)
      at workLoop (client/node_modules/scheduler/cjs/scheduler.development.js:266:34)
      at flushWork (client/node_modules/scheduler/cjs/scheduler.development.js:239:14)
      at performWorkUntilDeadline (client/node_modules/scheduler/cjs/scheduler.development.js:533:21)
      at Timeout.task [as _onTimeout] (node_modules/jsdom/lib/jsdom/browser/Window.js:520:19)

    console.error
      Warning: Encountered two children with the same key, `4`. Keys should be unique so that components maintain their identity across updates. Non-unique keys may cause children to be duplicated and/or omitted — the behavior is unsupported and could change in a future version.
          at div
          at /Users/jaryl/cs4218-2420-ecom-project-team24/client/node_modules/antd/lib/radio/group.js:24:13
          at div
          at div
          at div
          at main
          at div
          at children (/Users/jaryl/cs4218-2420-ecom-project-team24/client/src/components/Layout.js:8:19)
          at HomePage (/Users/jaryl/cs4218-2420-ecom-project-team24/client/src/pages/HomePage.js:15:43)
          at routeContext (/Users/jaryl/cs4218-2420-ecom-project-team24/client/node_modules/react-router/lib/hooks.tsx:640:26)
          at children (/Users/jaryl/cs4218-2420-ecom-project-team24/client/node_modules/react-router/lib/components.tsx:504:3)
          at basenameProp (/Users/jaryl/cs4218-2420-ecom-project-team24/client/node_modules/react-router/lib/components.tsx:413:13)
          at basename (/Users/jaryl/cs4218-2420-ecom-project-team24/client/node_modules/react-router/lib/components.tsx:219:3)

       98 |
       99 | const renderHomePage = () => {
    > 100 |     render(
          |           ^
      101 |         <MemoryRouter initialEntries={["/"]}>
      102 |             <Routes>
      103 |                 <Route path="/" element={<HomePage />} />

      at printWarning (client/node_modules/react-dom/cjs/react-dom.development.js:86:30)
      at error (client/node_modules/react-dom/cjs/react-dom.development.js:60:7)
      at warnOnInvalidKey (client/node_modules/react-dom/cjs/react-dom.development.js:15293:11)
      at reconcileChildrenArray (client/node_modules/react-dom/cjs/react-dom.development.js:15330:21)
      at reconcileChildFibers (client/node_modules/react-dom/cjs/react-dom.development.js:15821:16)
      at reconcileChildren (client/node_modules/react-dom/cjs/react-dom.development.js:19167:28)
      at updateContextProvider (client/node_modules/react-dom/cjs/react-dom.development.js:21154:3)
      at beginWork (client/node_modules/react-dom/cjs/react-dom.development.js:21649:14)
      at beginWork$1 (client/node_modules/react-dom/cjs/react-dom.development.js:27426:14)
      at performUnitOfWork (client/node_modules/react-dom/cjs/react-dom.development.js:26560:12)
      at workLoopSync (client/node_modules/react-dom/cjs/react-dom.development.js:26466:5)
      at renderRootSync (client/node_modules/react-dom/cjs/react-dom.development.js:26434:7)
      at performConcurrentWorkOnRoot (client/node_modules/react-dom/cjs/react-dom.development.js:25738:74)
      at flushActQueue (client/node_modules/react/cjs/react.development.js:2667:24)
      at act (client/node_modules/react/cjs/react.development.js:2582:11)
      at client/node_modules/@testing-library/react/dist/act-compat.js:63:25
      at renderRoot (client/node_modules/@testing-library/react/dist/pure.js:159:26)
      at render (client/node_modules/@testing-library/react/dist/pure.js:246:10)
      at renderHomePage (client/src/pages/HomePage.test.js:100:11)
      at Object.renderHomePage (client/src/pages/HomePage.test.js:392:9)

    console.error
      Warning: Encountered two children with the same key, `4`. Keys should be unique so that components maintain their identity across updates. Non-unique keys may cause children to be duplicated and/or omitted — the behavior is unsupported and could change in a future version.
          at div
          at /Users/jaryl/cs4218-2420-ecom-project-team24/client/node_modules/antd/lib/radio/group.js:24:13
          at div
          at div
          at div
          at main
          at div
          at children (/Users/jaryl/cs4218-2420-ecom-project-team24/client/src/components/Layout.js:8:19)
          at HomePage (/Users/jaryl/cs4218-2420-ecom-project-team24/client/src/pages/HomePage.js:15:43)
          at routeContext (/Users/jaryl/cs4218-2420-ecom-project-team24/client/node_modules/react-router/lib/hooks.tsx:640:26)
          at children (/Users/jaryl/cs4218-2420-ecom-project-team24/client/node_modules/react-router/lib/components.tsx:504:3)
          at basenameProp (/Users/jaryl/cs4218-2420-ecom-project-team24/client/node_modules/react-router/lib/components.tsx:413:13)
          at basename (/Users/jaryl/cs4218-2420-ecom-project-team24/client/node_modules/react-router/lib/components.tsx:219:3)

       98 |
       99 | const renderHomePage = () => {
    > 100 |     render(
          |           ^
      101 |         <MemoryRouter initialEntries={["/"]}>
      102 |             <Routes>
      103 |                 <Route path="/" element={<HomePage />} />

      at printWarning (client/node_modules/react-dom/cjs/react-dom.development.js:86:30)
      at error (client/node_modules/react-dom/cjs/react-dom.development.js:60:7)
      at warnOnInvalidKey (client/node_modules/react-dom/cjs/react-dom.development.js:15293:11)
      at reconcileChildrenArray (client/node_modules/react-dom/cjs/react-dom.development.js:15330:21)
      at reconcileChildFibers (client/node_modules/react-dom/cjs/react-dom.development.js:15821:16)
      at reconcileChildren (client/node_modules/react-dom/cjs/react-dom.development.js:19174:28)
      at updateContextProvider (client/node_modules/react-dom/cjs/react-dom.development.js:21154:3)
      at beginWork (client/node_modules/react-dom/cjs/react-dom.development.js:21649:14)
      at beginWork$1 (client/node_modules/react-dom/cjs/react-dom.development.js:27426:14)
      at performUnitOfWork (client/node_modules/react-dom/cjs/react-dom.development.js:26560:12)
      at workLoopSync (client/node_modules/react-dom/cjs/react-dom.development.js:26466:5)
      at renderRootSync (client/node_modules/react-dom/cjs/react-dom.development.js:26434:7)
      at performConcurrentWorkOnRoot (client/node_modules/react-dom/cjs/react-dom.development.js:25738:74)
      at flushActQueue (client/node_modules/react/cjs/react.development.js:2667:24)
      at act (client/node_modules/react/cjs/react.development.js:2582:11)
      at client/node_modules/@testing-library/react/dist/act-compat.js:63:25
      at renderRoot (client/node_modules/@testing-library/react/dist/pure.js:159:26)
      at render (client/node_modules/@testing-library/react/dist/pure.js:246:10)
      at renderHomePage (client/src/pages/HomePage.test.js:100:11)
      at Object.renderHomePage (client/src/pages/HomePage.test.js:392:9)

    console.error
      Warning: Encountered two children with the same key, `4`. Keys should be unique so that components maintain their identity across updates. Non-unique keys may cause children to be duplicated and/or omitted — the behavior is unsupported and could change in a future version.
          at div
          at /Users/jaryl/cs4218-2420-ecom-project-team24/client/node_modules/antd/lib/radio/group.js:24:13
          at div
          at div
          at div
          at main
          at div
          at children (/Users/jaryl/cs4218-2420-ecom-project-team24/client/src/components/Layout.js:8:19)
          at HomePage (/Users/jaryl/cs4218-2420-ecom-project-team24/client/src/pages/HomePage.js:15:43)
          at routeContext (/Users/jaryl/cs4218-2420-ecom-project-team24/client/node_modules/react-router/lib/hooks.tsx:640:26)
          at children (/Users/jaryl/cs4218-2420-ecom-project-team24/client/node_modules/react-router/lib/components.tsx:504:3)
          at basenameProp (/Users/jaryl/cs4218-2420-ecom-project-team24/client/node_modules/react-router/lib/components.tsx:413:13)
          at basename (/Users/jaryl/cs4218-2420-ecom-project-team24/client/node_modules/react-router/lib/components.tsx:219:3)

      at printWarning (client/node_modules/react-dom/cjs/react-dom.development.js:86:30)
      at error (client/node_modules/react-dom/cjs/react-dom.development.js:60:7)
      at warnOnInvalidKey (client/node_modules/react-dom/cjs/react-dom.development.js:15293:11)
      at reconcileChildrenArray (client/node_modules/react-dom/cjs/react-dom.development.js:15330:21)
      at reconcileChildFibers (client/node_modules/react-dom/cjs/react-dom.development.js:15821:16)
      at reconcileChildren (client/node_modules/react-dom/cjs/react-dom.development.js:19174:28)
      at updateContextProvider (client/node_modules/react-dom/cjs/react-dom.development.js:21154:3)
      at beginWork (client/node_modules/react-dom/cjs/react-dom.development.js:21649:14)
      at beginWork$1 (client/node_modules/react-dom/cjs/react-dom.development.js:27426:14)
      at performUnitOfWork (client/node_modules/react-dom/cjs/react-dom.development.js:26560:12)
      at workLoopSync (client/node_modules/react-dom/cjs/react-dom.development.js:26466:5)
      at renderRootSync (client/node_modules/react-dom/cjs/react-dom.development.js:26434:7)
      at performConcurrentWorkOnRoot (client/node_modules/react-dom/cjs/react-dom.development.js:25738:74)
      at workLoop (client/node_modules/scheduler/cjs/scheduler.development.js:266:34)
      at flushWork (client/node_modules/scheduler/cjs/scheduler.development.js:239:14)
      at performWorkUntilDeadline (client/node_modules/scheduler/cjs/scheduler.development.js:533:21)
      at Timeout.task [as _onTimeout] (node_modules/jsdom/lib/jsdom/browser/Window.js:520:19)

    console.error
      Warning: Encountered two children with the same key, `4`. Keys should be unique so that components maintain their identity across updates. Non-unique keys may cause children to be duplicated and/or omitted — the behavior is unsupported and could change in a future version.
          at div
          at /Users/jaryl/cs4218-2420-ecom-project-team24/client/node_modules/antd/lib/radio/group.js:24:13
          at div
          at div
          at div
          at main
          at div
          at children (/Users/jaryl/cs4218-2420-ecom-project-team24/client/src/components/Layout.js:8:19)
          at HomePage (/Users/jaryl/cs4218-2420-ecom-project-team24/client/src/pages/HomePage.js:15:43)
          at routeContext (/Users/jaryl/cs4218-2420-ecom-project-team24/client/node_modules/react-router/lib/hooks.tsx:640:26)
          at children (/Users/jaryl/cs4218-2420-ecom-project-team24/client/node_modules/react-router/lib/components.tsx:504:3)
          at basenameProp (/Users/jaryl/cs4218-2420-ecom-project-team24/client/node_modules/react-router/lib/components.tsx:413:13)
          at basename (/Users/jaryl/cs4218-2420-ecom-project-team24/client/node_modules/react-router/lib/components.tsx:219:3)

       98 |
       99 | const renderHomePage = () => {
    > 100 |     render(
          |           ^
      101 |         <MemoryRouter initialEntries={["/"]}>
      102 |             <Routes>
      103 |                 <Route path="/" element={<HomePage />} />

      at printWarning (client/node_modules/react-dom/cjs/react-dom.development.js:86:30)
      at error (client/node_modules/react-dom/cjs/react-dom.development.js:60:7)
      at warnOnInvalidKey (client/node_modules/react-dom/cjs/react-dom.development.js:15293:11)
      at reconcileChildrenArray (client/node_modules/react-dom/cjs/react-dom.development.js:15330:21)
      at reconcileChildFibers (client/node_modules/react-dom/cjs/react-dom.development.js:15821:16)
      at reconcileChildren (client/node_modules/react-dom/cjs/react-dom.development.js:19167:28)
      at updateContextProvider (client/node_modules/react-dom/cjs/react-dom.development.js:21154:3)
      at beginWork (client/node_modules/react-dom/cjs/react-dom.development.js:21649:14)
      at beginWork$1 (client/node_modules/react-dom/cjs/react-dom.development.js:27426:14)
      at performUnitOfWork (client/node_modules/react-dom/cjs/react-dom.development.js:26560:12)
      at workLoopSync (client/node_modules/react-dom/cjs/react-dom.development.js:26466:5)
      at renderRootSync (client/node_modules/react-dom/cjs/react-dom.development.js:26434:7)
      at performConcurrentWorkOnRoot (client/node_modules/react-dom/cjs/react-dom.development.js:25738:74)
      at flushActQueue (client/node_modules/react/cjs/react.development.js:2667:24)
      at act (client/node_modules/react/cjs/react.development.js:2582:11)
      at client/node_modules/@testing-library/react/dist/act-compat.js:63:25
      at renderRoot (client/node_modules/@testing-library/react/dist/pure.js:159:26)
      at render (client/node_modules/@testing-library/react/dist/pure.js:246:10)
      at renderHomePage (client/src/pages/HomePage.test.js:100:11)
      at Object.renderHomePage (client/src/pages/HomePage.test.js:407:9)

    console.error
      Warning: Encountered two children with the same key, `4`. Keys should be unique so that components maintain their identity across updates. Non-unique keys may cause children to be duplicated and/or omitted — the behavior is unsupported and could change in a future version.
          at div
          at /Users/jaryl/cs4218-2420-ecom-project-team24/client/node_modules/antd/lib/radio/group.js:24:13
          at div
          at div
          at div
          at main
          at div
          at children (/Users/jaryl/cs4218-2420-ecom-project-team24/client/src/components/Layout.js:8:19)
          at HomePage (/Users/jaryl/cs4218-2420-ecom-project-team24/client/src/pages/HomePage.js:15:43)
          at routeContext (/Users/jaryl/cs4218-2420-ecom-project-team24/client/node_modules/react-router/lib/hooks.tsx:640:26)
          at children (/Users/jaryl/cs4218-2420-ecom-project-team24/client/node_modules/react-router/lib/components.tsx:504:3)
          at basenameProp (/Users/jaryl/cs4218-2420-ecom-project-team24/client/node_modules/react-router/lib/components.tsx:413:13)
          at basename (/Users/jaryl/cs4218-2420-ecom-project-team24/client/node_modules/react-router/lib/components.tsx:219:3)

       98 |
       99 | const renderHomePage = () => {
    > 100 |     render(
          |           ^
      101 |         <MemoryRouter initialEntries={["/"]}>
      102 |             <Routes>
      103 |                 <Route path="/" element={<HomePage />} />

      at printWarning (client/node_modules/react-dom/cjs/react-dom.development.js:86:30)
      at error (client/node_modules/react-dom/cjs/react-dom.development.js:60:7)
      at warnOnInvalidKey (client/node_modules/react-dom/cjs/react-dom.development.js:15293:11)
      at reconcileChildrenArray (client/node_modules/react-dom/cjs/react-dom.development.js:15330:21)
      at reconcileChildFibers (client/node_modules/react-dom/cjs/react-dom.development.js:15821:16)
      at reconcileChildren (client/node_modules/react-dom/cjs/react-dom.development.js:19174:28)
      at updateContextProvider (client/node_modules/react-dom/cjs/react-dom.development.js:21154:3)
      at beginWork (client/node_modules/react-dom/cjs/react-dom.development.js:21649:14)
      at beginWork$1 (client/node_modules/react-dom/cjs/react-dom.development.js:27426:14)
      at performUnitOfWork (client/node_modules/react-dom/cjs/react-dom.development.js:26560:12)
      at workLoopSync (client/node_modules/react-dom/cjs/react-dom.development.js:26466:5)
      at renderRootSync (client/node_modules/react-dom/cjs/react-dom.development.js:26434:7)
      at performConcurrentWorkOnRoot (client/node_modules/react-dom/cjs/react-dom.development.js:25738:74)
      at flushActQueue (client/node_modules/react/cjs/react.development.js:2667:24)
      at act (client/node_modules/react/cjs/react.development.js:2582:11)
      at client/node_modules/@testing-library/react/dist/act-compat.js:63:25
      at renderRoot (client/node_modules/@testing-library/react/dist/pure.js:159:26)
      at render (client/node_modules/@testing-library/react/dist/pure.js:246:10)
      at renderHomePage (client/src/pages/HomePage.test.js:100:11)
      at Object.renderHomePage (client/src/pages/HomePage.test.js:407:9)

    console.error
      Warning: Encountered two children with the same key, `4`. Keys should be unique so that components maintain their identity across updates. Non-unique keys may cause children to be duplicated and/or omitted — the behavior is unsupported and could change in a future version.
          at div
          at /Users/jaryl/cs4218-2420-ecom-project-team24/client/node_modules/antd/lib/radio/group.js:24:13
          at div
          at div
          at div
          at main
          at div
          at children (/Users/jaryl/cs4218-2420-ecom-project-team24/client/src/components/Layout.js:8:19)
          at HomePage (/Users/jaryl/cs4218-2420-ecom-project-team24/client/src/pages/HomePage.js:15:43)
          at routeContext (/Users/jaryl/cs4218-2420-ecom-project-team24/client/node_modules/react-router/lib/hooks.tsx:640:26)
          at children (/Users/jaryl/cs4218-2420-ecom-project-team24/client/node_modules/react-router/lib/components.tsx:504:3)
          at basenameProp (/Users/jaryl/cs4218-2420-ecom-project-team24/client/node_modules/react-router/lib/components.tsx:413:13)
          at basename (/Users/jaryl/cs4218-2420-ecom-project-team24/client/node_modules/react-router/lib/components.tsx:219:3)

      at printWarning (client/node_modules/react-dom/cjs/react-dom.development.js:86:30)
      at error (client/node_modules/react-dom/cjs/react-dom.development.js:60:7)
      at warnOnInvalidKey (client/node_modules/react-dom/cjs/react-dom.development.js:15293:11)
      at reconcileChildrenArray (client/node_modules/react-dom/cjs/react-dom.development.js:15330:21)
      at reconcileChildFibers (client/node_modules/react-dom/cjs/react-dom.development.js:15821:16)
      at reconcileChildren (client/node_modules/react-dom/cjs/react-dom.development.js:19174:28)
      at updateContextProvider (client/node_modules/react-dom/cjs/react-dom.development.js:21154:3)
      at beginWork (client/node_modules/react-dom/cjs/react-dom.development.js:21649:14)
      at beginWork$1 (client/node_modules/react-dom/cjs/react-dom.development.js:27426:14)
      at performUnitOfWork (client/node_modules/react-dom/cjs/react-dom.development.js:26560:12)
      at workLoopSync (client/node_modules/react-dom/cjs/react-dom.development.js:26466:5)
      at renderRootSync (client/node_modules/react-dom/cjs/react-dom.development.js:26434:7)
      at performConcurrentWorkOnRoot (client/node_modules/react-dom/cjs/react-dom.development.js:25738:74)
      at workLoop (client/node_modules/scheduler/cjs/scheduler.development.js:266:34)
      at flushWork (client/node_modules/scheduler/cjs/scheduler.development.js:239:14)
      at performWorkUntilDeadline (client/node_modules/scheduler/cjs/scheduler.development.js:533:21)
      at Timeout.task [as _onTimeout] (node_modules/jsdom/lib/jsdom/browser/Window.js:520:19)

    console.error
      Warning: Encountered two children with the same key, `4`. Keys should be unique so that components maintain their identity across updates. Non-unique keys may cause children to be duplicated and/or omitted — the behavior is unsupported and could change in a future version.
          at div
          at /Users/jaryl/cs4218-2420-ecom-project-team24/client/node_modules/antd/lib/radio/group.js:24:13
          at div
          at div
          at div
          at main
          at div
          at children (/Users/jaryl/cs4218-2420-ecom-project-team24/client/src/components/Layout.js:8:19)
          at HomePage (/Users/jaryl/cs4218-2420-ecom-project-team24/client/src/pages/HomePage.js:15:43)
          at routeContext (/Users/jaryl/cs4218-2420-ecom-project-team24/client/node_modules/react-router/lib/hooks.tsx:640:26)
          at children (/Users/jaryl/cs4218-2420-ecom-project-team24/client/node_modules/react-router/lib/components.tsx:504:3)
          at basenameProp (/Users/jaryl/cs4218-2420-ecom-project-team24/client/node_modules/react-router/lib/components.tsx:413:13)
          at basename (/Users/jaryl/cs4218-2420-ecom-project-team24/client/node_modules/react-router/lib/components.tsx:219:3)

      409 |         axios.get.mockImplementation((url) => mockErrorResponse(url)); 
      410 |         await screen.findByText("Loadmore");
    > 411 |         fireEvent.click(screen.getByText("Loadmore"));
          |                   ^
      412 |         
      413 |         await waitFor(() => {
      414 |             expect(axios.get).toHaveBeenCalledWith('/api/v1/product/product-list/2');

      at printWarning (client/node_modules/react-dom/cjs/react-dom.development.js:86:30)
      at error (client/node_modules/react-dom/cjs/react-dom.development.js:60:7)
      at warnOnInvalidKey (client/node_modules/react-dom/cjs/react-dom.development.js:15293:11)
      at reconcileChildrenArray (client/node_modules/react-dom/cjs/react-dom.development.js:15330:21)
      at reconcileChildFibers (client/node_modules/react-dom/cjs/react-dom.development.js:15821:16)
      at reconcileChildren (client/node_modules/react-dom/cjs/react-dom.development.js:19174:28)
      at updateContextProvider (client/node_modules/react-dom/cjs/react-dom.development.js:21154:3)
      at beginWork (client/node_modules/react-dom/cjs/react-dom.development.js:21649:14)
      at beginWork$1 (client/node_modules/react-dom/cjs/react-dom.development.js:27426:14)
      at performUnitOfWork (client/node_modules/react-dom/cjs/react-dom.development.js:26560:12)
      at workLoopSync (client/node_modules/react-dom/cjs/react-dom.development.js:26466:5)
      at renderRootSync (client/node_modules/react-dom/cjs/react-dom.development.js:26434:7)
      at performSyncWorkOnRoot (client/node_modules/react-dom/cjs/react-dom.development.js:26085:20)
      at flushSyncCallbacks (client/node_modules/react-dom/cjs/react-dom.development.js:12042:22)
      at flushActQueue (client/node_modules/react/cjs/react.development.js:2667:24)
      at act (client/node_modules/react/cjs/react.development.js:2582:11)
      at client/node_modules/@testing-library/react/dist/act-compat.js:63:25
      at Object.eventWrapper (client/node_modules/@testing-library/react/dist/pure.js:78:28)
      at fireEvent (client/node_modules/@testing-library/react/node_modules/@testing-library/dom/dist/events.js:12:35)
      at Function.fireEvent.<computed> [as click] (client/node_modules/@testing-library/react/node_modules/@testing-library/dom/dist/events.js:110:36)
      at Function.fireEvent.<computed> [as click] (client/node_modules/@testing-library/react/dist/fire-event.js:18:52)
      at Object.click (client/src/pages/HomePage.test.js:411:19)

    console.error
      Warning: Encountered two children with the same key, `4`. Keys should be unique so that components maintain their identity across updates. Non-unique keys may cause children to be duplicated and/or omitted — the behavior is unsupported and could change in a future version.
          at div
          at /Users/jaryl/cs4218-2420-ecom-project-team24/client/node_modules/antd/lib/radio/group.js:24:13
          at div
          at div
          at div
          at main
          at div
          at children (/Users/jaryl/cs4218-2420-ecom-project-team24/client/src/components/Layout.js:8:19)
          at HomePage (/Users/jaryl/cs4218-2420-ecom-project-team24/client/src/pages/HomePage.js:15:43)
          at routeContext (/Users/jaryl/cs4218-2420-ecom-project-team24/client/node_modules/react-router/lib/hooks.tsx:640:26)
          at children (/Users/jaryl/cs4218-2420-ecom-project-team24/client/node_modules/react-router/lib/components.tsx:504:3)
          at basenameProp (/Users/jaryl/cs4218-2420-ecom-project-team24/client/node_modules/react-router/lib/components.tsx:413:13)
          at basename (/Users/jaryl/cs4218-2420-ecom-project-team24/client/node_modules/react-router/lib/components.tsx:219:3)

      409 |         axios.get.mockImplementation((url) => mockErrorResponse(url)); 
      410 |         await screen.findByText("Loadmore");
    > 411 |         fireEvent.click(screen.getByText("Loadmore"));
          |                   ^
      412 |         
      413 |         await waitFor(() => {
      414 |             expect(axios.get).toHaveBeenCalledWith('/api/v1/product/product-list/2');

      at printWarning (client/node_modules/react-dom/cjs/react-dom.development.js:86:30)
      at error (client/node_modules/react-dom/cjs/react-dom.development.js:60:7)
      at warnOnInvalidKey (client/node_modules/react-dom/cjs/react-dom.development.js:15293:11)
      at reconcileChildrenArray (client/node_modules/react-dom/cjs/react-dom.development.js:15330:21)
      at reconcileChildFibers (client/node_modules/react-dom/cjs/react-dom.development.js:15821:16)
      at reconcileChildren (client/node_modules/react-dom/cjs/react-dom.development.js:19174:28)
      at updateContextProvider (client/node_modules/react-dom/cjs/react-dom.development.js:21154:3)
      at beginWork (client/node_modules/react-dom/cjs/react-dom.development.js:21649:14)
      at beginWork$1 (client/node_modules/react-dom/cjs/react-dom.development.js:27426:14)
      at performUnitOfWork (client/node_modules/react-dom/cjs/react-dom.development.js:26560:12)
      at workLoopSync (client/node_modules/react-dom/cjs/react-dom.development.js:26466:5)
      at renderRootSync (client/node_modules/react-dom/cjs/react-dom.development.js:26434:7)
      at performConcurrentWorkOnRoot (client/node_modules/react-dom/cjs/react-dom.development.js:25738:74)
      at flushActQueue (client/node_modules/react/cjs/react.development.js:2667:24)
      at act (client/node_modules/react/cjs/react.development.js:2582:11)
      at client/node_modules/@testing-library/react/dist/act-compat.js:63:25
      at Object.eventWrapper (client/node_modules/@testing-library/react/dist/pure.js:78:28)
      at fireEvent (client/node_modules/@testing-library/react/node_modules/@testing-library/dom/dist/events.js:12:35)
      at Function.fireEvent.<computed> [as click] (client/node_modules/@testing-library/react/node_modules/@testing-library/dom/dist/events.js:110:36)
      at Function.fireEvent.<computed> [as click] (client/node_modules/@testing-library/react/dist/fire-event.js:18:52)
      at Object.click (client/src/pages/HomePage.test.js:411:19)

    console.error
      Warning: Encountered two children with the same key, `4`. Keys should be unique so that components maintain their identity across updates. Non-unique keys may cause children to be duplicated and/or omitted — the behavior is unsupported and could change in a future version.
          at div
          at /Users/jaryl/cs4218-2420-ecom-project-team24/client/node_modules/antd/lib/radio/group.js:24:13
          at div
          at div
          at div
          at main
          at div
          at children (/Users/jaryl/cs4218-2420-ecom-project-team24/client/src/components/Layout.js:8:19)
          at HomePage (/Users/jaryl/cs4218-2420-ecom-project-team24/client/src/pages/HomePage.js:15:43)
          at routeContext (/Users/jaryl/cs4218-2420-ecom-project-team24/client/node_modules/react-router/lib/hooks.tsx:640:26)
          at children (/Users/jaryl/cs4218-2420-ecom-project-team24/client/node_modules/react-router/lib/components.tsx:504:3)
          at basenameProp (/Users/jaryl/cs4218-2420-ecom-project-team24/client/node_modules/react-router/lib/components.tsx:413:13)
          at basename (/Users/jaryl/cs4218-2420-ecom-project-team24/client/node_modules/react-router/lib/components.tsx:219:3)

       98 |
       99 | const renderHomePage = () => {
    > 100 |     render(
          |           ^
      101 |         <MemoryRouter initialEntries={["/"]}>
      102 |             <Routes>
      103 |                 <Route path="/" element={<HomePage />} />

      at printWarning (client/node_modules/react-dom/cjs/react-dom.development.js:86:30)
      at error (client/node_modules/react-dom/cjs/react-dom.development.js:60:7)
      at warnOnInvalidKey (client/node_modules/react-dom/cjs/react-dom.development.js:15293:11)
      at reconcileChildrenArray (client/node_modules/react-dom/cjs/react-dom.development.js:15330:21)
      at reconcileChildFibers (client/node_modules/react-dom/cjs/react-dom.development.js:15821:16)
      at reconcileChildren (client/node_modules/react-dom/cjs/react-dom.development.js:19167:28)
      at updateContextProvider (client/node_modules/react-dom/cjs/react-dom.development.js:21154:3)
      at beginWork (client/node_modules/react-dom/cjs/react-dom.development.js:21649:14)
      at beginWork$1 (client/node_modules/react-dom/cjs/react-dom.development.js:27426:14)
      at performUnitOfWork (client/node_modules/react-dom/cjs/react-dom.development.js:26560:12)
      at workLoopSync (client/node_modules/react-dom/cjs/react-dom.development.js:26466:5)
      at renderRootSync (client/node_modules/react-dom/cjs/react-dom.development.js:26434:7)
      at performConcurrentWorkOnRoot (client/node_modules/react-dom/cjs/react-dom.development.js:25738:74)
      at flushActQueue (client/node_modules/react/cjs/react.development.js:2667:24)
      at act (client/node_modules/react/cjs/react.development.js:2582:11)
      at client/node_modules/@testing-library/react/dist/act-compat.js:63:25
      at renderRoot (client/node_modules/@testing-library/react/dist/pure.js:159:26)
      at render (client/node_modules/@testing-library/react/dist/pure.js:246:10)
      at renderHomePage (client/src/pages/HomePage.test.js:100:11)
      at Object.renderHomePage (client/src/pages/HomePage.test.js:422:9)

    console.error
      Warning: Encountered two children with the same key, `4`. Keys should be unique so that components maintain their identity across updates. Non-unique keys may cause children to be duplicated and/or omitted — the behavior is unsupported and could change in a future version.
          at div
          at /Users/jaryl/cs4218-2420-ecom-project-team24/client/node_modules/antd/lib/radio/group.js:24:13
          at div
          at div
          at div
          at main
          at div
          at children (/Users/jaryl/cs4218-2420-ecom-project-team24/client/src/components/Layout.js:8:19)
          at HomePage (/Users/jaryl/cs4218-2420-ecom-project-team24/client/src/pages/HomePage.js:15:43)
          at routeContext (/Users/jaryl/cs4218-2420-ecom-project-team24/client/node_modules/react-router/lib/hooks.tsx:640:26)
          at children (/Users/jaryl/cs4218-2420-ecom-project-team24/client/node_modules/react-router/lib/components.tsx:504:3)
          at basenameProp (/Users/jaryl/cs4218-2420-ecom-project-team24/client/node_modules/react-router/lib/components.tsx:413:13)
          at basename (/Users/jaryl/cs4218-2420-ecom-project-team24/client/node_modules/react-router/lib/components.tsx:219:3)

       98 |
       99 | const renderHomePage = () => {
    > 100 |     render(
          |           ^
      101 |         <MemoryRouter initialEntries={["/"]}>
      102 |             <Routes>
      103 |                 <Route path="/" element={<HomePage />} />

      at printWarning (client/node_modules/react-dom/cjs/react-dom.development.js:86:30)
      at error (client/node_modules/react-dom/cjs/react-dom.development.js:60:7)
      at warnOnInvalidKey (client/node_modules/react-dom/cjs/react-dom.development.js:15293:11)
      at reconcileChildrenArray (client/node_modules/react-dom/cjs/react-dom.development.js:15330:21)
      at reconcileChildFibers (client/node_modules/react-dom/cjs/react-dom.development.js:15821:16)
      at reconcileChildren (client/node_modules/react-dom/cjs/react-dom.development.js:19174:28)
      at updateContextProvider (client/node_modules/react-dom/cjs/react-dom.development.js:21154:3)
      at beginWork (client/node_modules/react-dom/cjs/react-dom.development.js:21649:14)
      at beginWork$1 (client/node_modules/react-dom/cjs/react-dom.development.js:27426:14)
      at performUnitOfWork (client/node_modules/react-dom/cjs/react-dom.development.js:26560:12)
      at workLoopSync (client/node_modules/react-dom/cjs/react-dom.development.js:26466:5)
      at renderRootSync (client/node_modules/react-dom/cjs/react-dom.development.js:26434:7)
      at performConcurrentWorkOnRoot (client/node_modules/react-dom/cjs/react-dom.development.js:25738:74)
      at flushActQueue (client/node_modules/react/cjs/react.development.js:2667:24)
      at act (client/node_modules/react/cjs/react.development.js:2582:11)
      at client/node_modules/@testing-library/react/dist/act-compat.js:63:25
      at renderRoot (client/node_modules/@testing-library/react/dist/pure.js:159:26)
      at render (client/node_modules/@testing-library/react/dist/pure.js:246:10)
      at renderHomePage (client/src/pages/HomePage.test.js:100:11)
      at Object.renderHomePage (client/src/pages/HomePage.test.js:422:9)

    console.error
      Warning: Encountered two children with the same key, `4`. Keys should be unique so that components maintain their identity across updates. Non-unique keys may cause children to be duplicated and/or omitted — the behavior is unsupported and could change in a future version.
          at div
          at /Users/jaryl/cs4218-2420-ecom-project-team24/client/node_modules/antd/lib/radio/group.js:24:13
          at div
          at div
          at div
          at main
          at div
          at children (/Users/jaryl/cs4218-2420-ecom-project-team24/client/src/components/Layout.js:8:19)
          at HomePage (/Users/jaryl/cs4218-2420-ecom-project-team24/client/src/pages/HomePage.js:15:43)
          at routeContext (/Users/jaryl/cs4218-2420-ecom-project-team24/client/node_modules/react-router/lib/hooks.tsx:640:26)
          at children (/Users/jaryl/cs4218-2420-ecom-project-team24/client/node_modules/react-router/lib/components.tsx:504:3)
          at basenameProp (/Users/jaryl/cs4218-2420-ecom-project-team24/client/node_modules/react-router/lib/components.tsx:413:13)
          at basename (/Users/jaryl/cs4218-2420-ecom-project-team24/client/node_modules/react-router/lib/components.tsx:219:3)

      422 |         renderHomePage();
      423 |
    > 424 |         fireEvent.click(screen.getByText(Prices[0].name));
          |                   ^
      425 |         await waitFor(() => {
      426 |             expect(axios.post).toHaveBeenCalledWith('/api/v1/product/product-filters',
      427 |                 {

      at printWarning (client/node_modules/react-dom/cjs/react-dom.development.js:86:30)
      at error (client/node_modules/react-dom/cjs/react-dom.development.js:60:7)
      at warnOnInvalidKey (client/node_modules/react-dom/cjs/react-dom.development.js:15293:11)
      at reconcileChildrenArray (client/node_modules/react-dom/cjs/react-dom.development.js:15330:21)
      at reconcileChildFibers (client/node_modules/react-dom/cjs/react-dom.development.js:15821:16)
      at reconcileChildren (client/node_modules/react-dom/cjs/react-dom.development.js:19174:28)
      at updateContextProvider (client/node_modules/react-dom/cjs/react-dom.development.js:21154:3)
      at beginWork (client/node_modules/react-dom/cjs/react-dom.development.js:21649:14)
      at beginWork$1 (client/node_modules/react-dom/cjs/react-dom.development.js:27426:14)
      at performUnitOfWork (client/node_modules/react-dom/cjs/react-dom.development.js:26560:12)
      at workLoopSync (client/node_modules/react-dom/cjs/react-dom.development.js:26466:5)
      at renderRootSync (client/node_modules/react-dom/cjs/react-dom.development.js:26434:7)
      at performSyncWorkOnRoot (client/node_modules/react-dom/cjs/react-dom.development.js:26085:20)
      at flushSyncCallbacks (client/node_modules/react-dom/cjs/react-dom.development.js:12042:22)
      at flushSync (client/node_modules/react-dom/cjs/react-dom.development.js:26201:7)
      at finishEventHandler (client/node_modules/react-dom/cjs/react-dom.development.js:3976:5)
      at batchedUpdates (client/node_modules/react-dom/cjs/react-dom.development.js:3994:5)
      at dispatchEventForPluginEventSystem (client/node_modules/react-dom/cjs/react-dom.development.js:9287:3)
      at dispatchEventWithEnableCapturePhaseSelectiveHydrationWithoutDiscreteEventReplay (client/node_modules/react-dom/cjs/react-dom.development.js:6465:5)
      at dispatchEvent (client/node_modules/react-dom/cjs/react-dom.development.js:6457:5)
      at dispatchDiscreteEvent (client/node_modules/react-dom/cjs/react-dom.development.js:6430:5)
      at HTMLDivElement.callTheUserObjectsOperation (node_modules/jsdom/lib/jsdom/living/generated/EventListener.js:26:30)
      at innerInvokeEventListeners (node_modules/jsdom/lib/jsdom/living/events/EventTarget-impl.js:350:25)
      at invokeEventListeners (node_modules/jsdom/lib/jsdom/living/events/EventTarget-impl.js:286:3)
      at HTMLInputElementImpl._dispatch (node_modules/jsdom/lib/jsdom/living/events/EventTarget-impl.js:233:9)
      at fireAnEvent (node_modules/jsdom/lib/jsdom/living/helpers/events.js:18:36)
      at sendClickToAssociatedNode (node_modules/jsdom/lib/jsdom/living/nodes/HTMLLabelElement-impl.js:12:3)
      at HTMLLabelElementImpl._activationBehavior (node_modules/jsdom/lib/jsdom/living/nodes/HTMLLabelElement-impl.js:87:7)
      at HTMLSpanElementImpl._dispatch (node_modules/jsdom/lib/jsdom/living/events/EventTarget-impl.js:252:26)
      at HTMLSpanElementImpl.dispatchEvent (node_modules/jsdom/lib/jsdom/living/events/EventTarget-impl.js:104:17)
      at HTMLSpanElement.dispatchEvent (node_modules/jsdom/lib/jsdom/living/generated/EventTarget.js:241:34)
      at client/node_modules/@testing-library/react/node_modules/@testing-library/dom/dist/events.js:19:20
      at client/node_modules/@testing-library/react/dist/pure.js:79:16
      at client/node_modules/@testing-library/react/dist/act-compat.js:64:24
      at act (client/node_modules/react/cjs/react.development.js:2512:16)
      at client/node_modules/@testing-library/react/dist/act-compat.js:63:25
      at Object.eventWrapper (client/node_modules/@testing-library/react/dist/pure.js:78:28)
      at fireEvent (client/node_modules/@testing-library/react/node_modules/@testing-library/dom/dist/events.js:12:35)
      at Function.fireEvent.<computed> [as click] (client/node_modules/@testing-library/react/node_modules/@testing-library/dom/dist/events.js:110:36)
      at Function.fireEvent.<computed> [as click] (client/node_modules/@testing-library/react/dist/fire-event.js:18:52)
      at Object.click (client/src/pages/HomePage.test.js:424:19)

    console.error
      Warning: Encountered two children with the same key, `4`. Keys should be unique so that components maintain their identity across updates. Non-unique keys may cause children to be duplicated and/or omitted — the behavior is unsupported and could change in a future version.
          at div
          at /Users/jaryl/cs4218-2420-ecom-project-team24/client/node_modules/antd/lib/radio/group.js:24:13
          at div
          at div
          at div
          at main
          at div
          at children (/Users/jaryl/cs4218-2420-ecom-project-team24/client/src/components/Layout.js:8:19)
          at HomePage (/Users/jaryl/cs4218-2420-ecom-project-team24/client/src/pages/HomePage.js:15:43)
          at routeContext (/Users/jaryl/cs4218-2420-ecom-project-team24/client/node_modules/react-router/lib/hooks.tsx:640:26)
          at children (/Users/jaryl/cs4218-2420-ecom-project-team24/client/node_modules/react-router/lib/components.tsx:504:3)
          at basenameProp (/Users/jaryl/cs4218-2420-ecom-project-team24/client/node_modules/react-router/lib/components.tsx:413:13)
          at basename (/Users/jaryl/cs4218-2420-ecom-project-team24/client/node_modules/react-router/lib/components.tsx:219:3)

      at printWarning (client/node_modules/react-dom/cjs/react-dom.development.js:86:30)
      at error (client/node_modules/react-dom/cjs/react-dom.development.js:60:7)
      at warnOnInvalidKey (client/node_modules/react-dom/cjs/react-dom.development.js:15293:11)
      at reconcileChildrenArray (client/node_modules/react-dom/cjs/react-dom.development.js:15330:21)
      at reconcileChildFibers (client/node_modules/react-dom/cjs/react-dom.development.js:15821:16)
      at reconcileChildren (client/node_modules/react-dom/cjs/react-dom.development.js:19174:28)
      at updateContextProvider (client/node_modules/react-dom/cjs/react-dom.development.js:21154:3)
      at beginWork (client/node_modules/react-dom/cjs/react-dom.development.js:21649:14)
      at beginWork$1 (client/node_modules/react-dom/cjs/react-dom.development.js:27426:14)
      at performUnitOfWork (client/node_modules/react-dom/cjs/react-dom.development.js:26560:12)
      at workLoopSync (client/node_modules/react-dom/cjs/react-dom.development.js:26466:5)
      at renderRootSync (client/node_modules/react-dom/cjs/react-dom.development.js:26434:7)
      at performConcurrentWorkOnRoot (client/node_modules/react-dom/cjs/react-dom.development.js:25738:74)
      at workLoop (client/node_modules/scheduler/cjs/scheduler.development.js:266:34)
      at flushWork (client/node_modules/scheduler/cjs/scheduler.development.js:239:14)
      at performWorkUntilDeadline (client/node_modules/scheduler/cjs/scheduler.development.js:533:21)
      at Timeout.task [as _onTimeout] (node_modules/jsdom/lib/jsdom/browser/Window.js:520:19)

--------------------|---------|----------|---------|---------|-------------------
File                | % Stmts | % Branch | % Funcs | % Lines | Uncovered Line #s 
--------------------|---------|----------|---------|---------|-------------------
All files           |    65.7 |    67.39 |   67.14 |   65.81 |                   
 components/Form    |   53.33 |      100 |      60 |   53.33 |                   
  CategoryForm.js   |     100 |      100 |     100 |     100 |                   
  SearchInput.js    |   41.66 |      100 |   33.33 |   41.66 | 10-18,30          
 pages/Auth         |   95.91 |    91.66 |   92.85 |   95.91 |                   
  Login.js          |    90.9 |     87.5 |      80 |    90.9 | 44,85             
  Register.js       |     100 |      100 |     100 |     100 |                   
 pages/admin        |   59.62 |    58.82 |   60.78 |   59.71 |                   
  AdminDashboard.js |     100 |      100 |     100 |     100 |                   
  AdminOrders.js    |     100 |      100 |     100 |     100 |                   
  CreateCategory.js |     100 |      100 |     100 |     100 |                   
  CreateProduct.js  |     100 |      100 |     100 |     100 |                   
  Products.js       |       0 |      100 |       0 |       0 | 7-35              
  UpdateProduct.js  |       0 |        0 |       0 |       0 | 8-209             
  Users.js          |       0 |      100 |       0 |       0 | 5-6               
--------------------|---------|----------|---------|---------|-------------------

Test Suites: 17 passed, 17 total
Tests:       108 passed, 108 total
Snapshots:   0 total
Time:        3.814 s
Ran all test suites.
